Archive member included to satisfy reference by file (symbol)

C:/ST/STM32CubeIDE_1.15.1/STM32CubeIDE/plugins/com.st.stm32cube.ide.mcu.externaltools.gnu-tools-for-stm32.12.3.rel1.win32_1.0.100.202403111256/tools/bin/../lib/gcc/arm-none-eabi/12.3.1/../../../../arm-none-eabi/lib/thumb/v7e-m+fp/hard\libc_nano.a(libc_a-exit.o)
                              C:/ST/STM32CubeIDE_1.15.1/STM32CubeIDE/plugins/com.st.stm32cube.ide.mcu.externaltools.gnu-tools-for-stm32.12.3.rel1.win32_1.0.100.202403111256/tools/bin/../lib/gcc/arm-none-eabi/12.3.1/../../../../arm-none-eabi/lib/thumb/v7e-m+fp/hard/crt0.o (exit)
C:/ST/STM32CubeIDE_1.15.1/STM32CubeIDE/plugins/com.st.stm32cube.ide.mcu.externaltools.gnu-tools-for-stm32.12.3.rel1.win32_1.0.100.202403111256/tools/bin/../lib/gcc/arm-none-eabi/12.3.1/../../../../arm-none-eabi/lib/thumb/v7e-m+fp/hard\libc_nano.a(libc_a-findfp.o)
                              C:/ST/STM32CubeIDE_1.15.1/STM32CubeIDE/plugins/com.st.stm32cube.ide.mcu.externaltools.gnu-tools-for-stm32.12.3.rel1.win32_1.0.100.202403111256/tools/bin/../lib/gcc/arm-none-eabi/12.3.1/../../../../arm-none-eabi/lib/thumb/v7e-m+fp/hard\libc_nano.a(libc_a-exit.o) (__stdio_exit_handler)
C:/ST/STM32CubeIDE_1.15.1/STM32CubeIDE/plugins/com.st.stm32cube.ide.mcu.externaltools.gnu-tools-for-stm32.12.3.rel1.win32_1.0.100.202403111256/tools/bin/../lib/gcc/arm-none-eabi/12.3.1/../../../../arm-none-eabi/lib/thumb/v7e-m+fp/hard\libc_nano.a(libc_a-fwalk.o)
                              C:/ST/STM32CubeIDE_1.15.1/STM32CubeIDE/plugins/com.st.stm32cube.ide.mcu.externaltools.gnu-tools-for-stm32.12.3.rel1.win32_1.0.100.202403111256/tools/bin/../lib/gcc/arm-none-eabi/12.3.1/../../../../arm-none-eabi/lib/thumb/v7e-m+fp/hard\libc_nano.a(libc_a-findfp.o) (_fwalk_sglue)
C:/ST/STM32CubeIDE_1.15.1/STM32CubeIDE/plugins/com.st.stm32cube.ide.mcu.externaltools.gnu-tools-for-stm32.12.3.rel1.win32_1.0.100.202403111256/tools/bin/../lib/gcc/arm-none-eabi/12.3.1/../../../../arm-none-eabi/lib/thumb/v7e-m+fp/hard\libc_nano.a(libc_a-sprintf.o)
                              ./Core/Src/test.o (sprintf)
C:/ST/STM32CubeIDE_1.15.1/STM32CubeIDE/plugins/com.st.stm32cube.ide.mcu.externaltools.gnu-tools-for-stm32.12.3.rel1.win32_1.0.100.202403111256/tools/bin/../lib/gcc/arm-none-eabi/12.3.1/../../../../arm-none-eabi/lib/thumb/v7e-m+fp/hard\libc_nano.a(libc_a-stdio.o)
                              C:/ST/STM32CubeIDE_1.15.1/STM32CubeIDE/plugins/com.st.stm32cube.ide.mcu.externaltools.gnu-tools-for-stm32.12.3.rel1.win32_1.0.100.202403111256/tools/bin/../lib/gcc/arm-none-eabi/12.3.1/../../../../arm-none-eabi/lib/thumb/v7e-m+fp/hard\libc_nano.a(libc_a-findfp.o) (__sread)
C:/ST/STM32CubeIDE_1.15.1/STM32CubeIDE/plugins/com.st.stm32cube.ide.mcu.externaltools.gnu-tools-for-stm32.12.3.rel1.win32_1.0.100.202403111256/tools/bin/../lib/gcc/arm-none-eabi/12.3.1/../../../../arm-none-eabi/lib/thumb/v7e-m+fp/hard\libc_nano.a(libc_a-memset.o)
                              C:/ST/STM32CubeIDE_1.15.1/STM32CubeIDE/plugins/com.st.stm32cube.ide.mcu.externaltools.gnu-tools-for-stm32.12.3.rel1.win32_1.0.100.202403111256/tools/bin/../lib/gcc/arm-none-eabi/12.3.1/../../../../arm-none-eabi/lib/thumb/v7e-m+fp/hard/crt0.o (memset)
C:/ST/STM32CubeIDE_1.15.1/STM32CubeIDE/plugins/com.st.stm32cube.ide.mcu.externaltools.gnu-tools-for-stm32.12.3.rel1.win32_1.0.100.202403111256/tools/bin/../lib/gcc/arm-none-eabi/12.3.1/../../../../arm-none-eabi/lib/thumb/v7e-m+fp/hard\libc_nano.a(libc_a-closer.o)
                              C:/ST/STM32CubeIDE_1.15.1/STM32CubeIDE/plugins/com.st.stm32cube.ide.mcu.externaltools.gnu-tools-for-stm32.12.3.rel1.win32_1.0.100.202403111256/tools/bin/../lib/gcc/arm-none-eabi/12.3.1/../../../../arm-none-eabi/lib/thumb/v7e-m+fp/hard\libc_nano.a(libc_a-stdio.o) (_close_r)
C:/ST/STM32CubeIDE_1.15.1/STM32CubeIDE/plugins/com.st.stm32cube.ide.mcu.externaltools.gnu-tools-for-stm32.12.3.rel1.win32_1.0.100.202403111256/tools/bin/../lib/gcc/arm-none-eabi/12.3.1/../../../../arm-none-eabi/lib/thumb/v7e-m+fp/hard\libc_nano.a(libc_a-reent.o)
                              C:/ST/STM32CubeIDE_1.15.1/STM32CubeIDE/plugins/com.st.stm32cube.ide.mcu.externaltools.gnu-tools-for-stm32.12.3.rel1.win32_1.0.100.202403111256/tools/bin/../lib/gcc/arm-none-eabi/12.3.1/../../../../arm-none-eabi/lib/thumb/v7e-m+fp/hard\libc_nano.a(libc_a-closer.o) (errno)
C:/ST/STM32CubeIDE_1.15.1/STM32CubeIDE/plugins/com.st.stm32cube.ide.mcu.externaltools.gnu-tools-for-stm32.12.3.rel1.win32_1.0.100.202403111256/tools/bin/../lib/gcc/arm-none-eabi/12.3.1/../../../../arm-none-eabi/lib/thumb/v7e-m+fp/hard\libc_nano.a(libc_a-impure.o)
                              C:/ST/STM32CubeIDE_1.15.1/STM32CubeIDE/plugins/com.st.stm32cube.ide.mcu.externaltools.gnu-tools-for-stm32.12.3.rel1.win32_1.0.100.202403111256/tools/bin/../lib/gcc/arm-none-eabi/12.3.1/../../../../arm-none-eabi/lib/thumb/v7e-m+fp/hard\libc_nano.a(libc_a-sprintf.o) (_impure_ptr)
[...]
Memory Configuration

Name             Origin             Length             Attributes
CCMRAM           0x10000000         0x00010000         xrw
RAM              0x20000000         0x00020000         xrw
FLASH            0x08000000         0x00080000         xr
*default*        0x00000000         0xffffffff

Linker script and memory map

LOAD C:/ST/STM32CubeIDE_1.15.1/STM32CubeIDE/plugins/com.st.stm32cube.ide.mcu.externaltools.gnu-tools-for-stm32.12.3.rel1.win32_1.0.100.202403111256/tools/bin/../lib/gcc/arm-none-eabi/12.3.1/thumb/v7e-m+fp/hard/crti.o
LOAD C:/ST/STM32CubeIDE_1.15.1/STM32CubeIDE/plugins/com.st.stm32cube.ide.mcu.externaltools.gnu-tools-for-stm32.12.3.rel1.win32_1.0.100.202403111256/tools/bin/../lib/gcc/arm-none-eabi/12.3.1/thumb/v7e-m+fp/hard/crtbegin.o
LOAD C:/ST/STM32CubeIDE_1.15.1/STM32CubeIDE/plugins/com.st.stm32cube.ide.mcu.externaltools.gnu-tools-for-stm32.12.3.rel1.win32_1.0.100.202403111256/tools/bin/../lib/gcc/arm-none-eabi/12.3.1/../../../../arm-none-eabi/lib/thumb/v7e-m+fp/hard/crt0.o
LOAD ./Core/Src/fsmc.o
LOAD ./Core/Src/gpio.o
LOAD ./Core/Src/gui.o
LOAD ./Core/Src/lcd.o
LOAD ./Core/Src/main.o
LOAD ./Core/Src/stm32f4xx_hal_msp.o
LOAD ./Core/Src/stm32f4xx_it.o
LOAD ./Core/Src/syscalls.o
LOAD ./Core/Src/sysmem.o
LOAD ./Core/Src/system_stm32f4xx.o
LOAD ./Core/Src/test.o
LOAD ./Core/Src/tim.o
LOAD ./Core/Startup/startup_stm32f407vetx.o
LOAD ./Drivers/STM32F4xx_HAL_Driver/Src/stm32f4xx_hal.o
LOAD ./Drivers/STM32F4xx_HAL_Driver/Src/stm32f4xx_hal_cortex.o
LOAD ./Drivers/STM32F4xx_HAL_Driver/Src/stm32f4xx_hal_dma.o
LOAD ./Drivers/STM32F4xx_HAL_Driver/Src/stm32f4xx_hal_dma_ex.o
LOAD ./Drivers/STM32F4xx_HAL_Driver/Src/stm32f4xx_hal_exti.o
LOAD ./Drivers/STM32F4xx_HAL_Driver/Src/stm32f4xx_hal_flash.o
LOAD ./Drivers/STM32F4xx_HAL_Driver/Src/stm32f4xx_hal_flash_ex.o
LOAD ./Drivers/STM32F4xx_HAL_Driver/Src/stm32f4xx_hal_flash_ramfunc.o
LOAD ./Drivers/STM32F4xx_HAL_Driver/Src/stm32f4xx_hal_gpio.o
LOAD ./Drivers/STM32F4xx_HAL_Driver/Src/stm32f4xx_hal_pwr.o
LOAD ./Drivers/STM32F4xx_HAL_Driver/Src/stm32f4xx_hal_pwr_ex.o
LOAD ./Drivers/STM32F4xx_HAL_Driver/Src/stm32f4xx_hal_rcc.o
LOAD ./Drivers/STM32F4xx_HAL_Driver/Src/stm32f4xx_hal_rcc_ex.o
LOAD ./Drivers/STM32F4xx_HAL_Driver/Src/stm32f4xx_hal_sram.o
LOAD ./Drivers/STM32F4xx_HAL_Driver/Src/stm32f4xx_hal_tim.o
LOAD ./Drivers/STM32F4xx_HAL_Driver/Src/stm32f4xx_hal_tim_ex.o
LOAD ./Drivers/STM32F4xx_HAL_Driver/Src/stm32f4xx_ll_fsmc.o
START GROUP
LOAD C:/ST/STM32CubeIDE_1.15.1/STM32CubeIDE/plugins/com.st.stm32cube.ide.mcu.externaltools.gnu-tools-for-stm32.12.3.rel1.win32_1.0.100.202403111256/tools/bin/../lib/gcc/arm-none-eabi/12.3.1/../../../../arm-none-eabi/lib/thumb/v7e-m+fp/hard\libc_nano.a
LOAD C:/ST/STM32CubeIDE_1.15.1/STM32CubeIDE/plugins/com.st.stm32cube.ide.mcu.externaltools.gnu-tools-for-stm32.12.3.rel1.win32_1.0.100.202403111256/tools/bin/../lib/gcc/arm-none-eabi/12.3.1/../../../../arm-none-eabi/lib/thumb/v7e-m+fp/hard\libm.a
END GROUP
START GROUP
LOAD C:/ST/STM32CubeIDE_1.15.1/STM32CubeIDE/plugins/com.st.stm32cube.ide.mcu.externaltools.gnu-tools-for-stm32.12.3.rel1.win32_1.0.100.202403111256/tools/bin/../lib/gcc/arm-none-eabi/12.3.1/thumb/v7e-m+fp/hard\libgcc.a
LOAD C:/ST/STM32CubeIDE_1.15.1/STM32CubeIDE/plugins/com.st.stm32cube.ide.mcu.externaltools.gnu-tools-for-stm32.12.3.rel1.win32_1.0.100.202403111256/tools/bin/../lib/gcc/arm-none-eabi/12.3.1/../../../../arm-none-eabi/lib/thumb/v7e-m+fp/hard\libc_nano.a
END GROUP
START GROUP
LOAD C:/ST/STM32CubeIDE_1.15.1/STM32CubeIDE/plugins/com.st.stm32cube.ide.mcu.externaltools.gnu-tools-for-stm32.12.3.rel1.win32_1.0.100.202403111256/tools/bin/../lib/gcc/arm-none-eabi/12.3.1/thumb/v7e-m+fp/hard\libgcc.a
LOAD C:/ST/STM32CubeIDE_1.15.1/STM32CubeIDE/plugins/com.st.stm32cube.ide.mcu.externaltools.gnu-tools-for-stm32.12.3.rel1.win32_1.0.100.202403111256/tools/bin/../lib/gcc/arm-none-eabi/12.3.1/../../../../arm-none-eabi/lib/thumb/v7e-m+fp/hard\libc_nano.a
LOAD C:/ST/STM32CubeIDE_1.15.1/STM32CubeIDE/plugins/com.st.stm32cube.ide.mcu.externaltools.gnu-tools-for-stm32.12.3.rel1.win32_1.0.100.202403111256/tools/bin/../lib/gcc/arm-none-eabi/12.3.1/../../../../arm-none-eabi/lib/thumb/v7e-m+fp/hard\libnosys.a
END GROUP
START GROUP
LOAD C:/ST/STM32CubeIDE_1.15.1/STM32CubeIDE/plugins/com.st.stm32cube.ide.mcu.externaltools.gnu-tools-for-stm32.12.3.rel1.win32_1.0.100.202403111256/tools/bin/../lib/gcc/arm-none-eabi/12.3.1/thumb/v7e-m+fp/hard\libgcc.a
LOAD C:/ST/STM32CubeIDE_1.15.1/STM32CubeIDE/plugins/com.st.stm32cube.ide.mcu.externaltools.gnu-tools-for-stm32.12.3.rel1.win32_1.0.100.202403111256/tools/bin/../lib/gcc/arm-none-eabi/12.3.1/../../../../arm-none-eabi/lib/thumb/v7e-m+fp/hard\libc_nano.a
LOAD C:/ST/STM32CubeIDE_1.15.1/STM32CubeIDE/plugins/com.st.stm32cube.ide.mcu.externaltools.gnu-tools-for-stm32.12.3.rel1.win32_1.0.100.202403111256/tools/bin/../lib/gcc/arm-none-eabi/12.3.1/../../../../arm-none-eabi/lib/thumb/v7e-m+fp/hard\libnosys.a
END GROUP
LOAD C:/ST/STM32CubeIDE_1.15.1/STM32CubeIDE/plugins/com.st.stm32cube.ide.mcu.externaltools.gnu-tools-for-stm32.12.3.rel1.win32_1.0.100.202403111256/tools/bin/../lib/gcc/arm-none-eabi/12.3.1/thumb/v7e-m+fp/hard/crtend.o
LOAD C:/ST/STM32CubeIDE_1.15.1/STM32CubeIDE/plugins/com.st.stm32cube.ide.mcu.externaltools.gnu-tools-for-stm32.12.3.rel1.win32_1.0.100.202403111256/tools/bin/../lib/gcc/arm-none-eabi/12.3.1/thumb/v7e-m+fp/hard/crtn.o
                0x20020000                        _estack = (ORIGIN (RAM) + LENGTH (RAM))
                0x00000200                        _Min_Heap_Size = 0x200
                0x00000400                        _Min_Stack_Size = 0x400

.isr_vector     0x08000000      0x188
                0x08000000                        . = ALIGN (0x4)
 *(.isr_vector)
 .isr_vector    0x08000000      0x188 ./Core/Startup/startup_stm32f407vetx.o
                0x08000000                g_pfnVectors
                0x08000188                        . = ALIGN (0x4)

.text           0x08000188     0x42f8
                0x08000188                        . = ALIGN (0x4)
 *(.text)
 .text          0x08000188       0x40 C:/ST/STM32CubeIDE_1.15.1/STM32CubeIDE/plugins/com.st.stm32cube.ide.mcu.externaltools.gnu-tools-for-stm32.12.3.rel1.win32_1.0.100.202403111256/tools/bin/../lib/gcc/arm-none-eabi/12.3.1/thumb/v7e-m+fp/hard/crtbegin.o
 .text          0x080001c8      0x378 C:/ST/STM32CubeIDE_1.15.1/STM32CubeIDE/plugins/com.st.stm32cube.ide.mcu.externaltools.gnu-tools-for-stm32.12.3.rel1.win32_1.0.100.202403111256/tools/bin/../lib/gcc/arm-none-eabi/12.3.1/thumb/v7e-m+fp/hard\libgcc.a(_arm_addsubdf3.o)
                0x080001c8                __aeabi_drsub
                0x080001d0                __aeabi_dsub
                0x080001d0                __subdf3
                0x080001d4                __aeabi_dadd
                0x080001d4                __adddf3
                0x0800044c                __floatunsidf
                0x0800044c                __aeabi_ui2d
                0x0800046c                __floatsidf
                0x0800046c                __aeabi_i2d
                0x08000490                __aeabi_f2d
                0x08000490                __extendsfdf2
                0x080004d4                __floatundidf
                0x080004d4                __aeabi_ul2d
                0x080004e4                __floatdidf
                0x080004e4                __aeabi_l2d
 .text          0x08000540      0x424 C:/ST/STM32CubeIDE_1.15.1/STM32CubeIDE/plugins/com.st.stm32cube.ide.mcu.externaltools.gnu-tools-for-stm32.12.3.rel1.win32_1.0.100.202403111256/tools/bin/../lib/gcc/arm-none-eabi/12.3.1/thumb/v7e-m+fp/hard\libgcc.a(_arm_muldivdf3.o)
                0x08000540                __aeabi_dmul
                0x08000540                __muldf3
                0x08000794                __divdf3
                0x08000794                __aeabi_ddiv
 .text          0x08000964       0x50 C:/ST/STM32CubeIDE_1.15.1/STM32CubeIDE/plugins/com.st.stm32cube.ide.mcu.externaltools.gnu-tools-for-stm32.12.3.rel1.win32_1.0.100.202403111256/tools/bin/../lib/gcc/arm-none-eabi/12.3.1/thumb/v7e-m+fp/hard\libgcc.a(_arm_fixdfsi.o)
                0x08000964                __aeabi_d2iz
                0x08000964                __fixdfsi
 .text          0x080009b4       0x30 C:/ST/STM32CubeIDE_1.15.1/STM32CubeIDE/plugins/com.st.stm32cube.ide.mcu.externaltools.gnu-tools-for-stm32.12.3.rel1.win32_1.0.100.202403111256/tools/bin/../lib/gcc/arm-none-eabi/12.3.1/thumb/v7e-m+fp/hard\libgcc.a(_aeabi_uldivmod.o)
                0x080009b4                __aeabi_uldivmod
 .text          0x080009e4      0x2bc C:/ST/STM32CubeIDE_1.15.1/STM32CubeIDE/plugins/com.st.stm32cube.ide.mcu.externaltools.gnu-tools-for-stm32.12.3.rel1.win32_1.0.100.202403111256/tools/bin/../lib/gcc/arm-none-eabi/12.3.1/thumb/v7e-m+fp/hard\libgcc.a(_udivmoddi4.o)
                0x080009e4                __udivmoddi4
 .text          0x08000ca0        0x4 C:/ST/STM32CubeIDE_1.15.1/STM32CubeIDE/plugins/com.st.stm32cube.ide.mcu.externaltools.gnu-tools-for-stm32.12.3.rel1.win32_1.0.100.202403111256/tools/bin/../lib/gcc/arm-none-eabi/12.3.1/thumb/v7e-m+fp/hard\libgcc.a(_dvmd_tls.o)
                0x08000ca0                __aeabi_idiv0
                0x08000ca0                __aeabi_ldiv0
 *(.text*)
 .text.MX_FSMC_Init
                0x08000ca4       0xf4 ./Core/Src/fsmc.o
                0x08000ca4                MX_FSMC_Init
 .text.HAL_FSMC_MspInit
                0x08000d98       0x98 ./Core/Src/fsmc.o
 .text.HAL_SRAM_MspInit
                0x08000e30       0x14 ./Core/Src/fsmc.o
                0x08000e30                HAL_SRAM_MspInit
 .text.MX_GPIO_Init
                0x08000e44      0x138 ./Core/Src/gpio.o
                0x08000e44                MX_GPIO_Init
 .text.gui_drawpoint
                0x08000f7c       0x2e ./Core/Src/gui.o
                0x08000f7c                gui_drawpoint
 *fill*         0x08000faa        0x2 
 .text.lcd_read
                0x08000fac       0x24 ./Core/Src/lcd.o
                0x08000fac                lcd_read
 .text.lcd_wr_reg
                0x08000fd0       0x20 ./Core/Src/lcd.o
                0x08000fd0                lcd_wr_reg
 .text.lcd_wr_data
                0x08000ff0       0x20 ./Core/Src/lcd.o
                0x08000ff0                lcd_wr_data
 .text.lcd_rd_data
                0x08001010        0xe ./Core/Src/lcd.o
                0x08001010                lcd_rd_data
 *fill*         0x0800101e        0x2 
 .text.lcd_writereg
                0x08001020       0x2c ./Core/Src/lcd.o
                0x08001020                lcd_writereg
 .text.lcd_readreg
                0x0800104c       0x40 ./Core/Src/lcd.o
                0x0800104c                lcd_readreg
 .text.lcd_writeram_prepare
                0x0800108c       0x18 ./Core/Src/lcd.o
                0x0800108c                lcd_writeram_prepare
 .text.lcd_writedata_16bit
                0x080010a4       0x20 ./Core/Src/lcd.o
                0x080010a4                lcd_writedata_16bit
 .text.lcd_clear
                0x080010c4       0x60 ./Core/Src/lcd.o
                0x080010c4                lcd_clear
 .text.lcd_init
                0x08001124     0x1584 ./Core/Src/lcd.o
                0x08001124                lcd_init
 .text.lcd_setwindows
                0x080026a8       0xf8 ./Core/Src/lcd.o
                0x080026a8                lcd_setwindows
 .text.lcd_setcursor
                0x080027a0       0x24 ./Core/Src/lcd.o
                0x080027a0                lcd_setcursor
 .text.lcd_direction
                0x080027c4       0xc8 ./Core/Src/lcd.o
                0x080027c4                lcd_direction
 .text.lcd_read_id
                0x0800288c       0x24 ./Core/Src/lcd.o
                0x0800288c                lcd_read_id
 .text.main     0x080028b0       0x40 ./Core/Src/main.o
                0x080028b0                main
 .text.SystemClock_Config
                0x080028f0       0xd0 ./Core/Src/main.o
                0x080028f0                SystemClock_Config
 .text.Error_Handler
                0x080029c0        0xc ./Core/Src/main.o
                0x080029c0                Error_Handler
 .text.HAL_MspInit
                0x080029cc       0x50 ./Core/Src/stm32f4xx_hal_msp.o
                0x080029cc                HAL_MspInit
 .text.NMI_Handler
                0x08002a1c        0x8 ./Core/Src/stm32f4xx_it.o
                0x08002a1c                NMI_Handler
 .text.HardFault_Handler
                0x08002a24        0x8 ./Core/Src/stm32f4xx_it.o
                0x08002a24                HardFault_Handler
 .text.MemManage_Handler
                0x08002a2c        0x8 ./Core/Src/stm32f4xx_it.o
                0x08002a2c                MemManage_Handler
 .text.BusFault_Handler
                0x08002a34        0x8 ./Core/Src/stm32f4xx_it.o
                0x08002a34                BusFault_Handler
 .text.UsageFault_Handler
                0x08002a3c        0x8 ./Core/Src/stm32f4xx_it.o
                0x08002a3c                UsageFault_Handler
 .text.SVC_Handler
                0x08002a44        0xe ./Core/Src/stm32f4xx_it.o
                0x08002a44                SVC_Handler
 .text.DebugMon_Handler
                0x08002a52        0xe ./Core/Src/stm32f4xx_it.o
                0x08002a52                DebugMon_Handler
 .text.PendSV_Handler
                0x08002a60        0xe ./Core/Src/stm32f4xx_it.o
                0x08002a60                PendSV_Handler
 .text.SysTick_Handler
                0x08002a6e        0xc ./Core/Src/stm32f4xx_it.o
                0x08002a6e                SysTick_Handler
 *fill*         0x08002a7a        0x2 
 .text.SystemInit
                0x08002a7c       0x24 ./Core/Src/system_stm32f4xx.o
                0x08002a7c                SystemInit
 .text.max      0x08002aa0       0x20 ./Core/Src/test.o
                0x08002aa0                max
 .text.draw_speed_indicator
                0x08002ac0      0x210 ./Core/Src/test.o
                0x08002ac0                draw_speed_indicator
 .text.update_speed
                0x08002cd0       0x2c ./Core/Src/test.o
                0x08002cd0                update_speed
 .text.simulate_speed_change
                0x08002cfc       0x7c ./Core/Src/test.o
                0x08002cfc                simulate_speed_change
 .text.delay_us
                0x08002d78       0x48 ./Core/Src/tim.o
                0x08002d78                delay_us
 .text.MX_TIM6_Init
                0x08002dc0       0x6c ./Core/Src/tim.o
                0x08002dc0                MX_TIM6_Init
 .text.HAL_TIM_Base_MspInit
                0x08002e2c       0x44 ./Core/Src/tim.o
                0x08002e2c                HAL_TIM_Base_MspInit
 .text.Reset_Handler
                0x08002e70       0x50 ./Core/Startup/startup_stm32f407vetx.o
                0x08002e70                Reset_Handler
 .text.Default_Handler
                0x08002ec0        0x2 ./Core/Startup/startup_stm32f407vetx.o
                0x08002ec0                RTC_Alarm_IRQHandler
                0x08002ec0                HASH_RNG_IRQHandler
                0x08002ec0                EXTI2_IRQHandler
                0x08002ec0                TIM8_CC_IRQHandler
                0x08002ec0                TIM1_CC_IRQHandler
                0x08002ec0                DMA2_Stream5_IRQHandler
                0x08002ec0                DMA1_Stream5_IRQHandler
                0x08002ec0                PVD_IRQHandler
                0x08002ec0                SDIO_IRQHandler
                0x08002ec0                TAMP_STAMP_IRQHandler
                0x08002ec0                CAN2_RX1_IRQHandler
                0x08002ec0                EXTI3_IRQHandler
                0x08002ec0                TIM8_TRG_COM_TIM14_IRQHandler
                0x08002ec0                TIM1_UP_TIM10_IRQHandler
                0x08002ec0                TIM8_UP_TIM13_IRQHandler
                0x08002ec0                I2C3_ER_IRQHandler
                0x08002ec0                EXTI0_IRQHandler
                0x08002ec0                I2C2_EV_IRQHandler
                0x08002ec0                DMA1_Stream2_IRQHandler
                0x08002ec0                CAN1_RX0_IRQHandler
                0x08002ec0                FPU_IRQHandler
                0x08002ec0                OTG_HS_WKUP_IRQHandler
                0x08002ec0                CAN2_SCE_IRQHandler
                0x08002ec0                DMA2_Stream2_IRQHandler
                0x08002ec0                SPI1_IRQHandler
                0x08002ec0                TIM6_DAC_IRQHandler
                0x08002ec0                TIM1_BRK_TIM9_IRQHandler
                0x08002ec0                DCMI_IRQHandler
                0x08002ec0                CAN2_RX0_IRQHandler
                0x08002ec0                DMA2_Stream3_IRQHandler
                0x08002ec0                USART6_IRQHandler
                0x08002ec0                USART3_IRQHandler
                0x08002ec0                CAN1_RX1_IRQHandler
                0x08002ec0                UART5_IRQHandler
                0x08002ec0                DMA2_Stream0_IRQHandler
                0x08002ec0                TIM4_IRQHandler
                0x08002ec0                I2C1_EV_IRQHandler
                0x08002ec0                DMA1_Stream6_IRQHandler
                0x08002ec0                DMA1_Stream1_IRQHandler
                0x08002ec0                UART4_IRQHandler
                0x08002ec0                TIM3_IRQHandler
                0x08002ec0                RCC_IRQHandler
                0x08002ec0                TIM8_BRK_TIM12_IRQHandler
                0x08002ec0                Default_Handler
                0x08002ec0                EXTI15_10_IRQHandler
                0x08002ec0                ADC_IRQHandler
                0x08002ec0                DMA1_Stream7_IRQHandler
                0x08002ec0                TIM7_IRQHandler
                0x08002ec0                CAN2_TX_IRQHandler
                0x08002ec0                TIM5_IRQHandler
                0x08002ec0                DMA2_Stream7_IRQHandler
                0x08002ec0                I2C3_EV_IRQHandler
                0x08002ec0                EXTI9_5_IRQHandler
                0x08002ec0                RTC_WKUP_IRQHandler
                0x08002ec0                ETH_WKUP_IRQHandler
                0x08002ec0                SPI2_IRQHandler
                0x08002ec0                OTG_HS_EP1_IN_IRQHandler
                0x08002ec0                DMA1_Stream0_IRQHandler
                0x08002ec0                CAN1_TX_IRQHandler
                0x08002ec0                EXTI4_IRQHandler
                0x08002ec0                FSMC_IRQHandler
                0x08002ec0                ETH_IRQHandler
                0x08002ec0                OTG_HS_EP1_OUT_IRQHandler
                0x08002ec0                WWDG_IRQHandler
                0x08002ec0                TIM2_IRQHandler
                0x08002ec0                OTG_FS_WKUP_IRQHandler
                0x08002ec0                TIM1_TRG_COM_TIM11_IRQHandler
                0x08002ec0                OTG_HS_IRQHandler
                0x08002ec0                EXTI1_IRQHandler
                0x08002ec0                USART2_IRQHandler
                0x08002ec0                I2C2_ER_IRQHandler
                0x08002ec0                DMA2_Stream1_IRQHandler
                0x08002ec0                CAN1_SCE_IRQHandler
                0x08002ec0                FLASH_IRQHandler
                0x08002ec0                DMA2_Stream4_IRQHandler
                0x08002ec0                USART1_IRQHandler
                0x08002ec0                OTG_FS_IRQHandler
                0x08002ec0                SPI3_IRQHandler
                0x08002ec0                DMA1_Stream4_IRQHandler
                0x08002ec0                I2C1_ER_IRQHandler
                0x08002ec0                DMA2_Stream6_IRQHandler
                0x08002ec0                DMA1_Stream3_IRQHandler
 *fill*         0x08002ec2        0x2 
 .text.HAL_Init
                0x08002ec4       0x44 ./Drivers/STM32F4xx_HAL_Driver/Src/stm32f4xx_hal.o
                0x08002ec4                HAL_Init
 .text.HAL_InitTick
                0x08002f08       0x60 ./Drivers/STM32F4xx_HAL_Driver/Src/stm32f4xx_hal.o
                0x08002f08                HAL_InitTick
 .text.HAL_IncTick
                0x08002f68       0x28 ./Drivers/STM32F4xx_HAL_Driver/Src/stm32f4xx_hal.o
                0x08002f68                HAL_IncTick
 .text.HAL_GetTick
                0x08002f90       0x18 ./Drivers/STM32F4xx_HAL_Driver/Src/stm32f4xx_hal.o
                0x08002f90                HAL_GetTick
 .text.HAL_Delay
                0x08002fa8       0x48 ./Drivers/STM32F4xx_HAL_Driver/Src/stm32f4xx_hal.o
                0x08002fa8                HAL_Delay
 .text.__NVIC_SetPriorityGrouping
                0x08002ff0       0x48 ./Drivers/STM32F4xx_HAL_Driver/Src/stm32f4xx_hal_cortex.o
 .text.__NVIC_GetPriorityGrouping
                0x08003038       0x1c ./Drivers/STM32F4xx_HAL_Driver/Src/stm32f4xx_hal_cortex.o
 .text.__NVIC_SetPriority
                0x08003054       0x54 ./Drivers/STM32F4xx_HAL_Driver/Src/stm32f4xx_hal_cortex.o
 .text.NVIC_EncodePriority
                0x080030a8       0x66 ./Drivers/STM32F4xx_HAL_Driver/Src/stm32f4xx_hal_cortex.o
 *fill*         0x0800310e        0x2 
 .text.SysTick_Config
                0x08003110       0x44 ./Drivers/STM32F4xx_HAL_Driver/Src/stm32f4xx_hal_cortex.o
 .text.HAL_NVIC_SetPriorityGrouping
                0x08003154       0x16 ./Drivers/STM32F4xx_HAL_Driver/Src/stm32f4xx_hal_cortex.o
                0x08003154                HAL_NVIC_SetPriorityGrouping
 .text.HAL_NVIC_SetPriority
                0x0800316a       0x38 ./Drivers/STM32F4xx_HAL_Driver/Src/stm32f4xx_hal_cortex.o
                0x0800316a                HAL_NVIC_SetPriority
 .text.HAL_SYSTICK_Config
                0x080031a2       0x18 ./Drivers/STM32F4xx_HAL_Driver/Src/stm32f4xx_hal_cortex.o
                0x080031a2                HAL_SYSTICK_Config
 *fill*         0x080031ba        0x2 
 .text.HAL_GPIO_Init
                0x080031bc      0x338 ./Drivers/STM32F4xx_HAL_Driver/Src/stm32f4xx_hal_gpio.o
                0x080031bc                HAL_GPIO_Init
 .text.HAL_GPIO_WritePin
                0x080034f4       0x32 ./Drivers/STM32F4xx_HAL_Driver/Src/stm32f4xx_hal_gpio.o
                0x080034f4                HAL_GPIO_WritePin
 *fill*         0x08003526        0x2 
 .text.HAL_RCC_OscConfig
                0x08003528      0x4f0 ./Drivers/STM32F4xx_HAL_Driver/Src/stm32f4xx_hal_rcc.o
                0x08003528                HAL_RCC_OscConfig
 .text.HAL_RCC_ClockConfig
                0x08003a18      0x1cc ./Drivers/STM32F4xx_HAL_Driver/Src/stm32f4xx_hal_rcc.o
                0x08003a18                HAL_RCC_ClockConfig
 .text.HAL_RCC_GetSysClockFreq
                0x08003be4      0x20c ./Drivers/STM32F4xx_HAL_Driver/Src/stm32f4xx_hal_rcc.o
                0x08003be4                HAL_RCC_GetSysClockFreq
 .text.HAL_SRAM_Init
                0x08003df0       0x88 ./Drivers/STM32F4xx_HAL_Driver/Src/stm32f4xx_hal_sram.o
                0x08003df0                HAL_SRAM_Init
 .text.HAL_TIM_Base_Init
                0x08003e78       0x9e ./Drivers/STM32F4xx_HAL_Driver/Src/stm32f4xx_hal_tim.o
                0x08003e78                HAL_TIM_Base_Init
 *fill*         0x08003f16        0x2 
 .text.HAL_TIM_Base_Start
                0x08003f18       0xd0 ./Drivers/STM32F4xx_HAL_Driver/Src/stm32f4xx_hal_tim.o
                0x08003f18                HAL_TIM_Base_Start
 .text.HAL_TIM_Base_Stop
                0x08003fe8       0x4e ./Drivers/STM32F4xx_HAL_Driver/Src/stm32f4xx_hal_tim.o
                0x08003fe8                HAL_TIM_Base_Stop
 *fill*         0x08004036        0x2 
 .text.TIM_Base_SetConfig
                0x08004038      0x140 ./Drivers/STM32F4xx_HAL_Driver/Src/stm32f4xx_hal_tim.o
                0x08004038                TIM_Base_SetConfig
 .text.HAL_TIMEx_MasterConfigSynchronization
                0x08004178       0xf8 ./Drivers/STM32F4xx_HAL_Driver/Src/stm32f4xx_hal_tim_ex.o
                0x08004178                HAL_TIMEx_MasterConfigSynchronization
 .text.FSMC_NORSRAM_Init
                0x08004270       0xa4 ./Drivers/STM32F4xx_HAL_Driver/Src/stm32f4xx_ll_fsmc.o
                0x08004270                FSMC_NORSRAM_Init
 .text.FSMC_NORSRAM_Timing_Init
                0x08004314       0x7a ./Drivers/STM32F4xx_HAL_Driver/Src/stm32f4xx_ll_fsmc.o
                0x08004314                FSMC_NORSRAM_Timing_Init
 *fill*         0x0800438e        0x2 
 .text.FSMC_NORSRAM_Extended_Timing_Init
                0x08004390       0x80 ./Drivers/STM32F4xx_HAL_Driver/Src/stm32f4xx_ll_fsmc.o
                0x08004390                FSMC_NORSRAM_Extended_Timing_Init
 .text.memset   0x08004410       0x10 C:/ST/STM32CubeIDE_1.15.1/STM32CubeIDE/plugins/com.st.stm32cube.ide.mcu.externaltools.gnu-tools-for-stm32.12.3.rel1.win32_1.0.100.202403111256/tools/bin/../lib/gcc/arm-none-eabi/12.3.1/../../../../arm-none-eabi/lib/thumb/v7e-m+fp/hard\libc_nano.a(libc_a-memset.o)
                0x08004410                memset
 .text.__libc_init_array
                0x08004420       0x48 C:/ST/STM32CubeIDE_1.15.1/STM32CubeIDE/plugins/com.st.stm32cube.ide.mcu.externaltools.gnu-tools-for-stm32.12.3.rel1.win32_1.0.100.202403111256/tools/bin/../lib/gcc/arm-none-eabi/12.3.1/../../../../arm-none-eabi/lib/thumb/v7e-m+fp/hard\libc_nano.a(libc_a-init.o)
                0x08004420                __libc_init_array
 *(.glue_7)
 .glue_7        0x08004468        0x0 linker stubs
 *(.glue_7t)
 .glue_7t       0x08004468        0x0 linker stubs
 *(.eh_frame)
 .eh_frame      0x08004468        0x0 C:/ST/STM32CubeIDE_1.15.1/STM32CubeIDE/plugins/com.st.stm32cube.ide.mcu.externaltools.gnu-tools-for-stm32.12.3.rel1.win32_1.0.100.202403111256/tools/bin/../lib/gcc/arm-none-eabi/12.3.1/thumb/v7e-m+fp/hard/crtbegin.o
 *(.init)
 .init          0x08004468        0x4 C:/ST/STM32CubeIDE_1.15.1/STM32CubeIDE/plugins/com.st.stm32cube.ide.mcu.externaltools.gnu-tools-for-stm32.12.3.rel1.win32_1.0.100.202403111256/tools/bin/../lib/gcc/arm-none-eabi/12.3.1/thumb/v7e-m+fp/hard/crti.o
                0x08004468                _init
 .init          0x0800446c        0x8 C:/ST/STM32CubeIDE_1.15.1/STM32CubeIDE/plugins/com.st.stm32cube.ide.mcu.externaltools.gnu-tools-for-stm32.12.3.rel1.win32_1.0.100.202403111256/tools/bin/../lib/gcc/arm-none-eabi/12.3.1/thumb/v7e-m+fp/hard/crtn.o
 *(.fini)
 .fini          0x08004474        0x4 C:/ST/STM32CubeIDE_1.15.1/STM32CubeIDE/plugins/com.st.stm32cube.ide.mcu.externaltools.gnu-tools-for-stm32.12.3.rel1.win32_1.0.100.202403111256/tools/bin/../lib/gcc/arm-none-eabi/12.3.1/thumb/v7e-m+fp/hard/crti.o
                0x08004474                _fini
 .fini          0x08004478        0x8 C:/ST/STM32CubeIDE_1.15.1/STM32CubeIDE/plugins/com.st.stm32cube.ide.mcu.externaltools.gnu-tools-for-stm32.12.3.rel1.win32_1.0.100.202403111256/tools/bin/../lib/gcc/arm-none-eabi/12.3.1/thumb/v7e-m+fp/hard/crtn.o
                0x08004480                        . = ALIGN (0x4)
                0x08004480                        _etext = .

.vfp11_veneer   0x08004480        0x0
 .vfp11_veneer  0x08004480        0x0 linker stubs

.v4_bx          0x08004480        0x0
 .v4_bx         0x08004480        0x0 linker stubs

.iplt           0x08004480        0x0
 .iplt          0x08004480        0x0 C:/ST/STM32CubeIDE_1.15.1/STM32CubeIDE/plugins/com.st.stm32cube.ide.mcu.externaltools.gnu-tools-for-stm32.12.3.rel1.win32_1.0.100.202403111256/tools/bin/../lib/gcc/arm-none-eabi/12.3.1/thumb/v7e-m+fp/hard/crtbegin.o

.rodata         0x08004480       0x10
                0x08004480                        . = ALIGN (0x4)
 *(.rodata)
 *(.rodata*)
 .rodata.AHBPrescTable
                0x08004480       0x10 ./Core/Src/system_stm32f4xx.o
                0x08004480                AHBPrescTable
                0x08004490                        . = ALIGN (0x4)

.ARM.extab      0x08004490        0x0
                0x08004490                        . = ALIGN (0x4)
 *(.ARM.extab* .gnu.linkonce.armextab.*)
                0x08004490                        . = ALIGN (0x4)

.ARM            0x08004490        0x8
                0x08004490                        . = ALIGN (0x4)
                0x08004490                        __exidx_start = .
 *(.ARM.exidx*)
 .ARM.exidx     0x08004490        0x8 C:/ST/STM32CubeIDE_1.15.1/STM32CubeIDE/plugins/com.st.stm32cube.ide.mcu.externaltools.gnu-tools-for-stm32.12.3.rel1.win32_1.0.100.202403111256/tools/bin/../lib/gcc/arm-none-eabi/12.3.1/thumb/v7e-m+fp/hard\libgcc.a(_udivmoddi4.o)
                0x08004498                        __exidx_end = .
                0x08004498                        . = ALIGN (0x4)

.rel.dyn        0x08004498        0x0
 .rel.iplt      0x08004498        0x0 C:/ST/STM32CubeIDE_1.15.1/STM32CubeIDE/plugins/com.st.stm32cube.ide.mcu.externaltools.gnu-tools-for-stm32.12.3.rel1.win32_1.0.100.202403111256/tools/bin/../lib/gcc/arm-none-eabi/12.3.1/thumb/v7e-m+fp/hard/crtbegin.o

.preinit_array  0x08004498        0x0
                0x08004498                        . = ALIGN (0x4)
                0x08004498                        PROVIDE (__preinit_array_start = .)
 *(.preinit_array*)
                0x08004498                        PROVIDE (__preinit_array_end = .)
                0x08004498                        . = ALIGN (0x4)

.init_array     0x08004498        0x4
                0x08004498                        . = ALIGN (0x4)
                0x08004498                        PROVIDE (__init_array_start = .)
 *(SORT_BY_NAME(.init_array.*))
 *(.init_array*)
 .init_array    0x08004498        0x4 C:/ST/STM32CubeIDE_1.15.1/STM32CubeIDE/plugins/com.st.stm32cube.ide.mcu.externaltools.gnu-tools-for-stm32.12.3.rel1.win32_1.0.100.202403111256/tools/bin/../lib/gcc/arm-none-eabi/12.3.1/thumb/v7e-m+fp/hard/crtbegin.o
                0x0800449c                        PROVIDE (__init_array_end = .)
                0x0800449c                        . = ALIGN (0x4)

.fini_array     0x0800449c        0x4
                0x0800449c                        . = ALIGN (0x4)
                [!provide]                        PROVIDE (__fini_array_start = .)
 *(SORT_BY_NAME(.fini_array.*))
 *(.fini_array*)
 .fini_array    0x0800449c        0x4 C:/ST/STM32CubeIDE_1.15.1/STM32CubeIDE/plugins/com.st.stm32cube.ide.mcu.externaltools.gnu-tools-for-stm32.12.3.rel1.win32_1.0.100.202403111256/tools/bin/../lib/gcc/arm-none-eabi/12.3.1/thumb/v7e-m+fp/hard/crtbegin.o
                [!provide]                        PROVIDE (__fini_array_end = .)
                0x080044a0                        . = ALIGN (0x4)
                0x080044a0                        _sidata = LOADADDR (.data)

.data           0x20000000       0x10 load address 0x080044a0
                0x20000000                        . = ALIGN (0x4)
                0x20000000                        _sdata = .
 *(.data)
 *(.data*)
 .data.SystemCoreClock
                0x20000000        0x4 ./Core/Src/system_stm32f4xx.o
                0x20000000                SystemCoreClock
 .data.max_speed
                0x20000004        0x4 ./Core/Src/test.o
                0x20000004                max_speed
 .data.uwTickPrio
                0x20000008        0x4 ./Drivers/STM32F4xx_HAL_Driver/Src/stm32f4xx_hal.o
                0x20000008                uwTickPrio
 .data.uwTickFreq
                0x2000000c        0x1 ./Drivers/STM32F4xx_HAL_Driver/Src/stm32f4xx_hal.o
                0x2000000c                uwTickFreq
 *(.RamFunc)
 *(.RamFunc*)
                0x20000010                        . = ALIGN (0x4)
 *fill*         0x2000000d        0x3 
                0x20000010                        _edata = .
                0x080044b0                        _siccmram = LOADADDR (.ccmram)

.igot.plt       0x20000010        0x0 load address 0x080044b0
 .igot.plt      0x20000010        0x0 C:/ST/STM32CubeIDE_1.15.1/STM32CubeIDE/plugins/com.st.stm32cube.ide.mcu.externaltools.gnu-tools-for-stm32.12.3.rel1.win32_1.0.100.202403111256/tools/bin/../lib/gcc/arm-none-eabi/12.3.1/thumb/v7e-m+fp/hard/crtbegin.o

.ccmram         0x10000000        0x0 load address 0x080044b0
                0x10000000                        . = ALIGN (0x4)
                0x10000000                        _sccmram = .
 *(.ccmram)
 *(.ccmram*)
                0x10000000                        . = ALIGN (0x4)
                0x10000000                        _eccmram = .
                0x10000000                        . = ALIGN (0x4)

.bss            0x20000010       0xd0
                0x20000010                        _sbss = .
                0x20000010                        __bss_start__ = _sbss
 *(.bss)
 .bss           0x20000010       0x1c C:/ST/STM32CubeIDE_1.15.1/STM32CubeIDE/plugins/com.st.stm32cube.ide.mcu.externaltools.gnu-tools-for-stm32.12.3.rel1.win32_1.0.100.202403111256/tools/bin/../lib/gcc/arm-none-eabi/12.3.1/thumb/v7e-m+fp/hard/crtbegin.o
 *(.bss*)
 .bss.hsram1    0x2000002c       0x50 ./Core/Src/fsmc.o
                0x2000002c                hsram1
 .bss.FSMC_Initialized
                0x2000007c        0x4 ./Core/Src/fsmc.o
 .bss.lcddev    0x20000080       0x10 ./Core/Src/lcd.o
                0x20000080                lcddev
 .bss.current_speed
                0x20000090        0x4 ./Core/Src/test.o
                0x20000090                current_speed
 .bss.htim6     0x20000094       0x48 ./Core/Src/tim.o
                0x20000094                htim6
 .bss.uwTick    0x200000dc        0x4 ./Drivers/STM32F4xx_HAL_Driver/Src/stm32f4xx_hal.o
                0x200000dc                uwTick
 *(COMMON)
                0x200000e0                        . = ALIGN (0x4)
                0x200000e0                        _ebss = .
                0x200000e0                        __bss_end__ = _ebss

._user_heap_stack
                0x200000e0      0x600
                0x200000e0                        . = ALIGN (0x8)
                [!provide]                        PROVIDE (end = .)
                0x200000e0                        PROVIDE (_end = .)
                0x200002e0                        . = (. + _Min_Heap_Size)
 *fill*         0x200000e0      0x200 
                0x200006e0                        . = (. + _Min_Stack_Size)
 *fill*         0x200002e0      0x400 
                0x200006e0                        . = ALIGN (0x8)

/DISCARD/
 libc.a(*)
 libm.a(*)
 libgcc.a(*)

.ARM.attributes
                0x00000000       0x30
 *(.ARM.attributes)
 .ARM.attributes
                0x00000000       0x22 C:/ST/STM32CubeIDE_1.15.1/STM32CubeIDE/plugins/com.st.stm32cube.ide.mcu.externaltools.gnu-tools-for-stm32.12.3.rel1.win32_1.0.100.202403111256/tools/bin/../lib/gcc/arm-none-eabi/12.3.1/thumb/v7e-m+fp/hard/crti.o
 .ARM.attributes
                0x00000022       0x34 C:/ST/STM32CubeIDE_1.15.1/STM32CubeIDE/plugins/com.st.stm32cube.ide.mcu.externaltools.gnu-tools-for-stm32.12.3.rel1.win32_1.0.100.202403111256/tools/bin/../lib/gcc/arm-none-eabi/12.3.1/thumb/v7e-m+fp/hard/crtbegin.o
 .ARM.attributes
                0x00000056       0x34 ./Core/Src/fsmc.o
 .ARM.attributes
                0x0000008a       0x34 ./Core/Src/gpio.o
 .ARM.attributes
                0x000000be       0x34 ./Core/Src/gui.o
 .ARM.attributes
                0x000000f2       0x34 ./Core/Src/lcd.o
 .ARM.attributes
                0x00000126       0x34 ./Core/Src/main.o
 .ARM.attributes
                0x0000015a       0x34 ./Core/Src/stm32f4xx_hal_msp.o
 .ARM.attributes
                0x0000018e       0x34 ./Core/Src/stm32f4xx_it.o
 .ARM.attributes
                0x000001c2       0x34 ./Core/Src/system_stm32f4xx.o
 .ARM.attributes
                0x000001f6       0x34 ./Core/Src/test.o
 .ARM.attributes
                0x0000022a       0x34 ./Core/Src/tim.o
 .ARM.attributes
                0x0000025e       0x21 ./Core/Startup/startup_stm32f407vetx.o
 .ARM.attributes
                0x0000027f       0x34 ./Drivers/STM32F4xx_HAL_Driver/Src/stm32f4xx_hal.o
 .ARM.attributes
                0x000002b3       0x34 ./Drivers/STM32F4xx_HAL_Driver/Src/stm32f4xx_hal_cortex.o
 .ARM.attributes
                0x000002e7       0x34 ./Drivers/STM32F4xx_HAL_Driver/Src/stm32f4xx_hal_gpio.o
 .ARM.attributes
                0x0000031b       0x34 ./Drivers/STM32F4xx_HAL_Driver/Src/stm32f4xx_hal_rcc.o
 .ARM.attributes
                0x0000034f       0x34 ./Drivers/STM32F4xx_HAL_Driver/Src/stm32f4xx_hal_sram.o
 .ARM.attributes
                0x00000383       0x34 ./Drivers/STM32F4xx_HAL_Driver/Src/stm32f4xx_hal_tim.o
 .ARM.attributes
                0x000003b7       0x34 ./Drivers/STM32F4xx_HAL_Driver/Src/stm32f4xx_hal_tim_ex.o
 .ARM.attributes
                0x000003eb       0x34 ./Drivers/STM32F4xx_HAL_Driver/Src/stm32f4xx_ll_fsmc.o
 .ARM.attributes
                0x0000041f       0x34 C:/ST/STM32CubeIDE_1.15.1/STM32CubeIDE/plugins/com.st.stm32cube.ide.mcu.externaltools.gnu-tools-for-stm32.12.3.rel1.win32_1.0.100.202403111256/tools/bin/../lib/gcc/arm-none-eabi/12.3.1/../../../../arm-none-eabi/lib/thumb/v7e-m+fp/hard\libc_nano.a(libc_a-memset.o)
 .ARM.attributes
                0x00000453       0x34 C:/ST/STM32CubeIDE_1.15.1/STM32CubeIDE/plugins/com.st.stm32cube.ide.mcu.externaltools.gnu-tools-for-stm32.12.3.rel1.win32_1.0.100.202403111256/tools/bin/../lib/gcc/arm-none-eabi/12.3.1/../../../../arm-none-eabi/lib/thumb/v7e-m+fp/hard\libc_nano.a(libc_a-init.o)
 .ARM.attributes
                0x00000487       0x22 C:/ST/STM32CubeIDE_1.15.1/STM32CubeIDE/plugins/com.st.stm32cube.ide.mcu.externaltools.gnu-tools-for-stm32.12.3.rel1.win32_1.0.100.202403111256/tools/bin/../lib/gcc/arm-none-eabi/12.3.1/thumb/v7e-m+fp/hard\libgcc.a(_arm_addsubdf3.o)
 .ARM.attributes
                0x000004a9       0x22 C:/ST/STM32CubeIDE_1.15.1/STM32CubeIDE/plugins/com.st.stm32cube.ide.mcu.externaltools.gnu-tools-for-stm32.12.3.rel1.win32_1.0.100.202403111256/tools/bin/../lib/gcc/arm-none-eabi/12.3.1/thumb/v7e-m+fp/hard\libgcc.a(_arm_muldivdf3.o)
 .ARM.attributes
                0x000004cb       0x22 C:/ST/STM32CubeIDE_1.15.1/STM32CubeIDE/plugins/com.st.stm32cube.ide.mcu.externaltools.gnu-tools-for-stm32.12.3.rel1.win32_1.0.100.202403111256/tools/bin/../lib/gcc/arm-none-eabi/12.3.1/thumb/v7e-m+fp/hard\libgcc.a(_arm_fixdfsi.o)
 .ARM.attributes
                0x000004ed       0x22 C:/ST/STM32CubeIDE_1.15.1/STM32CubeIDE/plugins/com.st.stm32cube.ide.mcu.externaltools.gnu-tools-for-stm32.12.3.rel1.win32_1.0.100.202403111256/tools/bin/../lib/gcc/arm-none-eabi/12.3.1/thumb/v7e-m+fp/hard\libgcc.a(_aeabi_uldivmod.o)
 .ARM.attributes
                0x0000050f       0x34 C:/ST/STM32CubeIDE_1.15.1/STM32CubeIDE/plugins/com.st.stm32cube.ide.mcu.externaltools.gnu-tools-for-stm32.12.3.rel1.win32_1.0.100.202403111256/tools/bin/../lib/gcc/arm-none-eabi/12.3.1/thumb/v7e-m+fp/hard\libgcc.a(_udivmoddi4.o)
 .ARM.attributes
                0x00000543       0x22 C:/ST/STM32CubeIDE_1.15.1/STM32CubeIDE/plugins/com.st.stm32cube.ide.mcu.externaltools.gnu-tools-for-stm32.12.3.rel1.win32_1.0.100.202403111256/tools/bin/../lib/gcc/arm-none-eabi/12.3.1/thumb/v7e-m+fp/hard\libgcc.a(_dvmd_tls.o)
 .ARM.attributes
                0x00000565       0x22 C:/ST/STM32CubeIDE_1.15.1/STM32CubeIDE/plugins/com.st.stm32cube.ide.mcu.externaltools.gnu-tools-for-stm32.12.3.rel1.win32_1.0.100.202403111256/tools/bin/../lib/gcc/arm-none-eabi/12.3.1/thumb/v7e-m+fp/hard/crtn.o
OUTPUT(ostatni.elf elf32-littlearm)
LOAD linker stubs
LOAD C:/ST/STM32CubeIDE_1.15.1/STM32CubeIDE/plugins/com.st.stm32cube.ide.mcu.externaltools.gnu-tools-for-stm32.12.3.rel1.win32_1.0.100.202403111256/tools/bin/../lib/gcc/arm-none-eabi/12.3.1/../../../../arm-none-eabi/lib/thumb/v7e-m+fp/hard\libc.a
LOAD C:/ST/STM32CubeIDE_1.15.1/STM32CubeIDE/plugins/com.st.stm32cube.ide.mcu.externaltools.gnu-tools-for-stm32.12.3.rel1.win32_1.0.100.202403111256/tools/bin/../lib/gcc/arm-none-eabi/12.3.1/../../../../arm-none-eabi/lib/thumb/v7e-m+fp/hard\libm.a
LOAD C:/ST/STM32CubeIDE_1.15.1/STM32CubeIDE/plugins/com.st.stm32cube.ide.mcu.externaltools.gnu-tools-for-stm32.12.3.rel1.win32_1.0.100.202403111256/tools/bin/../lib/gcc/arm-none-eabi/12.3.1/thumb/v7e-m+fp/hard\libgcc.a

.debug_info     0x00000000     0xba95
 .debug_info    0x00000000      0x99a ./Core/Src/fsmc.o
 .debug_info    0x0000099a      0x425 ./Core/Src/gpio.o
 .debug_info    0x00000dbf      0xed0 ./Core/Src/gui.o
 .debug_info    0x00001c8f      0x52e ./Core/Src/lcd.o
 .debug_info    0x000021bd      0x5e3 ./Core/Src/main.o
 .debug_info    0x000027a0      0x269 ./Core/Src/stm32f4xx_hal_msp.o
 .debug_info    0x00002a09      0x112 ./Core/Src/stm32f4xx_it.o
 .debug_info    0x00002b1b      0x512 ./Core/Src/system_stm32f4xx.o
 .debug_info    0x0000302d      0x7eb ./Core/Src/test.o
 .debug_info    0x00003818      0x98a ./Core/Src/tim.o
 .debug_info    0x000041a2       0x30 ./Core/Startup/startup_stm32f407vetx.o
 .debug_info    0x000041d2      0x948 ./Drivers/STM32F4xx_HAL_Driver/Src/stm32f4xx_hal.o
 .debug_info    0x00004b1a      0xd46 ./Drivers/STM32F4xx_HAL_Driver/Src/stm32f4xx_hal_cortex.o
 .debug_info    0x00005860      0x6c3 ./Drivers/STM32F4xx_HAL_Driver/Src/stm32f4xx_hal_gpio.o
 .debug_info    0x00005f23      0x8b1 ./Drivers/STM32F4xx_HAL_Driver/Src/stm32f4xx_hal_rcc.o
 .debug_info    0x000067d4      0xb3e ./Drivers/STM32F4xx_HAL_Driver/Src/stm32f4xx_hal_sram.o
 .debug_info    0x00007312     0x2949 ./Drivers/STM32F4xx_HAL_Driver/Src/stm32f4xx_hal_tim.o
 .debug_info    0x00009c5b     0x14ae ./Drivers/STM32F4xx_HAL_Driver/Src/stm32f4xx_hal_tim_ex.o
 .debug_info    0x0000b109      0x98c ./Drivers/STM32F4xx_HAL_Driver/Src/stm32f4xx_ll_fsmc.o

.debug_abbrev   0x00000000     0x232c
 .debug_abbrev  0x00000000      0x215 ./Core/Src/fsmc.o
 .debug_abbrev  0x00000215      0x152 ./Core/Src/gpio.o
 .debug_abbrev  0x00000367      0x27a ./Core/Src/gui.o
 .debug_abbrev  0x000005e1      0x241 ./Core/Src/lcd.o
 .debug_abbrev  0x00000822      0x1ef ./Core/Src/main.o
 .debug_abbrev  0x00000a11       0xd8 ./Core/Src/stm32f4xx_hal_msp.o
 .debug_abbrev  0x00000ae9       0x73 ./Core/Src/stm32f4xx_it.o
 .debug_abbrev  0x00000b5c      0x11a ./Core/Src/system_stm32f4xx.o
 .debug_abbrev  0x00000c76      0x234 ./Core/Src/test.o
 .debug_abbrev  0x00000eaa      0x1fd ./Core/Src/tim.o
 .debug_abbrev  0x000010a7       0x24 ./Core/Startup/startup_stm32f407vetx.o
 .debug_abbrev  0x000010cb      0x213 ./Drivers/STM32F4xx_HAL_Driver/Src/stm32f4xx_hal.o
 .debug_abbrev  0x000012de      0x327 ./Drivers/STM32F4xx_HAL_Driver/Src/stm32f4xx_hal_cortex.o
 .debug_abbrev  0x00001605      0x1d4 ./Drivers/STM32F4xx_HAL_Driver/Src/stm32f4xx_hal_gpio.o
 .debug_abbrev  0x000017d9      0x2b6 ./Drivers/STM32F4xx_HAL_Driver/Src/stm32f4xx_hal_rcc.o
 .debug_abbrev  0x00001a8f      0x208 ./Drivers/STM32F4xx_HAL_Driver/Src/stm32f4xx_hal_sram.o
 .debug_abbrev  0x00001c97      0x271 ./Drivers/STM32F4xx_HAL_Driver/Src/stm32f4xx_hal_tim.o
 .debug_abbrev  0x00001f08      0x27c ./Drivers/STM32F4xx_HAL_Driver/Src/stm32f4xx_hal_tim_ex.o
 .debug_abbrev  0x00002184      0x1a8 ./Drivers/STM32F4xx_HAL_Driver/Src/stm32f4xx_ll_fsmc.o

.debug_aranges  0x00000000      0xd10
 .debug_aranges
                0x00000000       0x40 ./Core/Src/fsmc.o
 .debug_aranges
                0x00000040       0x20 ./Core/Src/gpio.o
 .debug_aranges
                0x00000060       0xc0 ./Core/Src/gui.o
 .debug_aranges
                0x00000120       0xb0 ./Core/Src/lcd.o
 .debug_aranges
                0x000001d0       0x30 ./Core/Src/main.o
 .debug_aranges
                0x00000200       0x20 ./Core/Src/stm32f4xx_hal_msp.o
 .debug_aranges
                0x00000220       0x60 ./Core/Src/stm32f4xx_it.o
 .debug_aranges
                0x00000280       0x28 ./Core/Src/system_stm32f4xx.o
 .debug_aranges
                0x000002a8       0xa0 ./Core/Src/test.o
 .debug_aranges
                0x00000348       0x38 ./Core/Src/tim.o
 .debug_aranges
                0x00000380       0x28 ./Core/Startup/startup_stm32f407vetx.o
 .debug_aranges
                0x000003a8       0xf0 ./Drivers/STM32F4xx_HAL_Driver/Src/stm32f4xx_hal.o
 .debug_aranges
                0x00000498      0x118 ./Drivers/STM32F4xx_HAL_Driver/Src/stm32f4xx_hal_cortex.o
 .debug_aranges
                0x000005b0       0x58 ./Drivers/STM32F4xx_HAL_Driver/Src/stm32f4xx_hal_gpio.o
 .debug_aranges
                0x00000608       0x88 ./Drivers/STM32F4xx_HAL_Driver/Src/stm32f4xx_hal_rcc.o
 .debug_aranges
                0x00000690       0xa0 ./Drivers/STM32F4xx_HAL_Driver/Src/stm32f4xx_hal_sram.o
 .debug_aranges
                0x00000730      0x3d0 ./Drivers/STM32F4xx_HAL_Driver/Src/stm32f4xx_hal_tim.o
 .debug_aranges
                0x00000b00      0x168 ./Drivers/STM32F4xx_HAL_Driver/Src/stm32f4xx_hal_tim_ex.o
 .debug_aranges
                0x00000c68       0xa8 ./Drivers/STM32F4xx_HAL_Driver/Src/stm32f4xx_ll_fsmc.o

.debug_rnglists
                0x00000000      0x9fd
 .debug_rnglists
                0x00000000       0x2d ./Core/Src/fsmc.o
 .debug_rnglists
                0x0000002d       0x14 ./Core/Src/gpio.o
 .debug_rnglists
                0x00000041       0x99 ./Core/Src/gui.o
 .debug_rnglists
                0x000000da       0x82 ./Core/Src/lcd.o
 .debug_rnglists
                0x0000015c       0x20 ./Core/Src/main.o
 .debug_rnglists
                0x0000017c       0x13 ./Core/Src/stm32f4xx_hal_msp.o
 .debug_rnglists
                0x0000018f       0x43 ./Core/Src/stm32f4xx_it.o
 .debug_rnglists
                0x000001d2       0x1a ./Core/Src/system_stm32f4xx.o
 .debug_rnglists
                0x000001ec       0x7f ./Core/Src/test.o
 .debug_rnglists
                0x0000026b       0x25 ./Core/Src/tim.o
 .debug_rnglists
                0x00000290       0x19 ./Core/Startup/startup_stm32f407vetx.o
 .debug_rnglists
                0x000002a9       0xaf ./Drivers/STM32F4xx_HAL_Driver/Src/stm32f4xx_hal.o
 .debug_rnglists
                0x00000358       0xce ./Drivers/STM32F4xx_HAL_Driver/Src/stm32f4xx_hal_cortex.o
 .debug_rnglists
                0x00000426       0x3f ./Drivers/STM32F4xx_HAL_Driver/Src/stm32f4xx_hal_gpio.o
 .debug_rnglists
                0x00000465       0x66 ./Drivers/STM32F4xx_HAL_Driver/Src/stm32f4xx_hal_rcc.o
 .debug_rnglists
                0x000004cb       0x76 ./Drivers/STM32F4xx_HAL_Driver/Src/stm32f4xx_hal_sram.o
 .debug_rnglists
                0x00000541      0x31a ./Drivers/STM32F4xx_HAL_Driver/Src/stm32f4xx_hal_tim.o
 .debug_rnglists
                0x0000085b      0x125 ./Drivers/STM32F4xx_HAL_Driver/Src/stm32f4xx_hal_tim_ex.o
 .debug_rnglists
                0x00000980       0x7d ./Drivers/STM32F4xx_HAL_Driver/Src/stm32f4xx_ll_fsmc.o

.debug_macro    0x00000000    0x22707
 .debug_macro   0x00000000      0x1f8 ./Core/Src/fsmc.o
 .debug_macro   0x000001f8      0xab4 ./Core/Src/fsmc.o
 .debug_macro   0x00000cac      0x29b ./Core/Src/fsmc.o
 .debug_macro   0x00000f47       0x2e ./Core/Src/fsmc.o
 .debug_macro   0x00000f75       0x2f ./Core/Src/fsmc.o
 .debug_macro   0x00000fa4       0x22 ./Core/Src/fsmc.o
 .debug_macro   0x00000fc6       0x8e ./Core/Src/fsmc.o
 .debug_macro   0x00001054       0x51 ./Core/Src/fsmc.o
 .debug_macro   0x000010a5      0x103 ./Core/Src/fsmc.o
 .debug_macro   0x000011a8       0x6a ./Core/Src/fsmc.o
 .debug_macro   0x00001212      0x1df ./Core/Src/fsmc.o
 .debug_macro   0x000013f1       0x1c ./Core/Src/fsmc.o
 .debug_macro   0x0000140d       0x22 ./Core/Src/fsmc.o
 .debug_macro   0x0000142f       0xd9 ./Core/Src/fsmc.o
 .debug_macro   0x00001508     0x102d ./Core/Src/fsmc.o
 .debug_macro   0x00002535      0x11f ./Core/Src/fsmc.o
 .debug_macro   0x00002654    0x15e58 ./Core/Src/fsmc.o
 .debug_macro   0x000184ac       0x6d ./Core/Src/fsmc.o
 .debug_macro   0x00018519     0x3666 ./Core/Src/fsmc.o
 .debug_macro   0x0001bb7f      0x189 ./Core/Src/fsmc.o
 .debug_macro   0x0001bd08       0x5c ./Core/Src/fsmc.o
 .debug_macro   0x0001bd64      0x96b ./Core/Src/fsmc.o
 .debug_macro   0x0001c6cf      0x9fe ./Core/Src/fsmc.o
 .debug_macro   0x0001d0cd      0x116 ./Core/Src/fsmc.o
 .debug_macro   0x0001d1e3      0x13e ./Core/Src/fsmc.o
 .debug_macro   0x0001d321       0xa5 ./Core/Src/fsmc.o
 .debug_macro   0x0001d3c6      0x174 ./Core/Src/fsmc.o
 .debug_macro   0x0001d53a      0x287 ./Core/Src/fsmc.o
 .debug_macro   0x0001d7c1       0x5f ./Core/Src/fsmc.o
 .debug_macro   0x0001d820      0x236 ./Core/Src/fsmc.o
 .debug_macro   0x0001da56      0x12c ./Core/Src/fsmc.o
 .debug_macro   0x0001db82      0x21e ./Core/Src/fsmc.o
 .debug_macro   0x0001dda0       0x2e ./Core/Src/fsmc.o
 .debug_macro   0x0001ddce      0x543 ./Core/Src/fsmc.o
 .debug_macro   0x0001e311      0x11a ./Core/Src/fsmc.o
 .debug_macro   0x0001e42b       0x7e ./Core/Src/fsmc.o
 .debug_macro   0x0001e4a9       0x89 ./Core/Src/fsmc.o
 .debug_macro   0x0001e532      0x8d1 ./Core/Src/fsmc.o
 .debug_macro   0x0001ee03       0x47 ./Core/Src/fsmc.o
 .debug_macro   0x0001ee4a      0x12d ./Core/Src/fsmc.o
 .debug_macro   0x0001ef77       0x4c ./Core/Src/fsmc.o
 .debug_macro   0x0001efc3      0x1f8 ./Core/Src/gpio.o
 .debug_macro   0x0001f1bb      0x311 ./Core/Src/gui.o
 .debug_macro   0x0001f4cc       0x2a ./Core/Src/gui.o
 .debug_macro   0x0001f4f6       0x5b ./Core/Src/gui.o
 .debug_macro   0x0001f551       0x94 ./Core/Src/gui.o
 .debug_macro   0x0001f5e5       0x43 ./Core/Src/gui.o
 .debug_macro   0x0001f628       0x34 ./Core/Src/gui.o
 .debug_macro   0x0001f65c       0x16 ./Core/Src/gui.o
 .debug_macro   0x0001f672      0x11c ./Core/Src/gui.o
 .debug_macro   0x0001f78e       0x94 ./Core/Src/gui.o
 .debug_macro   0x0001f822       0x16 ./Core/Src/gui.o
 .debug_macro   0x0001f838       0x43 ./Core/Src/gui.o
 .debug_macro   0x0001f87b       0x57 ./Core/Src/gui.o
 .debug_macro   0x0001f8d2       0x34 ./Core/Src/gui.o
 .debug_macro   0x0001f906       0x10 ./Core/Src/gui.o
 .debug_macro   0x0001f916       0x58 ./Core/Src/gui.o
 .debug_macro   0x0001f96e       0x8e ./Core/Src/gui.o
 .debug_macro   0x0001f9fc       0x1c ./Core/Src/gui.o
 .debug_macro   0x0001fa18      0x177 ./Core/Src/gui.o
 .debug_macro   0x0001fb8f      0x369 ./Core/Src/gui.o
 .debug_macro   0x0001fef8       0x16 ./Core/Src/gui.o
 .debug_macro   0x0001ff0e       0x29 ./Core/Src/gui.o
 .debug_macro   0x0001ff37       0xb8 ./Core/Src/gui.o
 .debug_macro   0x0001ffef       0x16 ./Core/Src/gui.o
 .debug_macro   0x00020005       0x35 ./Core/Src/gui.o
 .debug_macro   0x0002003a       0x20 ./Core/Src/gui.o
 .debug_macro   0x0002005a       0x56 ./Core/Src/gui.o
 .debug_macro   0x000200b0      0x301 ./Core/Src/lcd.o
 .debug_macro   0x000203b1       0x1c ./Core/Src/lcd.o
 .debug_macro   0x000203cd       0x10 ./Core/Src/lcd.o
 .debug_macro   0x000203dd       0x1c ./Core/Src/lcd.o
 .debug_macro   0x000203f9       0x16 ./Core/Src/lcd.o
 .debug_macro   0x0002040f      0x146 ./Core/Src/lcd.o
 .debug_macro   0x00020555      0x333 ./Core/Src/main.o
 .debug_macro   0x00020888       0x61 ./Core/Src/main.o
 .debug_macro   0x000208e9      0x1ee ./Core/Src/stm32f4xx_hal_msp.o
 .debug_macro   0x00020ad7      0x1f8 ./Core/Src/stm32f4xx_it.o
 .debug_macro   0x00020ccf      0x1df ./Core/Src/system_stm32f4xx.o
 .debug_macro   0x00020eae      0x36e ./Core/Src/test.o
 .debug_macro   0x0002121c       0x16 ./Core/Src/test.o
 .debug_macro   0x00021232       0x9e ./Core/Src/test.o
 .debug_macro   0x000212d0      0x10b ./Core/Src/test.o
 .debug_macro   0x000213db       0x16 ./Core/Src/test.o
 .debug_macro   0x000213f1      0x19b ./Core/Src/test.o
 .debug_macro   0x0002158c      0x1f8 ./Core/Src/tim.o
 .debug_macro   0x00021784      0x23f ./Drivers/STM32F4xx_HAL_Driver/Src/stm32f4xx_hal.o
 .debug_macro   0x000219c3      0x1df ./Drivers/STM32F4xx_HAL_Driver/Src/stm32f4xx_hal_cortex.o
 .debug_macro   0x00021ba2      0x1e5 ./Drivers/STM32F4xx_HAL_Driver/Src/stm32f4xx_hal_gpio.o
 .debug_macro   0x00021d87      0x203 ./Drivers/STM32F4xx_HAL_Driver/Src/stm32f4xx_hal_rcc.o
 .debug_macro   0x00021f8a      0x1df ./Drivers/STM32F4xx_HAL_Driver/Src/stm32f4xx_hal_sram.o
 .debug_macro   0x00022169      0x1e0 ./Drivers/STM32F4xx_HAL_Driver/Src/stm32f4xx_hal_tim.o
 .debug_macro   0x00022349      0x1df ./Drivers/STM32F4xx_HAL_Driver/Src/stm32f4xx_hal_tim_ex.o
 .debug_macro   0x00022528      0x1df ./Drivers/STM32F4xx_HAL_Driver/Src/stm32f4xx_ll_fsmc.o

.debug_line     0x00000000    0x105ec
 .debug_line    0x00000000      0x866 ./Core/Src/fsmc.o
 .debug_line    0x00000866      0x798 ./Core/Src/gpio.o
 .debug_line    0x00000ffe     0x12dd ./Core/Src/gui.o
 .debug_line    0x000022db      0xea7 ./Core/Src/lcd.o
 .debug_line    0x00003182      0x9a2 ./Core/Src/main.o
 .debug_line    0x00003b24      0x765 ./Core/Src/stm32f4xx_hal_msp.o
 .debug_line    0x00004289      0x828 ./Core/Src/stm32f4xx_it.o
 .debug_line    0x00004ab1      0x7ea ./Core/Src/system_stm32f4xx.o
 .debug_line    0x0000529b     0x103e ./Core/Src/test.o
 .debug_line    0x000062d9      0x7eb ./Core/Src/tim.o
 .debug_line    0x00006ac4       0x7a ./Core/Startup/startup_stm32f407vetx.o
 .debug_line    0x00006b3e      0xa53 ./Drivers/STM32F4xx_HAL_Driver/Src/stm32f4xx_hal.o
 .debug_line    0x00007591      0xd00 ./Drivers/STM32F4xx_HAL_Driver/Src/stm32f4xx_hal_cortex.o
 .debug_line    0x00008291      0xbe1 ./Drivers/STM32F4xx_HAL_Driver/Src/stm32f4xx_hal_gpio.o
 .debug_line    0x00008e72      0xdc6 ./Drivers/STM32F4xx_HAL_Driver/Src/stm32f4xx_hal_rcc.o
 .debug_line    0x00009c38      0xbef ./Drivers/STM32F4xx_HAL_Driver/Src/stm32f4xx_hal_sram.o
 .debug_line    0x0000a827     0x3763 ./Drivers/STM32F4xx_HAL_Driver/Src/stm32f4xx_hal_tim.o
 .debug_line    0x0000df8a     0x1a4a ./Drivers/STM32F4xx_HAL_Driver/Src/stm32f4xx_hal_tim_ex.o
 .debug_line    0x0000f9d4      0xc18 ./Drivers/STM32F4xx_HAL_Driver/Src/stm32f4xx_ll_fsmc.o

.debug_str      0x00000000    0xcc253
 .debug_str     0x00000000    0xc4a8c ./Core/Src/fsmc.o
                              0xc4de4 (size before relaxing)
 .debug_str     0x000c4a8c       0x68 ./Core/Src/gpio.o
                              0xc4892 (size before relaxing)
 .debug_str     0x000c4af4     0x3725 ./Core/Src/gui.o
                              0xc7e12 (size before relaxing)
 .debug_str     0x000c8219      0x77a ./Core/Src/lcd.o
                              0xc82dd (size before relaxing)
 .debug_str     0x000c8993      0x1ac ./Core/Src/main.o
                              0xc849e (size before relaxing)
 .debug_str     0x000c8b3f       0x2c ./Core/Src/stm32f4xx_hal_msp.o
                              0xc47c7 (size before relaxing)
 .debug_str     0x000c8b6b       0xc9 ./Core/Src/stm32f4xx_it.o
                              0xc474d (size before relaxing)
 .debug_str     0x000c8c34       0xdb ./Core/Src/system_stm32f4xx.o
                              0xc476c (size before relaxing)
 .debug_str     0x000c8d0f      0xa51 ./Core/Src/test.o
                              0xc8cba (size before relaxing)
 .debug_str     0x000c9760      0x365 ./Core/Src/tim.o
                              0xc4e38 (size before relaxing)
 .debug_str     0x000c9ac5       0x44 ./Core/Startup/startup_stm32f407vetx.o
                                 0x77 (size before relaxing)
 .debug_str     0x000c9b09      0xafd ./Drivers/STM32F4xx_HAL_Driver/Src/stm32f4xx_hal.o
                              0xc52f0 (size before relaxing)
 .debug_str     0x000ca606      0x354 ./Drivers/STM32F4xx_HAL_Driver/Src/stm32f4xx_hal_cortex.o
                              0xc5023 (size before relaxing)
 .debug_str     0x000ca95a      0x11c ./Drivers/STM32F4xx_HAL_Driver/Src/stm32f4xx_hal_gpio.o
                              0xc48e7 (size before relaxing)
 .debug_str     0x000caa76      0x233 ./Drivers/STM32F4xx_HAL_Driver/Src/stm32f4xx_hal_rcc.o
                              0xc4ba0 (size before relaxing)
 .debug_str     0x000caca9      0x1b7 ./Drivers/STM32F4xx_HAL_Driver/Src/stm32f4xx_hal_sram.o
                              0xc4d13 (size before relaxing)
 .debug_str     0x000cae60      0xe53 ./Drivers/STM32F4xx_HAL_Driver/Src/stm32f4xx_hal_tim.o
                              0xc5ae6 (size before relaxing)
 .debug_str     0x000cbcb3      0x493 ./Drivers/STM32F4xx_HAL_Driver/Src/stm32f4xx_hal_tim_ex.o
                              0xc5302 (size before relaxing)
 .debug_str     0x000cc146      0x10d ./Drivers/STM32F4xx_HAL_Driver/Src/stm32f4xx_ll_fsmc.o
                              0xc4b1b (size before relaxing)

.comment        0x00000000       0x43
 .comment       0x00000000       0x43 ./Core/Src/fsmc.o
                                 0x44 (size before relaxing)
 .comment       0x00000043       0x44 ./Core/Src/gpio.o
 .comment       0x00000043       0x44 ./Core/Src/gui.o
 .comment       0x00000043       0x44 ./Core/Src/lcd.o
 .comment       0x00000043       0x44 ./Core/Src/main.o
 .comment       0x00000043       0x44 ./Core/Src/stm32f4xx_hal_msp.o
 .comment       0x00000043       0x44 ./Core/Src/stm32f4xx_it.o
 .comment       0x00000043       0x44 ./Core/Src/system_stm32f4xx.o
 .comment       0x00000043       0x44 ./Core/Src/test.o
 .comment       0x00000043       0x44 ./Core/Src/tim.o
 .comment       0x00000043       0x44 ./Drivers/STM32F4xx_HAL_Driver/Src/stm32f4xx_hal.o
 .comment       0x00000043       0x44 ./Drivers/STM32F4xx_HAL_Driver/Src/stm32f4xx_hal_cortex.o
 .comment       0x00000043       0x44 ./Drivers/STM32F4xx_HAL_Driver/Src/stm32f4xx_hal_gpio.o
 .comment       0x00000043       0x44 ./Drivers/STM32F4xx_HAL_Driver/Src/stm32f4xx_hal_rcc.o
 .comment       0x00000043       0x44 ./Drivers/STM32F4xx_HAL_Driver/Src/stm32f4xx_hal_sram.o
 .comment       0x00000043       0x44 ./Drivers/STM32F4xx_HAL_Driver/Src/stm32f4xx_hal_tim.o
 .comment       0x00000043       0x44 ./Drivers/STM32F4xx_HAL_Driver/Src/stm32f4xx_hal_tim_ex.o
 .comment       0x00000043       0x44 ./Drivers/STM32F4xx_HAL_Driver/Src/stm32f4xx_ll_fsmc.o

.debug_frame    0x00000000     0x36d4
 .debug_frame   0x00000000       0xbc ./Core/Src/fsmc.o
 .debug_frame   0x000000bc       0x34 ./Core/Src/gpio.o
 .debug_frame   0x000000f0      0x358 ./Core/Src/gui.o
 .debug_frame   0x00000448      0x2bc ./Core/Src/lcd.o
 .debug_frame   0x00000704       0x68 ./Core/Src/main.o
 .debug_frame   0x0000076c       0x38 ./Core/Src/stm32f4xx_hal_msp.o
 .debug_frame   0x000007a4      0x104 ./Core/Src/stm32f4xx_it.o
 .debug_frame   0x000008a8       0x58 ./Core/Src/system_stm32f4xx.o
 .debug_frame   0x00000900      0x29c ./Core/Src/test.o
 .debug_frame   0x00000b9c       0xa8 ./Core/Src/tim.o
 .debug_frame   0x00000c44      0x374 ./Drivers/STM32F4xx_HAL_Driver/Src/stm32f4xx_hal.o
 .debug_frame   0x00000fb8      0x498 ./Drivers/STM32F4xx_HAL_Driver/Src/stm32f4xx_hal_cortex.o
 .debug_frame   0x00001450      0x14c ./Drivers/STM32F4xx_HAL_Driver/Src/stm32f4xx_hal_gpio.o
 .debug_frame   0x0000159c      0x1f4 ./Drivers/STM32F4xx_HAL_Driver/Src/stm32f4xx_hal_rcc.o
 .debug_frame   0x00001790      0x2a0 ./Drivers/STM32F4xx_HAL_Driver/Src/stm32f4xx_hal_sram.o
 .debug_frame   0x00001a30     0x11c4 ./Drivers/STM32F4xx_HAL_Driver/Src/stm32f4xx_hal_tim.o
 .debug_frame   0x00002bf4      0x638 ./Drivers/STM32F4xx_HAL_Driver/Src/stm32f4xx_hal_tim_ex.o
 .debug_frame   0x0000322c      0x2dc ./Drivers/STM32F4xx_HAL_Driver/Src/stm32f4xx_ll_fsmc.o
 .debug_frame   0x00003508       0x20 C:/ST/STM32CubeIDE_1.15.1/STM32CubeIDE/plugins/com.st.stm32cube.ide.mcu.externaltools.gnu-tools-for-stm32.12.3.rel1.win32_1.0.100.202403111256/tools/bin/../lib/gcc/arm-none-eabi/12.3.1/../../../../arm-none-eabi/lib/thumb/v7e-m+fp/hard\libc_nano.a(libc_a-memset.o)
 .debug_frame   0x00003528       0x2c C:/ST/STM32CubeIDE_1.15.1/STM32CubeIDE/plugins/com.st.stm32cube.ide.mcu.externaltools.gnu-tools-for-stm32.12.3.rel1.win32_1.0.100.202403111256/tools/bin/../lib/gcc/arm-none-eabi/12.3.1/../../../../arm-none-eabi/lib/thumb/v7e-m+fp/hard\libc_nano.a(libc_a-init.o)
 .debug_frame   0x00003554       0xac C:/ST/STM32CubeIDE_1.15.1/STM32CubeIDE/plugins/com.st.stm32cube.ide.mcu.externaltools.gnu-tools-for-stm32.12.3.rel1.win32_1.0.100.202403111256/tools/bin/../lib/gcc/arm-none-eabi/12.3.1/thumb/v7e-m+fp/hard\libgcc.a(_arm_addsubdf3.o)
 .debug_frame   0x00003600       0x50 C:/ST/STM32CubeIDE_1.15.1/STM32CubeIDE/plugins/com.st.stm32cube.ide.mcu.externaltools.gnu-tools-for-stm32.12.3.rel1.win32_1.0.100.202403111256/tools/bin/../lib/gcc/arm-none-eabi/12.3.1/thumb/v7e-m+fp/hard\libgcc.a(_arm_muldivdf3.o)
 .debug_frame   0x00003650       0x24 C:/ST/STM32CubeIDE_1.15.1/STM32CubeIDE/plugins/com.st.stm32cube.ide.mcu.externaltools.gnu-tools-for-stm32.12.3.rel1.win32_1.0.100.202403111256/tools/bin/../lib/gcc/arm-none-eabi/12.3.1/thumb/v7e-m+fp/hard\libgcc.a(_arm_fixdfsi.o)
 .debug_frame   0x00003674       0x2c C:/ST/STM32CubeIDE_1.15.1/STM32CubeIDE/plugins/com.st.stm32cube.ide.mcu.externaltools.gnu-tools-for-stm32.12.3.rel1.win32_1.0.100.202403111256/tools/bin/../lib/gcc/arm-none-eabi/12.3.1/thumb/v7e-m+fp/hard\libgcc.a(_aeabi_uldivmod.o)
 .debug_frame   0x000036a0       0x34 C:/ST/STM32CubeIDE_1.15.1/STM32CubeIDE/plugins/com.st.stm32cube.ide.mcu.externaltools.gnu-tools-for-stm32.12.3.rel1.win32_1.0.100.202403111256/tools/bin/../lib/gcc/arm-none-eabi/12.3.1/thumb/v7e-m+fp/hard\libgcc.a(_udivmoddi4.o)

.debug_line_str
                0x00000000       0x5b
 .debug_line_str
                0x00000000       0x5b ./Core/Startup/startup_stm32f407vetx.o
