Archive member included to satisfy reference by file (symbol)

C:/ST/STM32CubeIDE_1.14.0/STM32CubeIDE/plugins/com.st.stm32cube.ide.mcu.externaltools.gnu-tools-for-stm32.11.3.rel1.win32_1.1.100.202309141235/tools/bin/../lib/gcc/arm-none-eabi/11.3.1/../../../../arm-none-eabi/lib/thumb/v7e-m+fp/hard\libc_nano.a(libc_a-exit.o)
                              C:/ST/STM32CubeIDE_1.14.0/STM32CubeIDE/plugins/com.st.stm32cube.ide.mcu.externaltools.gnu-tools-for-stm32.11.3.rel1.win32_1.1.100.202309141235/tools/bin/../lib/gcc/arm-none-eabi/11.3.1/../../../../arm-none-eabi/lib/thumb/v7e-m+fp/hard/crt0.o (exit)
C:/ST/STM32CubeIDE_1.14.0/STM32CubeIDE/plugins/com.st.stm32cube.ide.mcu.externaltools.gnu-tools-for-stm32.11.3.rel1.win32_1.1.100.202309141235/tools/bin/../lib/gcc/arm-none-eabi/11.3.1/../../../../arm-none-eabi/lib/thumb/v7e-m+fp/hard\libc_nano.a(libc_a-findfp.o)
                              C:/ST/STM32CubeIDE_1.14.0/STM32CubeIDE/plugins/com.st.stm32cube.ide.mcu.externaltools.gnu-tools-for-stm32.11.3.rel1.win32_1.1.100.202309141235/tools/bin/../lib/gcc/arm-none-eabi/11.3.1/../../../../arm-none-eabi/lib/thumb/v7e-m+fp/hard\libc_nano.a(libc_a-exit.o) (__stdio_exit_handler)
C:/ST/STM32CubeIDE_1.14.0/STM32CubeIDE/plugins/com.st.stm32cube.ide.mcu.externaltools.gnu-tools-for-stm32.11.3.rel1.win32_1.1.100.202309141235/tools/bin/../lib/gcc/arm-none-eabi/11.3.1/../../../../arm-none-eabi/lib/thumb/v7e-m+fp/hard\libc_nano.a(libc_a-fwalk.o)
                              C:/ST/STM32CubeIDE_1.14.0/STM32CubeIDE/plugins/com.st.stm32cube.ide.mcu.externaltools.gnu-tools-for-stm32.11.3.rel1.win32_1.1.100.202309141235/tools/bin/../lib/gcc/arm-none-eabi/11.3.1/../../../../arm-none-eabi/lib/thumb/v7e-m+fp/hard\libc_nano.a(libc_a-findfp.o) (_fwalk_sglue)
C:/ST/STM32CubeIDE_1.14.0/STM32CubeIDE/plugins/com.st.stm32cube.ide.mcu.externaltools.gnu-tools-for-stm32.11.3.rel1.win32_1.1.100.202309141235/tools/bin/../lib/gcc/arm-none-eabi/11.3.1/../../../../arm-none-eabi/lib/thumb/v7e-m+fp/hard\libc_nano.a(libc_a-sprintf.o)
                              ./Core/Src/test.o (sprintf)
C:/ST/STM32CubeIDE_1.14.0/STM32CubeIDE/plugins/com.st.stm32cube.ide.mcu.externaltools.gnu-tools-for-stm32.11.3.rel1.win32_1.1.100.202309141235/tools/bin/../lib/gcc/arm-none-eabi/11.3.1/../../../../arm-none-eabi/lib/thumb/v7e-m+fp/hard\libc_nano.a(libc_a-stdio.o)
                              C:/ST/STM32CubeIDE_1.14.0/STM32CubeIDE/plugins/com.st.stm32cube.ide.mcu.externaltools.gnu-tools-for-stm32.11.3.rel1.win32_1.1.100.202309141235/tools/bin/../lib/gcc/arm-none-eabi/11.3.1/../../../../arm-none-eabi/lib/thumb/v7e-m+fp/hard\libc_nano.a(libc_a-findfp.o) (__sread)
C:/ST/STM32CubeIDE_1.14.0/STM32CubeIDE/plugins/com.st.stm32cube.ide.mcu.externaltools.gnu-tools-for-stm32.11.3.rel1.win32_1.1.100.202309141235/tools/bin/../lib/gcc/arm-none-eabi/11.3.1/../../../../arm-none-eabi/lib/thumb/v7e-m+fp/hard\libc_nano.a(libc_a-memset.o)
                              C:/ST/STM32CubeIDE_1.14.0/STM32CubeIDE/plugins/com.st.stm32cube.ide.mcu.externaltools.gnu-tools-for-stm32.11.3.rel1.win32_1.1.100.202309141235/tools/bin/../lib/gcc/arm-none-eabi/11.3.1/../../../../arm-none-eabi/lib/thumb/v7e-m+fp/hard/crt0.o (memset)
C:/ST/STM32CubeIDE_1.14.0/STM32CubeIDE/plugins/com.st.stm32cube.ide.mcu.externaltools.gnu-tools-for-stm32.11.3.rel1.win32_1.1.100.202309141235/tools/bin/../lib/gcc/arm-none-eabi/11.3.1/../../../../arm-none-eabi/lib/thumb/v7e-m+fp/hard\libc_nano.a(libc_a-closer.o)
                              C:/ST/STM32CubeIDE_1.14.0/STM32CubeIDE/plugins/com.st.stm32cube.ide.mcu.externaltools.gnu-tools-for-stm32.11.3.rel1.win32_1.1.100.202309141235/tools/bin/../lib/gcc/arm-none-eabi/11.3.1/../../../../arm-none-eabi/lib/thumb/v7e-m+fp/hard\libc_nano.a(libc_a-stdio.o) (_close_r)
C:/ST/STM32CubeIDE_1.14.0/STM32CubeIDE/plugins/com.st.stm32cube.ide.mcu.externaltools.gnu-tools-for-stm32.11.3.rel1.win32_1.1.100.202309141235/tools/bin/../lib/gcc/arm-none-eabi/11.3.1/../../../../arm-none-eabi/lib/thumb/v7e-m+fp/hard\libc_nano.a(libc_a-reent.o)
                              C:/ST/STM32CubeIDE_1.14.0/STM32CubeIDE/plugins/com.st.stm32cube.ide.mcu.externaltools.gnu-tools-for-stm32.11.3.rel1.win32_1.1.100.202309141235/tools/bin/../lib/gcc/arm-none-eabi/11.3.1/../../../../arm-none-eabi/lib/thumb/v7e-m+fp/hard\libc_nano.a(libc_a-closer.o) (errno)
C:/ST/STM32CubeIDE_1.14.0/STM32CubeIDE/plugins/com.st.stm32cube.ide.mcu.externaltools.gnu-tools-for-stm32.11.3.rel1.win32_1.1.100.202309141235/tools/bin/../lib/gcc/arm-none-eabi/11.3.1/../../../../arm-none-eabi/lib/thumb/v7e-m+fp/hard\libc_nano.a(libc_a-impure.o)
                              C:/ST/STM32CubeIDE_1.14.0/STM32CubeIDE/plugins/com.st.stm32cube.ide.mcu.externaltools.gnu-tools-for-stm32.11.3.rel1.win32_1.1.100.202309141235/tools/bin/../lib/gcc/arm-none-eabi/11.3.1/../../../../arm-none-eabi/lib/thumb/v7e-m+fp/hard\libc_nano.a(libc_a-sprintf.o) (_impure_ptr)
[...]
Memory Configuration

Name             Origin             Length             Attributes
CCMRAM           0x0000000010000000 0x0000000000010000 xrw
RAM              0x0000000020000000 0x0000000000020000 xrw
FLASH            0x0000000008000000 0x0000000000080000 xr
*default*        0x0000000000000000 0xffffffffffffffff

Linker script and memory map

LOAD C:/ST/STM32CubeIDE_1.14.0/STM32CubeIDE/plugins/com.st.stm32cube.ide.mcu.externaltools.gnu-tools-for-stm32.11.3.rel1.win32_1.1.100.202309141235/tools/bin/../lib/gcc/arm-none-eabi/11.3.1/thumb/v7e-m+fp/hard/crti.o
LOAD C:/ST/STM32CubeIDE_1.14.0/STM32CubeIDE/plugins/com.st.stm32cube.ide.mcu.externaltools.gnu-tools-for-stm32.11.3.rel1.win32_1.1.100.202309141235/tools/bin/../lib/gcc/arm-none-eabi/11.3.1/thumb/v7e-m+fp/hard/crtbegin.o
LOAD C:/ST/STM32CubeIDE_1.14.0/STM32CubeIDE/plugins/com.st.stm32cube.ide.mcu.externaltools.gnu-tools-for-stm32.11.3.rel1.win32_1.1.100.202309141235/tools/bin/../lib/gcc/arm-none-eabi/11.3.1/../../../../arm-none-eabi/lib/thumb/v7e-m+fp/hard/crt0.o
LOAD ./Core/Src/fsmc.o
LOAD ./Core/Src/gpio.o
LOAD ./Core/Src/gui.o
LOAD ./Core/Src/lcd.o
LOAD ./Core/Src/main.o
LOAD ./Core/Src/stm32f4xx_hal_msp.o
LOAD ./Core/Src/stm32f4xx_it.o
LOAD ./Core/Src/syscalls.o
LOAD ./Core/Src/sysmem.o
LOAD ./Core/Src/system_stm32f4xx.o
LOAD ./Core/Src/test.o
LOAD ./Core/Src/tim.o
LOAD ./Core/Startup/startup_stm32f407vetx.o
LOAD ./Drivers/STM32F4xx_HAL_Driver/Src/stm32f4xx_hal.o
LOAD ./Drivers/STM32F4xx_HAL_Driver/Src/stm32f4xx_hal_cortex.o
LOAD ./Drivers/STM32F4xx_HAL_Driver/Src/stm32f4xx_hal_dma.o
LOAD ./Drivers/STM32F4xx_HAL_Driver/Src/stm32f4xx_hal_dma_ex.o
LOAD ./Drivers/STM32F4xx_HAL_Driver/Src/stm32f4xx_hal_exti.o
LOAD ./Drivers/STM32F4xx_HAL_Driver/Src/stm32f4xx_hal_flash.o
LOAD ./Drivers/STM32F4xx_HAL_Driver/Src/stm32f4xx_hal_flash_ex.o
LOAD ./Drivers/STM32F4xx_HAL_Driver/Src/stm32f4xx_hal_flash_ramfunc.o
LOAD ./Drivers/STM32F4xx_HAL_Driver/Src/stm32f4xx_hal_gpio.o
LOAD ./Drivers/STM32F4xx_HAL_Driver/Src/stm32f4xx_hal_pwr.o
LOAD ./Drivers/STM32F4xx_HAL_Driver/Src/stm32f4xx_hal_pwr_ex.o
LOAD ./Drivers/STM32F4xx_HAL_Driver/Src/stm32f4xx_hal_rcc.o
LOAD ./Drivers/STM32F4xx_HAL_Driver/Src/stm32f4xx_hal_rcc_ex.o
LOAD ./Drivers/STM32F4xx_HAL_Driver/Src/stm32f4xx_hal_sram.o
LOAD ./Drivers/STM32F4xx_HAL_Driver/Src/stm32f4xx_hal_tim.o
LOAD ./Drivers/STM32F4xx_HAL_Driver/Src/stm32f4xx_hal_tim_ex.o
LOAD ./Drivers/STM32F4xx_HAL_Driver/Src/stm32f4xx_ll_fsmc.o
START GROUP
LOAD C:/ST/STM32CubeIDE_1.14.0/STM32CubeIDE/plugins/com.st.stm32cube.ide.mcu.externaltools.gnu-tools-for-stm32.11.3.rel1.win32_1.1.100.202309141235/tools/bin/../lib/gcc/arm-none-eabi/11.3.1/../../../../arm-none-eabi/lib/thumb/v7e-m+fp/hard\libc_nano.a
LOAD C:/ST/STM32CubeIDE_1.14.0/STM32CubeIDE/plugins/com.st.stm32cube.ide.mcu.externaltools.gnu-tools-for-stm32.11.3.rel1.win32_1.1.100.202309141235/tools/bin/../lib/gcc/arm-none-eabi/11.3.1/../../../../arm-none-eabi/lib/thumb/v7e-m+fp/hard\libm.a
END GROUP
START GROUP
LOAD C:/ST/STM32CubeIDE_1.14.0/STM32CubeIDE/plugins/com.st.stm32cube.ide.mcu.externaltools.gnu-tools-for-stm32.11.3.rel1.win32_1.1.100.202309141235/tools/bin/../lib/gcc/arm-none-eabi/11.3.1/thumb/v7e-m+fp/hard\libgcc.a
LOAD C:/ST/STM32CubeIDE_1.14.0/STM32CubeIDE/plugins/com.st.stm32cube.ide.mcu.externaltools.gnu-tools-for-stm32.11.3.rel1.win32_1.1.100.202309141235/tools/bin/../lib/gcc/arm-none-eabi/11.3.1/../../../../arm-none-eabi/lib/thumb/v7e-m+fp/hard\libc_nano.a
END GROUP
START GROUP
LOAD C:/ST/STM32CubeIDE_1.14.0/STM32CubeIDE/plugins/com.st.stm32cube.ide.mcu.externaltools.gnu-tools-for-stm32.11.3.rel1.win32_1.1.100.202309141235/tools/bin/../lib/gcc/arm-none-eabi/11.3.1/thumb/v7e-m+fp/hard\libgcc.a
LOAD C:/ST/STM32CubeIDE_1.14.0/STM32CubeIDE/plugins/com.st.stm32cube.ide.mcu.externaltools.gnu-tools-for-stm32.11.3.rel1.win32_1.1.100.202309141235/tools/bin/../lib/gcc/arm-none-eabi/11.3.1/../../../../arm-none-eabi/lib/thumb/v7e-m+fp/hard\libc_nano.a
LOAD C:/ST/STM32CubeIDE_1.14.0/STM32CubeIDE/plugins/com.st.stm32cube.ide.mcu.externaltools.gnu-tools-for-stm32.11.3.rel1.win32_1.1.100.202309141235/tools/bin/../lib/gcc/arm-none-eabi/11.3.1/../../../../arm-none-eabi/lib/thumb/v7e-m+fp/hard\libnosys.a
END GROUP
START GROUP
LOAD C:/ST/STM32CubeIDE_1.14.0/STM32CubeIDE/plugins/com.st.stm32cube.ide.mcu.externaltools.gnu-tools-for-stm32.11.3.rel1.win32_1.1.100.202309141235/tools/bin/../lib/gcc/arm-none-eabi/11.3.1/thumb/v7e-m+fp/hard\libgcc.a
LOAD C:/ST/STM32CubeIDE_1.14.0/STM32CubeIDE/plugins/com.st.stm32cube.ide.mcu.externaltools.gnu-tools-for-stm32.11.3.rel1.win32_1.1.100.202309141235/tools/bin/../lib/gcc/arm-none-eabi/11.3.1/../../../../arm-none-eabi/lib/thumb/v7e-m+fp/hard\libc_nano.a
LOAD C:/ST/STM32CubeIDE_1.14.0/STM32CubeIDE/plugins/com.st.stm32cube.ide.mcu.externaltools.gnu-tools-for-stm32.11.3.rel1.win32_1.1.100.202309141235/tools/bin/../lib/gcc/arm-none-eabi/11.3.1/../../../../arm-none-eabi/lib/thumb/v7e-m+fp/hard\libnosys.a
END GROUP
LOAD C:/ST/STM32CubeIDE_1.14.0/STM32CubeIDE/plugins/com.st.stm32cube.ide.mcu.externaltools.gnu-tools-for-stm32.11.3.rel1.win32_1.1.100.202309141235/tools/bin/../lib/gcc/arm-none-eabi/11.3.1/thumb/v7e-m+fp/hard/crtend.o
LOAD C:/ST/STM32CubeIDE_1.14.0/STM32CubeIDE/plugins/com.st.stm32cube.ide.mcu.externaltools.gnu-tools-for-stm32.11.3.rel1.win32_1.1.100.202309141235/tools/bin/../lib/gcc/arm-none-eabi/11.3.1/thumb/v7e-m+fp/hard/crtn.o
                0x0000000020020000                _estack = (ORIGIN (RAM) + LENGTH (RAM))
                0x0000000000000200                _Min_Heap_Size = 0x200
                0x0000000000000400                _Min_Stack_Size = 0x400

.isr_vector     0x0000000008000000      0x188
                0x0000000008000000                . = ALIGN (0x4)
 *(.isr_vector)
 .isr_vector    0x0000000008000000      0x188 ./Core/Startup/startup_stm32f407vetx.o
                0x0000000008000000                g_pfnVectors
                0x0000000008000188                . = ALIGN (0x4)

.text           0x0000000008000190     0x5e50
                0x0000000008000190                . = ALIGN (0x4)
 *(.text)
 .text          0x0000000008000190       0x40 C:/ST/STM32CubeIDE_1.14.0/STM32CubeIDE/plugins/com.st.stm32cube.ide.mcu.externaltools.gnu-tools-for-stm32.11.3.rel1.win32_1.1.100.202309141235/tools/bin/../lib/gcc/arm-none-eabi/11.3.1/thumb/v7e-m+fp/hard/crtbegin.o
 .text          0x00000000080001d0       0x10 C:/ST/STM32CubeIDE_1.14.0/STM32CubeIDE/plugins/com.st.stm32cube.ide.mcu.externaltools.gnu-tools-for-stm32.11.3.rel1.win32_1.1.100.202309141235/tools/bin/../lib/gcc/arm-none-eabi/11.3.1/../../../../arm-none-eabi/lib/thumb/v7e-m+fp/hard\libc_nano.a(libc_a-strlen.o)
                0x00000000080001d0                strlen
 .text          0x00000000080001e0       0xa0 C:/ST/STM32CubeIDE_1.14.0/STM32CubeIDE/plugins/com.st.stm32cube.ide.mcu.externaltools.gnu-tools-for-stm32.11.3.rel1.win32_1.1.100.202309141235/tools/bin/../lib/gcc/arm-none-eabi/11.3.1/../../../../arm-none-eabi/lib/thumb/v7e-m+fp/hard\libc_nano.a(libc_a-memchr.o)
                0x00000000080001e0                memchr
 .text          0x0000000008000280       0x30 C:/ST/STM32CubeIDE_1.14.0/STM32CubeIDE/plugins/com.st.stm32cube.ide.mcu.externaltools.gnu-tools-for-stm32.11.3.rel1.win32_1.1.100.202309141235/tools/bin/../lib/gcc/arm-none-eabi/11.3.1/thumb/v7e-m+fp/hard\libgcc.a(_aeabi_uldivmod.o)
                0x0000000008000280                __aeabi_uldivmod
 .text          0x00000000080002b0      0x2c8 C:/ST/STM32CubeIDE_1.14.0/STM32CubeIDE/plugins/com.st.stm32cube.ide.mcu.externaltools.gnu-tools-for-stm32.11.3.rel1.win32_1.1.100.202309141235/tools/bin/../lib/gcc/arm-none-eabi/11.3.1/thumb/v7e-m+fp/hard\libgcc.a(_udivmoddi4.o)
                0x00000000080002b0                __udivmoddi4
 .text          0x0000000008000578        0x4 C:/ST/STM32CubeIDE_1.14.0/STM32CubeIDE/plugins/com.st.stm32cube.ide.mcu.externaltools.gnu-tools-for-stm32.11.3.rel1.win32_1.1.100.202309141235/tools/bin/../lib/gcc/arm-none-eabi/11.3.1/thumb/v7e-m+fp/hard\libgcc.a(_dvmd_tls.o)
                0x0000000008000578                __aeabi_idiv0
                0x0000000008000578                __aeabi_ldiv0
 *(.text*)
 .text.MX_FSMC_Init
                0x000000000800057c       0xf4 ./Core/Src/fsmc.o
                0x000000000800057c                MX_FSMC_Init
 .text.HAL_FSMC_MspInit
                0x0000000008000670       0x98 ./Core/Src/fsmc.o
 .text.HAL_SRAM_MspInit
                0x0000000008000708       0x14 ./Core/Src/fsmc.o
                0x0000000008000708                HAL_SRAM_MspInit
 .text.MX_GPIO_Init
                0x000000000800071c      0x138 ./Core/Src/gpio.o
                0x000000000800071c                MX_GPIO_Init
 .text.gui_drawpoint
                0x0000000008000854       0x2e ./Core/Src/gui.o
                0x0000000008000854                gui_drawpoint
 *fill*         0x0000000008000882        0x2 
 .text.lcd_fill
                0x0000000008000884       0x98 ./Core/Src/gui.o
                0x0000000008000884                lcd_fill
 .text.lcd_drawline
                0x000000000800091c      0x108 ./Core/Src/gui.o
                0x000000000800091c                lcd_drawline
 .text.lcd_drawrectangle
                0x0000000008000a24       0x56 ./Core/Src/gui.o
                0x0000000008000a24                lcd_drawrectangle
 *fill*         0x0000000008000a7a        0x2 
 .text.lcd_drawfillrectangle
                0x0000000008000a7c       0x40 ./Core/Src/gui.o
                0x0000000008000a7c                lcd_drawfillrectangle
 .text._draw_circle_8
                0x0000000008000abc      0x116 ./Core/Src/gui.o
                0x0000000008000abc                _draw_circle_8
 .text.gui_circle
                0x0000000008000bd2       0xd8 ./Core/Src/gui.o
                0x0000000008000bd2                gui_circle
 .text.draw_triangel
                0x0000000008000caa       0x4a ./Core/Src/gui.o
                0x0000000008000caa                draw_triangel
 .text._swap    0x0000000008000cf4       0x2a ./Core/Src/gui.o
 *fill*         0x0000000008000d1e        0x2 
 .text.fill_triangel
                0x0000000008000d20      0x254 ./Core/Src/gui.o
                0x0000000008000d20                fill_triangel
 .text.lcd_showchar
                0x0000000008000f74      0x1b8 ./Core/Src/gui.o
                0x0000000008000f74                lcd_showchar
 .text.gui_drawfont16
                0x000000000800112c      0x16c ./Core/Src/gui.o
                0x000000000800112c                gui_drawfont16
 .text.gui_drawfont24
                0x0000000008001298      0x164 ./Core/Src/gui.o
                0x0000000008001298                gui_drawfont24
 .text.gui_drawfont32
                0x00000000080013fc      0x170 ./Core/Src/gui.o
                0x00000000080013fc                gui_drawfont32
 .text.show_str
                0x000000000800156c      0x1a4 ./Core/Src/gui.o
                0x000000000800156c                show_str
 .text.gui_strcenter
                0x0000000008001710       0x68 ./Core/Src/gui.o
                0x0000000008001710                gui_strcenter
 .text.gui_drawbmp16
                0x0000000008001778       0xb0 ./Core/Src/gui.o
                0x0000000008001778                gui_drawbmp16
 .text.lcd_read
                0x0000000008001828       0x24 ./Core/Src/lcd.o
                0x0000000008001828                lcd_read
 .text.lcd_wr_reg
                0x000000000800184c       0x20 ./Core/Src/lcd.o
                0x000000000800184c                lcd_wr_reg
 .text.lcd_wr_data
                0x000000000800186c       0x20 ./Core/Src/lcd.o
                0x000000000800186c                lcd_wr_data
 .text.lcd_rd_data
                0x000000000800188c        0xe ./Core/Src/lcd.o
                0x000000000800188c                lcd_rd_data
 *fill*         0x000000000800189a        0x2 
 .text.lcd_writereg
                0x000000000800189c       0x2c ./Core/Src/lcd.o
                0x000000000800189c                lcd_writereg
 .text.lcd_readreg
                0x00000000080018c8       0x40 ./Core/Src/lcd.o
                0x00000000080018c8                lcd_readreg
 .text.lcd_writeram_prepare
                0x0000000008001908       0x18 ./Core/Src/lcd.o
                0x0000000008001908                lcd_writeram_prepare
 .text.lcd_readram_prepare
                0x0000000008001920       0x18 ./Core/Src/lcd.o
                0x0000000008001920                lcd_readram_prepare
 .text.lcd_writedata_16bit
                0x0000000008001938       0x20 ./Core/Src/lcd.o
                0x0000000008001938                lcd_writedata_16bit
 .text.color_to_565
                0x0000000008001958       0x4c ./Core/Src/lcd.o
                0x0000000008001958                color_to_565
 .text.lcd_readdata_16bit
                0x00000000080019a4       0x58 ./Core/Src/lcd.o
                0x00000000080019a4                lcd_readdata_16bit
 .text.lcd_drawpoint
                0x00000000080019fc       0x34 ./Core/Src/lcd.o
                0x00000000080019fc                lcd_drawpoint
 .text.lcd_readpoint
                0x0000000008001a30       0x50 ./Core/Src/lcd.o
                0x0000000008001a30                lcd_readpoint
 .text.lcd_clear
                0x0000000008001a80       0x60 ./Core/Src/lcd.o
                0x0000000008001a80                lcd_clear
 .text.lcd_init
                0x0000000008001ae0     0x1584 ./Core/Src/lcd.o
                0x0000000008001ae0                lcd_init
 .text.lcd_setwindows
                0x0000000008003064       0xf8 ./Core/Src/lcd.o
                0x0000000008003064                lcd_setwindows
 .text.lcd_setcursor
                0x000000000800315c       0x24 ./Core/Src/lcd.o
                0x000000000800315c                lcd_setcursor
 .text.lcd_direction
                0x0000000008003180       0xc8 ./Core/Src/lcd.o
                0x0000000008003180                lcd_direction
 .text.lcd_read_id
                0x0000000008003248       0x24 ./Core/Src/lcd.o
                0x0000000008003248                lcd_read_id
 .text.main     0x000000000800326c       0x5c ./Core/Src/main.o
                0x000000000800326c                main
 .text.SystemClock_Config
                0x00000000080032c8       0xd0 ./Core/Src/main.o
                0x00000000080032c8                SystemClock_Config
 .text.Error_Handler
                0x0000000008003398        0xa ./Core/Src/main.o
                0x0000000008003398                Error_Handler
 *fill*         0x00000000080033a2        0x2 
 .text.HAL_MspInit
                0x00000000080033a4       0x50 ./Core/Src/stm32f4xx_hal_msp.o
                0x00000000080033a4                HAL_MspInit
 .text.NMI_Handler
                0x00000000080033f4        0x6 ./Core/Src/stm32f4xx_it.o
                0x00000000080033f4                NMI_Handler
 .text.HardFault_Handler
                0x00000000080033fa        0x6 ./Core/Src/stm32f4xx_it.o
                0x00000000080033fa                HardFault_Handler
 .text.MemManage_Handler
                0x0000000008003400        0x6 ./Core/Src/stm32f4xx_it.o
                0x0000000008003400                MemManage_Handler
 .text.BusFault_Handler
                0x0000000008003406        0x6 ./Core/Src/stm32f4xx_it.o
                0x0000000008003406                BusFault_Handler
 .text.UsageFault_Handler
                0x000000000800340c        0x6 ./Core/Src/stm32f4xx_it.o
                0x000000000800340c                UsageFault_Handler
 .text.SVC_Handler
                0x0000000008003412        0xe ./Core/Src/stm32f4xx_it.o
                0x0000000008003412                SVC_Handler
 .text.DebugMon_Handler
                0x0000000008003420        0xe ./Core/Src/stm32f4xx_it.o
                0x0000000008003420                DebugMon_Handler
 .text.PendSV_Handler
                0x000000000800342e        0xe ./Core/Src/stm32f4xx_it.o
                0x000000000800342e                PendSV_Handler
 .text.SysTick_Handler
                0x000000000800343c        0xc ./Core/Src/stm32f4xx_it.o
                0x000000000800343c                SysTick_Handler
 .text._sbrk    0x0000000008003448       0x6c ./Core/Src/sysmem.o
                0x0000000008003448                _sbrk
 .text.SystemInit
                0x00000000080034b4       0x24 ./Core/Src/system_stm32f4xx.o
                0x00000000080034b4                SystemInit
 .text.drawtestpage
                0x00000000080034d8       0xa0 ./Core/Src/test.o
                0x00000000080034d8                drawtestpage
 .text.main_test
                0x0000000008003578       0x94 ./Core/Src/test.o
                0x0000000008003578                main_test
 .text.test_color
                0x000000000800360c      0x120 ./Core/Src/test.o
                0x000000000800360c                test_color
 .text.test_fillrec
                0x000000000800372c      0x19c ./Core/Src/test.o
                0x000000000800372c                test_fillrec
 .text.test_circle
                0x00000000080038c8      0x120 ./Core/Src/test.o
                0x00000000080038c8                test_circle
 .text.english_font_test
                0x00000000080039e8       0xd4 ./Core/Src/test.o
                0x00000000080039e8                english_font_test
 .text.test_triangle
                0x0000000008003abc      0x230 ./Core/Src/test.o
                0x0000000008003abc                test_triangle
 .text.chinese_font_test
                0x0000000008003cec       0x98 ./Core/Src/test.o
                0x0000000008003cec                chinese_font_test
 .text.pic_test
                0x0000000008003d84       0x5c ./Core/Src/test.o
                0x0000000008003d84                pic_test
 .text.rotate_test
                0x0000000008003de0       0x94 ./Core/Src/test.o
                0x0000000008003de0                rotate_test
 .text.test_read
                0x0000000008003e74      0x174 ./Core/Src/test.o
                0x0000000008003e74                test_read
 .text.delay_us
                0x0000000008003fe8       0x48 ./Core/Src/tim.o
                0x0000000008003fe8                delay_us
 .text.MX_TIM6_Init
                0x0000000008004030       0x6c ./Core/Src/tim.o
                0x0000000008004030                MX_TIM6_Init
 .text.HAL_TIM_Base_MspInit
                0x000000000800409c       0x44 ./Core/Src/tim.o
                0x000000000800409c                HAL_TIM_Base_MspInit
 .text.Reset_Handler
                0x00000000080040e0       0x50 ./Core/Startup/startup_stm32f407vetx.o
                0x00000000080040e0                Reset_Handler
 .text.Default_Handler
                0x0000000008004130        0x2 ./Core/Startup/startup_stm32f407vetx.o
                0x0000000008004130                RTC_Alarm_IRQHandler
                0x0000000008004130                HASH_RNG_IRQHandler
                0x0000000008004130                EXTI2_IRQHandler
                0x0000000008004130                TIM8_CC_IRQHandler
                0x0000000008004130                TIM1_CC_IRQHandler
                0x0000000008004130                DMA2_Stream5_IRQHandler
                0x0000000008004130                DMA1_Stream5_IRQHandler
                0x0000000008004130                PVD_IRQHandler
                0x0000000008004130                SDIO_IRQHandler
                0x0000000008004130                TAMP_STAMP_IRQHandler
                0x0000000008004130                CAN2_RX1_IRQHandler
                0x0000000008004130                EXTI3_IRQHandler
                0x0000000008004130                TIM8_TRG_COM_TIM14_IRQHandler
                0x0000000008004130                TIM1_UP_TIM10_IRQHandler
                0x0000000008004130                TIM8_UP_TIM13_IRQHandler
                0x0000000008004130                I2C3_ER_IRQHandler
                0x0000000008004130                EXTI0_IRQHandler
                0x0000000008004130                I2C2_EV_IRQHandler
                0x0000000008004130                DMA1_Stream2_IRQHandler
                0x0000000008004130                CAN1_RX0_IRQHandler
                0x0000000008004130                FPU_IRQHandler
                0x0000000008004130                OTG_HS_WKUP_IRQHandler
                0x0000000008004130                CAN2_SCE_IRQHandler
                0x0000000008004130                DMA2_Stream2_IRQHandler
                0x0000000008004130                SPI1_IRQHandler
                0x0000000008004130                TIM6_DAC_IRQHandler
                0x0000000008004130                TIM1_BRK_TIM9_IRQHandler
                0x0000000008004130                DCMI_IRQHandler
                0x0000000008004130                CAN2_RX0_IRQHandler
                0x0000000008004130                DMA2_Stream3_IRQHandler
                0x0000000008004130                USART6_IRQHandler
                0x0000000008004130                USART3_IRQHandler
                0x0000000008004130                CAN1_RX1_IRQHandler
                0x0000000008004130                UART5_IRQHandler
                0x0000000008004130                DMA2_Stream0_IRQHandler
                0x0000000008004130                TIM4_IRQHandler
                0x0000000008004130                I2C1_EV_IRQHandler
                0x0000000008004130                DMA1_Stream6_IRQHandler
                0x0000000008004130                DMA1_Stream1_IRQHandler
                0x0000000008004130                UART4_IRQHandler
                0x0000000008004130                TIM3_IRQHandler
                0x0000000008004130                RCC_IRQHandler
                0x0000000008004130                TIM8_BRK_TIM12_IRQHandler
                0x0000000008004130                Default_Handler
                0x0000000008004130                EXTI15_10_IRQHandler
                0x0000000008004130                ADC_IRQHandler
                0x0000000008004130                DMA1_Stream7_IRQHandler
                0x0000000008004130                TIM7_IRQHandler
                0x0000000008004130                CAN2_TX_IRQHandler
                0x0000000008004130                TIM5_IRQHandler
                0x0000000008004130                DMA2_Stream7_IRQHandler
                0x0000000008004130                I2C3_EV_IRQHandler
                0x0000000008004130                EXTI9_5_IRQHandler
                0x0000000008004130                RTC_WKUP_IRQHandler
                0x0000000008004130                ETH_WKUP_IRQHandler
                0x0000000008004130                SPI2_IRQHandler
                0x0000000008004130                OTG_HS_EP1_IN_IRQHandler
                0x0000000008004130                DMA1_Stream0_IRQHandler
                0x0000000008004130                CAN1_TX_IRQHandler
                0x0000000008004130                EXTI4_IRQHandler
                0x0000000008004130                FSMC_IRQHandler
                0x0000000008004130                ETH_IRQHandler
                0x0000000008004130                OTG_HS_EP1_OUT_IRQHandler
                0x0000000008004130                WWDG_IRQHandler
                0x0000000008004130                TIM2_IRQHandler
                0x0000000008004130                OTG_FS_WKUP_IRQHandler
                0x0000000008004130                TIM1_TRG_COM_TIM11_IRQHandler
                0x0000000008004130                OTG_HS_IRQHandler
                0x0000000008004130                EXTI1_IRQHandler
                0x0000000008004130                USART2_IRQHandler
                0x0000000008004130                I2C2_ER_IRQHandler
                0x0000000008004130                DMA2_Stream1_IRQHandler
                0x0000000008004130                CAN1_SCE_IRQHandler
                0x0000000008004130                FLASH_IRQHandler
                0x0000000008004130                DMA2_Stream4_IRQHandler
                0x0000000008004130                USART1_IRQHandler
                0x0000000008004130                OTG_FS_IRQHandler
                0x0000000008004130                SPI3_IRQHandler
                0x0000000008004130                DMA1_Stream4_IRQHandler
                0x0000000008004130                I2C1_ER_IRQHandler
                0x0000000008004130                DMA2_Stream6_IRQHandler
                0x0000000008004130                DMA1_Stream3_IRQHandler
 *fill*         0x0000000008004132        0x2 
 .text.HAL_Init
                0x0000000008004134       0x44 ./Drivers/STM32F4xx_HAL_Driver/Src/stm32f4xx_hal.o
                0x0000000008004134                HAL_Init
 .text.HAL_InitTick
                0x0000000008004178       0x60 ./Drivers/STM32F4xx_HAL_Driver/Src/stm32f4xx_hal.o
                0x0000000008004178                HAL_InitTick
 .text.HAL_IncTick
                0x00000000080041d8       0x28 ./Drivers/STM32F4xx_HAL_Driver/Src/stm32f4xx_hal.o
                0x00000000080041d8                HAL_IncTick
 .text.HAL_GetTick
                0x0000000008004200       0x18 ./Drivers/STM32F4xx_HAL_Driver/Src/stm32f4xx_hal.o
                0x0000000008004200                HAL_GetTick
 .text.HAL_Delay
                0x0000000008004218       0x48 ./Drivers/STM32F4xx_HAL_Driver/Src/stm32f4xx_hal.o
                0x0000000008004218                HAL_Delay
 .text.__NVIC_SetPriorityGrouping
                0x0000000008004260       0x48 ./Drivers/STM32F4xx_HAL_Driver/Src/stm32f4xx_hal_cortex.o
 .text.__NVIC_GetPriorityGrouping
                0x00000000080042a8       0x1c ./Drivers/STM32F4xx_HAL_Driver/Src/stm32f4xx_hal_cortex.o
 .text.__NVIC_SetPriority
                0x00000000080042c4       0x54 ./Drivers/STM32F4xx_HAL_Driver/Src/stm32f4xx_hal_cortex.o
 .text.NVIC_EncodePriority
                0x0000000008004318       0x66 ./Drivers/STM32F4xx_HAL_Driver/Src/stm32f4xx_hal_cortex.o
 *fill*         0x000000000800437e        0x2 
 .text.SysTick_Config
                0x0000000008004380       0x44 ./Drivers/STM32F4xx_HAL_Driver/Src/stm32f4xx_hal_cortex.o
 .text.HAL_NVIC_SetPriorityGrouping
                0x00000000080043c4       0x16 ./Drivers/STM32F4xx_HAL_Driver/Src/stm32f4xx_hal_cortex.o
                0x00000000080043c4                HAL_NVIC_SetPriorityGrouping
 .text.HAL_NVIC_SetPriority
                0x00000000080043da       0x38 ./Drivers/STM32F4xx_HAL_Driver/Src/stm32f4xx_hal_cortex.o
                0x00000000080043da                HAL_NVIC_SetPriority
 .text.HAL_SYSTICK_Config
                0x0000000008004412       0x18 ./Drivers/STM32F4xx_HAL_Driver/Src/stm32f4xx_hal_cortex.o
                0x0000000008004412                HAL_SYSTICK_Config
 *fill*         0x000000000800442a        0x2 
 .text.HAL_GPIO_Init
                0x000000000800442c      0x338 ./Drivers/STM32F4xx_HAL_Driver/Src/stm32f4xx_hal_gpio.o
                0x000000000800442c                HAL_GPIO_Init
 .text.HAL_GPIO_WritePin
                0x0000000008004764       0x32 ./Drivers/STM32F4xx_HAL_Driver/Src/stm32f4xx_hal_gpio.o
                0x0000000008004764                HAL_GPIO_WritePin
 *fill*         0x0000000008004796        0x2 
 .text.HAL_RCC_OscConfig
                0x0000000008004798      0x4f0 ./Drivers/STM32F4xx_HAL_Driver/Src/stm32f4xx_hal_rcc.o
                0x0000000008004798                HAL_RCC_OscConfig
 .text.HAL_RCC_ClockConfig
                0x0000000008004c88      0x1cc ./Drivers/STM32F4xx_HAL_Driver/Src/stm32f4xx_hal_rcc.o
                0x0000000008004c88                HAL_RCC_ClockConfig
 .text.HAL_RCC_GetSysClockFreq
                0x0000000008004e54      0x20c ./Drivers/STM32F4xx_HAL_Driver/Src/stm32f4xx_hal_rcc.o
                0x0000000008004e54                HAL_RCC_GetSysClockFreq
 .text.HAL_SRAM_Init
                0x0000000008005060       0x88 ./Drivers/STM32F4xx_HAL_Driver/Src/stm32f4xx_hal_sram.o
                0x0000000008005060                HAL_SRAM_Init
 .text.HAL_TIM_Base_Init
                0x00000000080050e8       0x9e ./Drivers/STM32F4xx_HAL_Driver/Src/stm32f4xx_hal_tim.o
                0x00000000080050e8                HAL_TIM_Base_Init
 *fill*         0x0000000008005186        0x2 
 .text.HAL_TIM_Base_Start
                0x0000000008005188       0xd0 ./Drivers/STM32F4xx_HAL_Driver/Src/stm32f4xx_hal_tim.o
                0x0000000008005188                HAL_TIM_Base_Start
 .text.HAL_TIM_Base_Stop
                0x0000000008005258       0x4e ./Drivers/STM32F4xx_HAL_Driver/Src/stm32f4xx_hal_tim.o
                0x0000000008005258                HAL_TIM_Base_Stop
 *fill*         0x00000000080052a6        0x2 
 .text.TIM_Base_SetConfig
                0x00000000080052a8      0x140 ./Drivers/STM32F4xx_HAL_Driver/Src/stm32f4xx_hal_tim.o
                0x00000000080052a8                TIM_Base_SetConfig
 .text.HAL_TIMEx_MasterConfigSynchronization
                0x00000000080053e8       0xf8 ./Drivers/STM32F4xx_HAL_Driver/Src/stm32f4xx_hal_tim_ex.o
                0x00000000080053e8                HAL_TIMEx_MasterConfigSynchronization
 .text.FSMC_NORSRAM_Init
                0x00000000080054e0       0xa4 ./Drivers/STM32F4xx_HAL_Driver/Src/stm32f4xx_ll_fsmc.o
                0x00000000080054e0                FSMC_NORSRAM_Init
 .text.FSMC_NORSRAM_Timing_Init
                0x0000000008005584       0x7a ./Drivers/STM32F4xx_HAL_Driver/Src/stm32f4xx_ll_fsmc.o
                0x0000000008005584                FSMC_NORSRAM_Timing_Init
 *fill*         0x00000000080055fe        0x2 
 .text.FSMC_NORSRAM_Extended_Timing_Init
                0x0000000008005600       0x80 ./Drivers/STM32F4xx_HAL_Driver/Src/stm32f4xx_ll_fsmc.o
                0x0000000008005600                FSMC_NORSRAM_Extended_Timing_Init
 .text.sprintf  0x0000000008005680       0x40 C:/ST/STM32CubeIDE_1.14.0/STM32CubeIDE/plugins/com.st.stm32cube.ide.mcu.externaltools.gnu-tools-for-stm32.11.3.rel1.win32_1.1.100.202309141235/tools/bin/../lib/gcc/arm-none-eabi/11.3.1/../../../../arm-none-eabi/lib/thumb/v7e-m+fp/hard\libc_nano.a(libc_a-sprintf.o)
                0x0000000008005680                siprintf
                0x0000000008005680                sprintf
 .text.memset   0x00000000080056c0       0x10 C:/ST/STM32CubeIDE_1.14.0/STM32CubeIDE/plugins/com.st.stm32cube.ide.mcu.externaltools.gnu-tools-for-stm32.11.3.rel1.win32_1.1.100.202309141235/tools/bin/../lib/gcc/arm-none-eabi/11.3.1/../../../../arm-none-eabi/lib/thumb/v7e-m+fp/hard\libc_nano.a(libc_a-memset.o)
                0x00000000080056c0                memset
 .text.__errno  0x00000000080056d0        0xc C:/ST/STM32CubeIDE_1.14.0/STM32CubeIDE/plugins/com.st.stm32cube.ide.mcu.externaltools.gnu-tools-for-stm32.11.3.rel1.win32_1.1.100.202309141235/tools/bin/../lib/gcc/arm-none-eabi/11.3.1/../../../../arm-none-eabi/lib/thumb/v7e-m+fp/hard\libc_nano.a(libc_a-errno.o)
                0x00000000080056d0                __errno
 .text.__libc_init_array
                0x00000000080056dc       0x48 C:/ST/STM32CubeIDE_1.14.0/STM32CubeIDE/plugins/com.st.stm32cube.ide.mcu.externaltools.gnu-tools-for-stm32.11.3.rel1.win32_1.1.100.202309141235/tools/bin/../lib/gcc/arm-none-eabi/11.3.1/../../../../arm-none-eabi/lib/thumb/v7e-m+fp/hard\libc_nano.a(libc_a-init.o)
                0x00000000080056dc                __libc_init_array
 .text.__retarget_lock_acquire_recursive
                0x0000000008005724        0x2 C:/ST/STM32CubeIDE_1.14.0/STM32CubeIDE/plugins/com.st.stm32cube.ide.mcu.externaltools.gnu-tools-for-stm32.11.3.rel1.win32_1.1.100.202309141235/tools/bin/../lib/gcc/arm-none-eabi/11.3.1/../../../../arm-none-eabi/lib/thumb/v7e-m+fp/hard\libc_nano.a(libc_a-lock.o)
                0x0000000008005724                __retarget_lock_acquire_recursive
 .text.__retarget_lock_release_recursive
                0x0000000008005726        0x2 C:/ST/STM32CubeIDE_1.14.0/STM32CubeIDE/plugins/com.st.stm32cube.ide.mcu.externaltools.gnu-tools-for-stm32.11.3.rel1.win32_1.1.100.202309141235/tools/bin/../lib/gcc/arm-none-eabi/11.3.1/../../../../arm-none-eabi/lib/thumb/v7e-m+fp/hard\libc_nano.a(libc_a-lock.o)
                0x0000000008005726                __retarget_lock_release_recursive
 .text._free_r  0x0000000008005728       0x98 C:/ST/STM32CubeIDE_1.14.0/STM32CubeIDE/plugins/com.st.stm32cube.ide.mcu.externaltools.gnu-tools-for-stm32.11.3.rel1.win32_1.1.100.202309141235/tools/bin/../lib/gcc/arm-none-eabi/11.3.1/../../../../arm-none-eabi/lib/thumb/v7e-m+fp/hard\libc_nano.a(libc_a-freer.o)
                0x0000000008005728                _free_r
 .text.sbrk_aligned
                0x00000000080057c0       0x40 C:/ST/STM32CubeIDE_1.14.0/STM32CubeIDE/plugins/com.st.stm32cube.ide.mcu.externaltools.gnu-tools-for-stm32.11.3.rel1.win32_1.1.100.202309141235/tools/bin/../lib/gcc/arm-none-eabi/11.3.1/../../../../arm-none-eabi/lib/thumb/v7e-m+fp/hard\libc_nano.a(libc_a-mallocr.o)
 .text._malloc_r
                0x0000000008005800      0x100 C:/ST/STM32CubeIDE_1.14.0/STM32CubeIDE/plugins/com.st.stm32cube.ide.mcu.externaltools.gnu-tools-for-stm32.11.3.rel1.win32_1.1.100.202309141235/tools/bin/../lib/gcc/arm-none-eabi/11.3.1/../../../../arm-none-eabi/lib/thumb/v7e-m+fp/hard\libc_nano.a(libc_a-mallocr.o)
                0x0000000008005800                _malloc_r
 .text.__malloc_lock
                0x0000000008005900        0xc C:/ST/STM32CubeIDE_1.14.0/STM32CubeIDE/plugins/com.st.stm32cube.ide.mcu.externaltools.gnu-tools-for-stm32.11.3.rel1.win32_1.1.100.202309141235/tools/bin/../lib/gcc/arm-none-eabi/11.3.1/../../../../arm-none-eabi/lib/thumb/v7e-m+fp/hard\libc_nano.a(libc_a-mlock.o)
                0x0000000008005900                __malloc_lock
 .text.__malloc_unlock
                0x000000000800590c        0xc C:/ST/STM32CubeIDE_1.14.0/STM32CubeIDE/plugins/com.st.stm32cube.ide.mcu.externaltools.gnu-tools-for-stm32.11.3.rel1.win32_1.1.100.202309141235/tools/bin/../lib/gcc/arm-none-eabi/11.3.1/../../../../arm-none-eabi/lib/thumb/v7e-m+fp/hard\libc_nano.a(libc_a-mlock.o)
                0x000000000800590c                __malloc_unlock
 .text.__ssputs_r
                0x0000000008005918       0xb4 C:/ST/STM32CubeIDE_1.14.0/STM32CubeIDE/plugins/com.st.stm32cube.ide.mcu.externaltools.gnu-tools-for-stm32.11.3.rel1.win32_1.1.100.202309141235/tools/bin/../lib/gcc/arm-none-eabi/11.3.1/../../../../arm-none-eabi/lib/thumb/v7e-m+fp/hard\libc_nano.a(libc_a-nano-svfprintf.o)
                0x0000000008005918                __ssputs_r
 .text._svfprintf_r
                0x00000000080059cc      0x1fc C:/ST/STM32CubeIDE_1.14.0/STM32CubeIDE/plugins/com.st.stm32cube.ide.mcu.externaltools.gnu-tools-for-stm32.11.3.rel1.win32_1.1.100.202309141235/tools/bin/../lib/gcc/arm-none-eabi/11.3.1/../../../../arm-none-eabi/lib/thumb/v7e-m+fp/hard\libc_nano.a(libc_a-nano-svfprintf.o)
                0x00000000080059cc                _svfiprintf_r
                0x00000000080059cc                _svfprintf_r
 .text._printf_common
                0x0000000008005bc8       0xda C:/ST/STM32CubeIDE_1.14.0/STM32CubeIDE/plugins/com.st.stm32cube.ide.mcu.externaltools.gnu-tools-for-stm32.11.3.rel1.win32_1.1.100.202309141235/tools/bin/../lib/gcc/arm-none-eabi/11.3.1/../../../../arm-none-eabi/lib/thumb/v7e-m+fp/hard\libc_nano.a(libc_a-nano-vfprintf_i.o)
                0x0000000008005bc8                _printf_common
 *fill*         0x0000000008005ca2        0x2 
 .text._printf_i
                0x0000000008005ca4      0x244 C:/ST/STM32CubeIDE_1.14.0/STM32CubeIDE/plugins/com.st.stm32cube.ide.mcu.externaltools.gnu-tools-for-stm32.11.3.rel1.win32_1.1.100.202309141235/tools/bin/../lib/gcc/arm-none-eabi/11.3.1/../../../../arm-none-eabi/lib/thumb/v7e-m+fp/hard\libc_nano.a(libc_a-nano-vfprintf_i.o)
                0x0000000008005ca4                _printf_i
 .text.memmove  0x0000000008005ee8       0x34 C:/ST/STM32CubeIDE_1.14.0/STM32CubeIDE/plugins/com.st.stm32cube.ide.mcu.externaltools.gnu-tools-for-stm32.11.3.rel1.win32_1.1.100.202309141235/tools/bin/../lib/gcc/arm-none-eabi/11.3.1/../../../../arm-none-eabi/lib/thumb/v7e-m+fp/hard\libc_nano.a(libc_a-memmove.o)
                0x0000000008005ee8                memmove
 .text._sbrk_r  0x0000000008005f1c       0x20 C:/ST/STM32CubeIDE_1.14.0/STM32CubeIDE/plugins/com.st.stm32cube.ide.mcu.externaltools.gnu-tools-for-stm32.11.3.rel1.win32_1.1.100.202309141235/tools/bin/../lib/gcc/arm-none-eabi/11.3.1/../../../../arm-none-eabi/lib/thumb/v7e-m+fp/hard\libc_nano.a(libc_a-sbrkr.o)
                0x0000000008005f1c                _sbrk_r
 .text.memcpy   0x0000000008005f3c       0x1c C:/ST/STM32CubeIDE_1.14.0/STM32CubeIDE/plugins/com.st.stm32cube.ide.mcu.externaltools.gnu-tools-for-stm32.11.3.rel1.win32_1.1.100.202309141235/tools/bin/../lib/gcc/arm-none-eabi/11.3.1/../../../../arm-none-eabi/lib/thumb/v7e-m+fp/hard\libc_nano.a(libc_a-memcpy-stub.o)
                0x0000000008005f3c                memcpy
 .text._realloc_r
                0x0000000008005f58       0x5e C:/ST/STM32CubeIDE_1.14.0/STM32CubeIDE/plugins/com.st.stm32cube.ide.mcu.externaltools.gnu-tools-for-stm32.11.3.rel1.win32_1.1.100.202309141235/tools/bin/../lib/gcc/arm-none-eabi/11.3.1/../../../../arm-none-eabi/lib/thumb/v7e-m+fp/hard\libc_nano.a(libc_a-reallocr.o)
                0x0000000008005f58                _realloc_r
 .text._malloc_usable_size_r
                0x0000000008005fb6       0x10 C:/ST/STM32CubeIDE_1.14.0/STM32CubeIDE/plugins/com.st.stm32cube.ide.mcu.externaltools.gnu-tools-for-stm32.11.3.rel1.win32_1.1.100.202309141235/tools/bin/../lib/gcc/arm-none-eabi/11.3.1/../../../../arm-none-eabi/lib/thumb/v7e-m+fp/hard\libc_nano.a(libc_a-msizer.o)
                0x0000000008005fb6                _malloc_usable_size_r
 *(.glue_7)
 .glue_7        0x0000000008005fc6        0x0 linker stubs
 *(.glue_7t)
 .glue_7t       0x0000000008005fc6        0x0 linker stubs
 *(.eh_frame)
 *fill*         0x0000000008005fc6        0x2 
 .eh_frame      0x0000000008005fc8        0x0 C:/ST/STM32CubeIDE_1.14.0/STM32CubeIDE/plugins/com.st.stm32cube.ide.mcu.externaltools.gnu-tools-for-stm32.11.3.rel1.win32_1.1.100.202309141235/tools/bin/../lib/gcc/arm-none-eabi/11.3.1/thumb/v7e-m+fp/hard/crtbegin.o
 *(.init)
 .init          0x0000000008005fc8        0x4 C:/ST/STM32CubeIDE_1.14.0/STM32CubeIDE/plugins/com.st.stm32cube.ide.mcu.externaltools.gnu-tools-for-stm32.11.3.rel1.win32_1.1.100.202309141235/tools/bin/../lib/gcc/arm-none-eabi/11.3.1/thumb/v7e-m+fp/hard/crti.o
                0x0000000008005fc8                _init
 .init          0x0000000008005fcc        0x8 C:/ST/STM32CubeIDE_1.14.0/STM32CubeIDE/plugins/com.st.stm32cube.ide.mcu.externaltools.gnu-tools-for-stm32.11.3.rel1.win32_1.1.100.202309141235/tools/bin/../lib/gcc/arm-none-eabi/11.3.1/thumb/v7e-m+fp/hard/crtn.o
 *(.fini)
 .fini          0x0000000008005fd4        0x4 C:/ST/STM32CubeIDE_1.14.0/STM32CubeIDE/plugins/com.st.stm32cube.ide.mcu.externaltools.gnu-tools-for-stm32.11.3.rel1.win32_1.1.100.202309141235/tools/bin/../lib/gcc/arm-none-eabi/11.3.1/thumb/v7e-m+fp/hard/crti.o
                0x0000000008005fd4                _fini
 .fini          0x0000000008005fd8        0x8 C:/ST/STM32CubeIDE_1.14.0/STM32CubeIDE/plugins/com.st.stm32cube.ide.mcu.externaltools.gnu-tools-for-stm32.11.3.rel1.win32_1.1.100.202309141235/tools/bin/../lib/gcc/arm-none-eabi/11.3.1/thumb/v7e-m+fp/hard/crtn.o
                0x0000000008005fe0                . = ALIGN (0x4)
                0x0000000008005fe0                _etext = .

.vfp11_veneer   0x0000000008005fe0        0x0
 .vfp11_veneer  0x0000000008005fe0        0x0 linker stubs

.v4_bx          0x0000000008005fe0        0x0
 .v4_bx         0x0000000008005fe0        0x0 linker stubs

.iplt           0x0000000008005fe0        0x0
 .iplt          0x0000000008005fe0        0x0 C:/ST/STM32CubeIDE_1.14.0/STM32CubeIDE/plugins/com.st.stm32cube.ide.mcu.externaltools.gnu-tools-for-stm32.11.3.rel1.win32_1.1.100.202309141235/tools/bin/../lib/gcc/arm-none-eabi/11.3.1/thumb/v7e-m+fp/hard/crtbegin.o

.rodata         0x0000000008005fe0    0x134b0
                0x0000000008005fe0                . = ALIGN (0x4)
 *(.rodata)
 .rodata        0x0000000008005fe0      0x436 ./Core/Src/test.o
 *(.rodata*)
 *fill*         0x0000000008006416        0x2 
 .rodata.asc2_1206
                0x0000000008006418      0x474 ./Core/Src/gui.o
                0x0000000008006418                asc2_1206
 .rodata.asc2_1608
                0x000000000800688c      0x5f0 ./Core/Src/gui.o
                0x000000000800688c                asc2_1608
 .rodata.tfont16
                0x0000000008006e7c      0x880 ./Core/Src/gui.o
                0x0000000008006e7c                tfont16
 .rodata.tfont24
                0x00000000080076fc      0x206 ./Core/Src/gui.o
                0x00000000080076fc                tfont24
 *fill*         0x0000000008007902        0x2 
 .rodata.tfont32
                0x0000000008007904      0x208 ./Core/Src/gui.o
                0x0000000008007904                tfont32
 .rodata.AHBPrescTable
                0x0000000008007b0c       0x10 ./Core/Src/system_stm32f4xx.o
                0x0000000008007b0c                AHBPrescTable
 .rodata.gImage_waveshare
                0x0000000008007b1c    0x11940 ./Core/Src/test.o
                0x0000000008007b1c                gImage_waveshare
 .rodata._svfprintf_r.str1.1
                0x000000000801945c       0x11 C:/ST/STM32CubeIDE_1.14.0/STM32CubeIDE/plugins/com.st.stm32cube.ide.mcu.externaltools.gnu-tools-for-stm32.11.3.rel1.win32_1.1.100.202309141235/tools/bin/../lib/gcc/arm-none-eabi/11.3.1/../../../../arm-none-eabi/lib/thumb/v7e-m+fp/hard\libc_nano.a(libc_a-nano-svfprintf.o)
 .rodata._printf_i.str1.1
                0x000000000801946d       0x22 C:/ST/STM32CubeIDE_1.14.0/STM32CubeIDE/plugins/com.st.stm32cube.ide.mcu.externaltools.gnu-tools-for-stm32.11.3.rel1.win32_1.1.100.202309141235/tools/bin/../lib/gcc/arm-none-eabi/11.3.1/../../../../arm-none-eabi/lib/thumb/v7e-m+fp/hard\libc_nano.a(libc_a-nano-vfprintf_i.o)
                0x0000000008019490                . = ALIGN (0x4)
 *fill*         0x000000000801948f        0x1 

.ARM.extab      0x0000000008019490        0x0
                0x0000000008019490                . = ALIGN (0x4)
 *(.ARM.extab* .gnu.linkonce.armextab.*)
                0x0000000008019490                . = ALIGN (0x4)

.ARM            0x0000000008019490        0x8
                0x0000000008019490                . = ALIGN (0x4)
                0x0000000008019490                __exidx_start = .
 *(.ARM.exidx*)
 .ARM.exidx     0x0000000008019490        0x8 C:/ST/STM32CubeIDE_1.14.0/STM32CubeIDE/plugins/com.st.stm32cube.ide.mcu.externaltools.gnu-tools-for-stm32.11.3.rel1.win32_1.1.100.202309141235/tools/bin/../lib/gcc/arm-none-eabi/11.3.1/thumb/v7e-m+fp/hard\libgcc.a(_udivmoddi4.o)
                0x0000000008019498                __exidx_end = .
                0x0000000008019498                . = ALIGN (0x4)

.rel.dyn        0x0000000008019498        0x0
 .rel.iplt      0x0000000008019498        0x0 C:/ST/STM32CubeIDE_1.14.0/STM32CubeIDE/plugins/com.st.stm32cube.ide.mcu.externaltools.gnu-tools-for-stm32.11.3.rel1.win32_1.1.100.202309141235/tools/bin/../lib/gcc/arm-none-eabi/11.3.1/thumb/v7e-m+fp/hard/crtbegin.o

.preinit_array  0x0000000008019498        0x0
                0x0000000008019498                . = ALIGN (0x4)
                0x0000000008019498                PROVIDE (__preinit_array_start = .)
 *(.preinit_array*)
                0x0000000008019498                PROVIDE (__preinit_array_end = .)
                0x0000000008019498                . = ALIGN (0x4)

.init_array     0x0000000008019498        0x4
                0x0000000008019498                . = ALIGN (0x4)
                0x0000000008019498                PROVIDE (__init_array_start = .)
 *(SORT_BY_NAME(.init_array.*))
 *(.init_array*)
 .init_array    0x0000000008019498        0x4 C:/ST/STM32CubeIDE_1.14.0/STM32CubeIDE/plugins/com.st.stm32cube.ide.mcu.externaltools.gnu-tools-for-stm32.11.3.rel1.win32_1.1.100.202309141235/tools/bin/../lib/gcc/arm-none-eabi/11.3.1/thumb/v7e-m+fp/hard/crtbegin.o
                0x000000000801949c                PROVIDE (__init_array_end = .)
                0x000000000801949c                . = ALIGN (0x4)

.fini_array     0x000000000801949c        0x4
                0x000000000801949c                . = ALIGN (0x4)
                [!provide]                        PROVIDE (__fini_array_start = .)
 *(SORT_BY_NAME(.fini_array.*))
 *(.fini_array*)
 .fini_array    0x000000000801949c        0x4 C:/ST/STM32CubeIDE_1.14.0/STM32CubeIDE/plugins/com.st.stm32cube.ide.mcu.externaltools.gnu-tools-for-stm32.11.3.rel1.win32_1.1.100.202309141235/tools/bin/../lib/gcc/arm-none-eabi/11.3.1/thumb/v7e-m+fp/hard/crtbegin.o
                [!provide]                        PROVIDE (__fini_array_end = .)
                0x00000000080194a0                . = ALIGN (0x4)
                0x00000000080194a0                _sidata = LOADADDR (.data)

.data           0x0000000020000000       0x78 load address 0x00000000080194a0
                0x0000000020000000                . = ALIGN (0x4)
                0x0000000020000000                _sdata = .
 *(.data)
 *(.data*)
 .data.SystemCoreClock
                0x0000000020000000        0x4 ./Core/Src/system_stm32f4xx.o
                0x0000000020000000                SystemCoreClock
 .data.ColorTab
                0x0000000020000004        0xa ./Core/Src/test.o
                0x0000000020000004                ColorTab
 *fill*         0x000000002000000e        0x2 
 .data.ColornTab
                0x0000000020000010       0x10 ./Core/Src/test.o
                0x0000000020000010                ColornTab
 .data.uwTickPrio
                0x0000000020000020        0x4 ./Drivers/STM32F4xx_HAL_Driver/Src/stm32f4xx_hal.o
                0x0000000020000020                uwTickPrio
 .data.uwTickFreq
                0x0000000020000024        0x1 ./Drivers/STM32F4xx_HAL_Driver/Src/stm32f4xx_hal.o
                0x0000000020000024                uwTickFreq
 *fill*         0x0000000020000025        0x3 
 .data._impure_data
                0x0000000020000028       0x4c C:/ST/STM32CubeIDE_1.14.0/STM32CubeIDE/plugins/com.st.stm32cube.ide.mcu.externaltools.gnu-tools-for-stm32.11.3.rel1.win32_1.1.100.202309141235/tools/bin/../lib/gcc/arm-none-eabi/11.3.1/../../../../arm-none-eabi/lib/thumb/v7e-m+fp/hard\libc_nano.a(libc_a-impure.o)
                0x0000000020000028                _impure_data
 .data._impure_ptr
                0x0000000020000074        0x4 C:/ST/STM32CubeIDE_1.14.0/STM32CubeIDE/plugins/com.st.stm32cube.ide.mcu.externaltools.gnu-tools-for-stm32.11.3.rel1.win32_1.1.100.202309141235/tools/bin/../lib/gcc/arm-none-eabi/11.3.1/../../../../arm-none-eabi/lib/thumb/v7e-m+fp/hard\libc_nano.a(libc_a-impure.o)
                0x0000000020000074                _impure_ptr
 *(.RamFunc)
 *(.RamFunc*)
                0x0000000020000078                . = ALIGN (0x4)
                0x0000000020000078                _edata = .
                0x0000000008019518                _siccmram = LOADADDR (.ccmram)

.igot.plt       0x0000000020000078        0x0 load address 0x0000000008019518
 .igot.plt      0x0000000020000078        0x0 C:/ST/STM32CubeIDE_1.14.0/STM32CubeIDE/plugins/com.st.stm32cube.ide.mcu.externaltools.gnu-tools-for-stm32.11.3.rel1.win32_1.1.100.202309141235/tools/bin/../lib/gcc/arm-none-eabi/11.3.1/thumb/v7e-m+fp/hard/crtbegin.o

.ccmram         0x0000000010000000        0x0 load address 0x0000000008019518
                0x0000000010000000                . = ALIGN (0x4)
                0x0000000010000000                _sccmram = .
 *(.ccmram)
 *(.ccmram*)
                0x0000000010000000                . = ALIGN (0x4)
                0x0000000010000000                _eccmram = .
                0x0000000010000000                . = ALIGN (0x4)

.bss            0x0000000020000078      0x21c
                0x0000000020000078                _sbss = .
                0x0000000020000078                __bss_start__ = _sbss
 *(.bss)
 .bss           0x0000000020000078       0x1c C:/ST/STM32CubeIDE_1.14.0/STM32CubeIDE/plugins/com.st.stm32cube.ide.mcu.externaltools.gnu-tools-for-stm32.11.3.rel1.win32_1.1.100.202309141235/tools/bin/../lib/gcc/arm-none-eabi/11.3.1/thumb/v7e-m+fp/hard/crtbegin.o
 *(.bss*)
 .bss.hsram1    0x0000000020000094       0x50 ./Core/Src/fsmc.o
                0x0000000020000094                hsram1
 .bss.FSMC_Initialized
                0x00000000200000e4        0x4 ./Core/Src/fsmc.o
 .bss.lcddev    0x00000000200000e8       0x10 ./Core/Src/lcd.o
                0x00000000200000e8                lcddev
 .bss.POINT_COLOR
                0x00000000200000f8        0x2 ./Core/Src/lcd.o
                0x00000000200000f8                POINT_COLOR
 *fill*         0x00000000200000fa        0x2 
 .bss.__sbrk_heap_end
                0x00000000200000fc        0x4 ./Core/Src/sysmem.o
 .bss.htim6     0x0000000020000100       0x48 ./Core/Src/tim.o
                0x0000000020000100                htim6
 .bss.uwTick    0x0000000020000148        0x4 ./Drivers/STM32F4xx_HAL_Driver/Src/stm32f4xx_hal.o
                0x0000000020000148                uwTick
 .bss.__sf      0x000000002000014c      0x138 C:/ST/STM32CubeIDE_1.14.0/STM32CubeIDE/plugins/com.st.stm32cube.ide.mcu.externaltools.gnu-tools-for-stm32.11.3.rel1.win32_1.1.100.202309141235/tools/bin/../lib/gcc/arm-none-eabi/11.3.1/../../../../arm-none-eabi/lib/thumb/v7e-m+fp/hard\libc_nano.a(libc_a-findfp.o)
                0x000000002000014c                __sf
 .bss.errno     0x0000000020000284        0x4 C:/ST/STM32CubeIDE_1.14.0/STM32CubeIDE/plugins/com.st.stm32cube.ide.mcu.externaltools.gnu-tools-for-stm32.11.3.rel1.win32_1.1.100.202309141235/tools/bin/../lib/gcc/arm-none-eabi/11.3.1/../../../../arm-none-eabi/lib/thumb/v7e-m+fp/hard\libc_nano.a(libc_a-reent.o)
                0x0000000020000284                errno
 .bss.__lock___malloc_recursive_mutex
                0x0000000020000288        0x1 C:/ST/STM32CubeIDE_1.14.0/STM32CubeIDE/plugins/com.st.stm32cube.ide.mcu.externaltools.gnu-tools-for-stm32.11.3.rel1.win32_1.1.100.202309141235/tools/bin/../lib/gcc/arm-none-eabi/11.3.1/../../../../arm-none-eabi/lib/thumb/v7e-m+fp/hard\libc_nano.a(libc_a-lock.o)
                0x0000000020000288                __lock___malloc_recursive_mutex
 *fill*         0x0000000020000289        0x3 
 .bss.__malloc_free_list
                0x000000002000028c        0x4 C:/ST/STM32CubeIDE_1.14.0/STM32CubeIDE/plugins/com.st.stm32cube.ide.mcu.externaltools.gnu-tools-for-stm32.11.3.rel1.win32_1.1.100.202309141235/tools/bin/../lib/gcc/arm-none-eabi/11.3.1/../../../../arm-none-eabi/lib/thumb/v7e-m+fp/hard\libc_nano.a(libc_a-mallocr.o)
                0x000000002000028c                __malloc_free_list
 .bss.__malloc_sbrk_start
                0x0000000020000290        0x4 C:/ST/STM32CubeIDE_1.14.0/STM32CubeIDE/plugins/com.st.stm32cube.ide.mcu.externaltools.gnu-tools-for-stm32.11.3.rel1.win32_1.1.100.202309141235/tools/bin/../lib/gcc/arm-none-eabi/11.3.1/../../../../arm-none-eabi/lib/thumb/v7e-m+fp/hard\libc_nano.a(libc_a-mallocr.o)
                0x0000000020000290                __malloc_sbrk_start
 *(COMMON)
                0x0000000020000294                . = ALIGN (0x4)
                0x0000000020000294                _ebss = .
                0x0000000020000294                __bss_end__ = _ebss

._user_heap_stack
                0x0000000020000294      0x604
                0x0000000020000298                . = ALIGN (0x8)
 *fill*         0x0000000020000294        0x4 
                [!provide]                        PROVIDE (end = .)
                0x0000000020000298                PROVIDE (_end = .)
                0x0000000020000498                . = (. + _Min_Heap_Size)
 *fill*         0x0000000020000298      0x200 
                0x0000000020000898                . = (. + _Min_Stack_Size)
 *fill*         0x0000000020000498      0x400 
                0x0000000020000898                . = ALIGN (0x8)

/DISCARD/
 libc.a(*)
 libm.a(*)
 libgcc.a(*)

.ARM.attributes
                0x0000000000000000       0x30
 *(.ARM.attributes)
 .ARM.attributes
                0x0000000000000000       0x1e C:/ST/STM32CubeIDE_1.14.0/STM32CubeIDE/plugins/com.st.stm32cube.ide.mcu.externaltools.gnu-tools-for-stm32.11.3.rel1.win32_1.1.100.202309141235/tools/bin/../lib/gcc/arm-none-eabi/11.3.1/thumb/v7e-m+fp/hard/crti.o
 .ARM.attributes
                0x000000000000001e       0x34 C:/ST/STM32CubeIDE_1.14.0/STM32CubeIDE/plugins/com.st.stm32cube.ide.mcu.externaltools.gnu-tools-for-stm32.11.3.rel1.win32_1.1.100.202309141235/tools/bin/../lib/gcc/arm-none-eabi/11.3.1/thumb/v7e-m+fp/hard/crtbegin.o
 .ARM.attributes
                0x0000000000000052       0x34 ./Core/Src/fsmc.o
 .ARM.attributes
                0x0000000000000086       0x34 ./Core/Src/gpio.o
 .ARM.attributes
                0x00000000000000ba       0x34 ./Core/Src/gui.o
 .ARM.attributes
                0x00000000000000ee       0x34 ./Core/Src/lcd.o
 .ARM.attributes
                0x0000000000000122       0x34 ./Core/Src/main.o
 .ARM.attributes
                0x0000000000000156       0x34 ./Core/Src/stm32f4xx_hal_msp.o
 .ARM.attributes
                0x000000000000018a       0x34 ./Core/Src/stm32f4xx_it.o
 .ARM.attributes
                0x00000000000001be       0x34 ./Core/Src/sysmem.o
 .ARM.attributes
                0x00000000000001f2       0x34 ./Core/Src/system_stm32f4xx.o
 .ARM.attributes
                0x0000000000000226       0x34 ./Core/Src/test.o
 .ARM.attributes
                0x000000000000025a       0x34 ./Core/Src/tim.o
 .ARM.attributes
                0x000000000000028e       0x21 ./Core/Startup/startup_stm32f407vetx.o
 .ARM.attributes
                0x00000000000002af       0x34 ./Drivers/STM32F4xx_HAL_Driver/Src/stm32f4xx_hal.o
 .ARM.attributes
                0x00000000000002e3       0x34 ./Drivers/STM32F4xx_HAL_Driver/Src/stm32f4xx_hal_cortex.o
 .ARM.attributes
                0x0000000000000317       0x34 ./Drivers/STM32F4xx_HAL_Driver/Src/stm32f4xx_hal_gpio.o
 .ARM.attributes
                0x000000000000034b       0x34 ./Drivers/STM32F4xx_HAL_Driver/Src/stm32f4xx_hal_rcc.o
 .ARM.attributes
                0x000000000000037f       0x34 ./Drivers/STM32F4xx_HAL_Driver/Src/stm32f4xx_hal_sram.o
 .ARM.attributes
                0x00000000000003b3       0x34 ./Drivers/STM32F4xx_HAL_Driver/Src/stm32f4xx_hal_tim.o
 .ARM.attributes
                0x00000000000003e7       0x34 ./Drivers/STM32F4xx_HAL_Driver/Src/stm32f4xx_hal_tim_ex.o
 .ARM.attributes
                0x000000000000041b       0x34 ./Drivers/STM32F4xx_HAL_Driver/Src/stm32f4xx_ll_fsmc.o
 .ARM.attributes
                0x000000000000044f       0x34 C:/ST/STM32CubeIDE_1.14.0/STM32CubeIDE/plugins/com.st.stm32cube.ide.mcu.externaltools.gnu-tools-for-stm32.11.3.rel1.win32_1.1.100.202309141235/tools/bin/../lib/gcc/arm-none-eabi/11.3.1/../../../../arm-none-eabi/lib/thumb/v7e-m+fp/hard\libc_nano.a(libc_a-findfp.o)
 .ARM.attributes
                0x0000000000000483       0x34 C:/ST/STM32CubeIDE_1.14.0/STM32CubeIDE/plugins/com.st.stm32cube.ide.mcu.externaltools.gnu-tools-for-stm32.11.3.rel1.win32_1.1.100.202309141235/tools/bin/../lib/gcc/arm-none-eabi/11.3.1/../../../../arm-none-eabi/lib/thumb/v7e-m+fp/hard\libc_nano.a(libc_a-sprintf.o)
 .ARM.attributes
                0x00000000000004b7       0x34 C:/ST/STM32CubeIDE_1.14.0/STM32CubeIDE/plugins/com.st.stm32cube.ide.mcu.externaltools.gnu-tools-for-stm32.11.3.rel1.win32_1.1.100.202309141235/tools/bin/../lib/gcc/arm-none-eabi/11.3.1/../../../../arm-none-eabi/lib/thumb/v7e-m+fp/hard\libc_nano.a(libc_a-memset.o)
 .ARM.attributes
                0x00000000000004eb       0x34 C:/ST/STM32CubeIDE_1.14.0/STM32CubeIDE/plugins/com.st.stm32cube.ide.mcu.externaltools.gnu-tools-for-stm32.11.3.rel1.win32_1.1.100.202309141235/tools/bin/../lib/gcc/arm-none-eabi/11.3.1/../../../../arm-none-eabi/lib/thumb/v7e-m+fp/hard\libc_nano.a(libc_a-reent.o)
 .ARM.attributes
                0x000000000000051f       0x34 C:/ST/STM32CubeIDE_1.14.0/STM32CubeIDE/plugins/com.st.stm32cube.ide.mcu.externaltools.gnu-tools-for-stm32.11.3.rel1.win32_1.1.100.202309141235/tools/bin/../lib/gcc/arm-none-eabi/11.3.1/../../../../arm-none-eabi/lib/thumb/v7e-m+fp/hard\libc_nano.a(libc_a-impure.o)
 .ARM.attributes
                0x0000000000000553       0x34 C:/ST/STM32CubeIDE_1.14.0/STM32CubeIDE/plugins/com.st.stm32cube.ide.mcu.externaltools.gnu-tools-for-stm32.11.3.rel1.win32_1.1.100.202309141235/tools/bin/../lib/gcc/arm-none-eabi/11.3.1/../../../../arm-none-eabi/lib/thumb/v7e-m+fp/hard\libc_nano.a(libc_a-errno.o)
 .ARM.attributes
                0x0000000000000587       0x34 C:/ST/STM32CubeIDE_1.14.0/STM32CubeIDE/plugins/com.st.stm32cube.ide.mcu.externaltools.gnu-tools-for-stm32.11.3.rel1.win32_1.1.100.202309141235/tools/bin/../lib/gcc/arm-none-eabi/11.3.1/../../../../arm-none-eabi/lib/thumb/v7e-m+fp/hard\libc_nano.a(libc_a-init.o)
 .ARM.attributes
                0x00000000000005bb       0x34 C:/ST/STM32CubeIDE_1.14.0/STM32CubeIDE/plugins/com.st.stm32cube.ide.mcu.externaltools.gnu-tools-for-stm32.11.3.rel1.win32_1.1.100.202309141235/tools/bin/../lib/gcc/arm-none-eabi/11.3.1/../../../../arm-none-eabi/lib/thumb/v7e-m+fp/hard\libc_nano.a(libc_a-lock.o)
 .ARM.attributes
                0x00000000000005ef       0x17 C:/ST/STM32CubeIDE_1.14.0/STM32CubeIDE/plugins/com.st.stm32cube.ide.mcu.externaltools.gnu-tools-for-stm32.11.3.rel1.win32_1.1.100.202309141235/tools/bin/../lib/gcc/arm-none-eabi/11.3.1/../../../../arm-none-eabi/lib/thumb/v7e-m+fp/hard\libc_nano.a(libc_a-strlen.o)
 .ARM.attributes
                0x0000000000000606       0x34 C:/ST/STM32CubeIDE_1.14.0/STM32CubeIDE/plugins/com.st.stm32cube.ide.mcu.externaltools.gnu-tools-for-stm32.11.3.rel1.win32_1.1.100.202309141235/tools/bin/../lib/gcc/arm-none-eabi/11.3.1/../../../../arm-none-eabi/lib/thumb/v7e-m+fp/hard\libc_nano.a(libc_a-freer.o)
 .ARM.attributes
                0x000000000000063a       0x34 C:/ST/STM32CubeIDE_1.14.0/STM32CubeIDE/plugins/com.st.stm32cube.ide.mcu.externaltools.gnu-tools-for-stm32.11.3.rel1.win32_1.1.100.202309141235/tools/bin/../lib/gcc/arm-none-eabi/11.3.1/../../../../arm-none-eabi/lib/thumb/v7e-m+fp/hard\libc_nano.a(libc_a-mallocr.o)
 .ARM.attributes
                0x000000000000066e       0x34 C:/ST/STM32CubeIDE_1.14.0/STM32CubeIDE/plugins/com.st.stm32cube.ide.mcu.externaltools.gnu-tools-for-stm32.11.3.rel1.win32_1.1.100.202309141235/tools/bin/../lib/gcc/arm-none-eabi/11.3.1/../../../../arm-none-eabi/lib/thumb/v7e-m+fp/hard\libc_nano.a(libc_a-mlock.o)
 .ARM.attributes
                0x00000000000006a2       0x34 C:/ST/STM32CubeIDE_1.14.0/STM32CubeIDE/plugins/com.st.stm32cube.ide.mcu.externaltools.gnu-tools-for-stm32.11.3.rel1.win32_1.1.100.202309141235/tools/bin/../lib/gcc/arm-none-eabi/11.3.1/../../../../arm-none-eabi/lib/thumb/v7e-m+fp/hard\libc_nano.a(libc_a-nano-svfprintf.o)
 .ARM.attributes
                0x00000000000006d6       0x34 C:/ST/STM32CubeIDE_1.14.0/STM32CubeIDE/plugins/com.st.stm32cube.ide.mcu.externaltools.gnu-tools-for-stm32.11.3.rel1.win32_1.1.100.202309141235/tools/bin/../lib/gcc/arm-none-eabi/11.3.1/../../../../arm-none-eabi/lib/thumb/v7e-m+fp/hard\libc_nano.a(libc_a-nano-vfprintf_i.o)
 .ARM.attributes
                0x000000000000070a       0x34 C:/ST/STM32CubeIDE_1.14.0/STM32CubeIDE/plugins/com.st.stm32cube.ide.mcu.externaltools.gnu-tools-for-stm32.11.3.rel1.win32_1.1.100.202309141235/tools/bin/../lib/gcc/arm-none-eabi/11.3.1/../../../../arm-none-eabi/lib/thumb/v7e-m+fp/hard\libc_nano.a(libc_a-memmove.o)
 .ARM.attributes
                0x000000000000073e       0x34 C:/ST/STM32CubeIDE_1.14.0/STM32CubeIDE/plugins/com.st.stm32cube.ide.mcu.externaltools.gnu-tools-for-stm32.11.3.rel1.win32_1.1.100.202309141235/tools/bin/../lib/gcc/arm-none-eabi/11.3.1/../../../../arm-none-eabi/lib/thumb/v7e-m+fp/hard\libc_nano.a(libc_a-sbrkr.o)
 .ARM.attributes
                0x0000000000000772       0x1c C:/ST/STM32CubeIDE_1.14.0/STM32CubeIDE/plugins/com.st.stm32cube.ide.mcu.externaltools.gnu-tools-for-stm32.11.3.rel1.win32_1.1.100.202309141235/tools/bin/../lib/gcc/arm-none-eabi/11.3.1/../../../../arm-none-eabi/lib/thumb/v7e-m+fp/hard\libc_nano.a(libc_a-memchr.o)
 .ARM.attributes
                0x000000000000078e       0x34 C:/ST/STM32CubeIDE_1.14.0/STM32CubeIDE/plugins/com.st.stm32cube.ide.mcu.externaltools.gnu-tools-for-stm32.11.3.rel1.win32_1.1.100.202309141235/tools/bin/../lib/gcc/arm-none-eabi/11.3.1/../../../../arm-none-eabi/lib/thumb/v7e-m+fp/hard\libc_nano.a(libc_a-memcpy-stub.o)
 .ARM.attributes
                0x00000000000007c2       0x34 C:/ST/STM32CubeIDE_1.14.0/STM32CubeIDE/plugins/com.st.stm32cube.ide.mcu.externaltools.gnu-tools-for-stm32.11.3.rel1.win32_1.1.100.202309141235/tools/bin/../lib/gcc/arm-none-eabi/11.3.1/../../../../arm-none-eabi/lib/thumb/v7e-m+fp/hard\libc_nano.a(libc_a-reallocr.o)
 .ARM.attributes
                0x00000000000007f6       0x34 C:/ST/STM32CubeIDE_1.14.0/STM32CubeIDE/plugins/com.st.stm32cube.ide.mcu.externaltools.gnu-tools-for-stm32.11.3.rel1.win32_1.1.100.202309141235/tools/bin/../lib/gcc/arm-none-eabi/11.3.1/../../../../arm-none-eabi/lib/thumb/v7e-m+fp/hard\libc_nano.a(libc_a-msizer.o)
 .ARM.attributes
                0x000000000000082a       0x1e C:/ST/STM32CubeIDE_1.14.0/STM32CubeIDE/plugins/com.st.stm32cube.ide.mcu.externaltools.gnu-tools-for-stm32.11.3.rel1.win32_1.1.100.202309141235/tools/bin/../lib/gcc/arm-none-eabi/11.3.1/thumb/v7e-m+fp/hard\libgcc.a(_aeabi_uldivmod.o)
 .ARM.attributes
                0x0000000000000848       0x34 C:/ST/STM32CubeIDE_1.14.0/STM32CubeIDE/plugins/com.st.stm32cube.ide.mcu.externaltools.gnu-tools-for-stm32.11.3.rel1.win32_1.1.100.202309141235/tools/bin/../lib/gcc/arm-none-eabi/11.3.1/thumb/v7e-m+fp/hard\libgcc.a(_udivmoddi4.o)
 .ARM.attributes
                0x000000000000087c       0x1e C:/ST/STM32CubeIDE_1.14.0/STM32CubeIDE/plugins/com.st.stm32cube.ide.mcu.externaltools.gnu-tools-for-stm32.11.3.rel1.win32_1.1.100.202309141235/tools/bin/../lib/gcc/arm-none-eabi/11.3.1/thumb/v7e-m+fp/hard\libgcc.a(_dvmd_tls.o)
 .ARM.attributes
                0x000000000000089a       0x1e C:/ST/STM32CubeIDE_1.14.0/STM32CubeIDE/plugins/com.st.stm32cube.ide.mcu.externaltools.gnu-tools-for-stm32.11.3.rel1.win32_1.1.100.202309141235/tools/bin/../lib/gcc/arm-none-eabi/11.3.1/thumb/v7e-m+fp/hard/crtn.o
OUTPUT(ostatni.elf elf32-littlearm)
LOAD linker stubs
LOAD C:/ST/STM32CubeIDE_1.14.0/STM32CubeIDE/plugins/com.st.stm32cube.ide.mcu.externaltools.gnu-tools-for-stm32.11.3.rel1.win32_1.1.100.202309141235/tools/bin/../lib/gcc/arm-none-eabi/11.3.1/../../../../arm-none-eabi/lib/thumb/v7e-m+fp/hard\libc.a
LOAD C:/ST/STM32CubeIDE_1.14.0/STM32CubeIDE/plugins/com.st.stm32cube.ide.mcu.externaltools.gnu-tools-for-stm32.11.3.rel1.win32_1.1.100.202309141235/tools/bin/../lib/gcc/arm-none-eabi/11.3.1/../../../../arm-none-eabi/lib/thumb/v7e-m+fp/hard\libm.a
LOAD C:/ST/STM32CubeIDE_1.14.0/STM32CubeIDE/plugins/com.st.stm32cube.ide.mcu.externaltools.gnu-tools-for-stm32.11.3.rel1.win32_1.1.100.202309141235/tools/bin/../lib/gcc/arm-none-eabi/11.3.1/thumb/v7e-m+fp/hard\libgcc.a

.comment        0x0000000000000000       0x43
 .comment       0x0000000000000000       0x43 C:/ST/STM32CubeIDE_1.14.0/STM32CubeIDE/plugins/com.st.stm32cube.ide.mcu.externaltools.gnu-tools-for-stm32.11.3.rel1.win32_1.1.100.202309141235/tools/bin/../lib/gcc/arm-none-eabi/11.3.1/thumb/v7e-m+fp/hard/crtbegin.o
                                         0x44 (size before relaxing)
 .comment       0x0000000000000043       0x44 ./Core/Src/fsmc.o
 .comment       0x0000000000000043       0x44 ./Core/Src/gpio.o
 .comment       0x0000000000000043       0x44 ./Core/Src/gui.o
 .comment       0x0000000000000043       0x44 ./Core/Src/lcd.o
 .comment       0x0000000000000043       0x44 ./Core/Src/main.o
 .comment       0x0000000000000043       0x44 ./Core/Src/stm32f4xx_hal_msp.o
 .comment       0x0000000000000043       0x44 ./Core/Src/stm32f4xx_it.o
 .comment       0x0000000000000043       0x44 ./Core/Src/sysmem.o
 .comment       0x0000000000000043       0x44 ./Core/Src/system_stm32f4xx.o
 .comment       0x0000000000000043       0x44 ./Core/Src/test.o
 .comment       0x0000000000000043       0x44 ./Core/Src/tim.o
 .comment       0x0000000000000043       0x44 ./Drivers/STM32F4xx_HAL_Driver/Src/stm32f4xx_hal.o
 .comment       0x0000000000000043       0x44 ./Drivers/STM32F4xx_HAL_Driver/Src/stm32f4xx_hal_cortex.o
 .comment       0x0000000000000043       0x44 ./Drivers/STM32F4xx_HAL_Driver/Src/stm32f4xx_hal_gpio.o
 .comment       0x0000000000000043       0x44 ./Drivers/STM32F4xx_HAL_Driver/Src/stm32f4xx_hal_rcc.o
 .comment       0x0000000000000043       0x44 ./Drivers/STM32F4xx_HAL_Driver/Src/stm32f4xx_hal_sram.o
 .comment       0x0000000000000043       0x44 ./Drivers/STM32F4xx_HAL_Driver/Src/stm32f4xx_hal_tim.o
 .comment       0x0000000000000043       0x44 ./Drivers/STM32F4xx_HAL_Driver/Src/stm32f4xx_hal_tim_ex.o
 .comment       0x0000000000000043       0x44 ./Drivers/STM32F4xx_HAL_Driver/Src/stm32f4xx_ll_fsmc.o

.debug_info     0x0000000000000000     0xb899
 .debug_info    0x0000000000000000      0x99a ./Core/Src/fsmc.o
 .debug_info    0x000000000000099a      0x425 ./Core/Src/gpio.o
 .debug_info    0x0000000000000dbf      0xdc6 ./Core/Src/gui.o
 .debug_info    0x0000000000001b85      0x552 ./Core/Src/lcd.o
 .debug_info    0x00000000000020d7      0x619 ./Core/Src/main.o
 .debug_info    0x00000000000026f0      0x269 ./Core/Src/stm32f4xx_hal_msp.o
 .debug_info    0x0000000000002959      0x112 ./Core/Src/stm32f4xx_it.o
 .debug_info    0x0000000000002a6b      0x168 ./Core/Src/sysmem.o
 .debug_info    0x0000000000002bd3      0x512 ./Core/Src/system_stm32f4xx.o
 .debug_info    0x00000000000030e5      0x544 ./Core/Src/test.o
 .debug_info    0x0000000000003629      0x98a ./Core/Src/tim.o
 .debug_info    0x0000000000003fb3       0x23 ./Core/Startup/startup_stm32f407vetx.o
 .debug_info    0x0000000000003fd6      0x948 ./Drivers/STM32F4xx_HAL_Driver/Src/stm32f4xx_hal.o
 .debug_info    0x000000000000491e      0xd46 ./Drivers/STM32F4xx_HAL_Driver/Src/stm32f4xx_hal_cortex.o
 .debug_info    0x0000000000005664      0x6c3 ./Drivers/STM32F4xx_HAL_Driver/Src/stm32f4xx_hal_gpio.o
 .debug_info    0x0000000000005d27      0x8b1 ./Drivers/STM32F4xx_HAL_Driver/Src/stm32f4xx_hal_rcc.o
 .debug_info    0x00000000000065d8      0xb3e ./Drivers/STM32F4xx_HAL_Driver/Src/stm32f4xx_hal_sram.o
 .debug_info    0x0000000000007116     0x2949 ./Drivers/STM32F4xx_HAL_Driver/Src/stm32f4xx_hal_tim.o
 .debug_info    0x0000000000009a5f     0x14ae ./Drivers/STM32F4xx_HAL_Driver/Src/stm32f4xx_hal_tim_ex.o
 .debug_info    0x000000000000af0d      0x98c ./Drivers/STM32F4xx_HAL_Driver/Src/stm32f4xx_ll_fsmc.o

.debug_abbrev   0x0000000000000000     0x2381
 .debug_abbrev  0x0000000000000000      0x215 ./Core/Src/fsmc.o
 .debug_abbrev  0x0000000000000215      0x152 ./Core/Src/gpio.o
 .debug_abbrev  0x0000000000000367      0x266 ./Core/Src/gui.o
 .debug_abbrev  0x00000000000005cd      0x278 ./Core/Src/lcd.o
 .debug_abbrev  0x0000000000000845      0x1ef ./Core/Src/main.o
 .debug_abbrev  0x0000000000000a34       0xd8 ./Core/Src/stm32f4xx_hal_msp.o
 .debug_abbrev  0x0000000000000b0c       0x73 ./Core/Src/stm32f4xx_it.o
 .debug_abbrev  0x0000000000000b7f       0xbc ./Core/Src/sysmem.o
 .debug_abbrev  0x0000000000000c3b      0x11a ./Core/Src/system_stm32f4xx.o
 .debug_abbrev  0x0000000000000d55      0x1bc ./Core/Src/test.o
 .debug_abbrev  0x0000000000000f11      0x1fd ./Core/Src/tim.o
 .debug_abbrev  0x000000000000110e       0x12 ./Core/Startup/startup_stm32f407vetx.o
 .debug_abbrev  0x0000000000001120      0x213 ./Drivers/STM32F4xx_HAL_Driver/Src/stm32f4xx_hal.o
 .debug_abbrev  0x0000000000001333      0x327 ./Drivers/STM32F4xx_HAL_Driver/Src/stm32f4xx_hal_cortex.o
 .debug_abbrev  0x000000000000165a      0x1d4 ./Drivers/STM32F4xx_HAL_Driver/Src/stm32f4xx_hal_gpio.o
 .debug_abbrev  0x000000000000182e      0x2b6 ./Drivers/STM32F4xx_HAL_Driver/Src/stm32f4xx_hal_rcc.o
 .debug_abbrev  0x0000000000001ae4      0x208 ./Drivers/STM32F4xx_HAL_Driver/Src/stm32f4xx_hal_sram.o
 .debug_abbrev  0x0000000000001cec      0x271 ./Drivers/STM32F4xx_HAL_Driver/Src/stm32f4xx_hal_tim.o
 .debug_abbrev  0x0000000000001f5d      0x27c ./Drivers/STM32F4xx_HAL_Driver/Src/stm32f4xx_hal_tim_ex.o
 .debug_abbrev  0x00000000000021d9      0x1a8 ./Drivers/STM32F4xx_HAL_Driver/Src/stm32f4xx_ll_fsmc.o

.debug_aranges  0x0000000000000000      0xcf8
 .debug_aranges
                0x0000000000000000       0x40 ./Core/Src/fsmc.o
 .debug_aranges
                0x0000000000000040       0x20 ./Core/Src/gpio.o
 .debug_aranges
                0x0000000000000060       0xb8 ./Core/Src/gui.o
 .debug_aranges
                0x0000000000000118       0xb0 ./Core/Src/lcd.o
 .debug_aranges
                0x00000000000001c8       0x30 ./Core/Src/main.o
 .debug_aranges
                0x00000000000001f8       0x20 ./Core/Src/stm32f4xx_hal_msp.o
 .debug_aranges
                0x0000000000000218       0x60 ./Core/Src/stm32f4xx_it.o
 .debug_aranges
                0x0000000000000278       0x20 ./Core/Src/sysmem.o
 .debug_aranges
                0x0000000000000298       0x28 ./Core/Src/system_stm32f4xx.o
 .debug_aranges
                0x00000000000002c0       0x70 ./Core/Src/test.o
 .debug_aranges
                0x0000000000000330       0x38 ./Core/Src/tim.o
 .debug_aranges
                0x0000000000000368       0x28 ./Core/Startup/startup_stm32f407vetx.o
 .debug_aranges
                0x0000000000000390       0xf0 ./Drivers/STM32F4xx_HAL_Driver/Src/stm32f4xx_hal.o
 .debug_aranges
                0x0000000000000480      0x118 ./Drivers/STM32F4xx_HAL_Driver/Src/stm32f4xx_hal_cortex.o
 .debug_aranges
                0x0000000000000598       0x58 ./Drivers/STM32F4xx_HAL_Driver/Src/stm32f4xx_hal_gpio.o
 .debug_aranges
                0x00000000000005f0       0x88 ./Drivers/STM32F4xx_HAL_Driver/Src/stm32f4xx_hal_rcc.o
 .debug_aranges
                0x0000000000000678       0xa0 ./Drivers/STM32F4xx_HAL_Driver/Src/stm32f4xx_hal_sram.o
 .debug_aranges
                0x0000000000000718      0x3d0 ./Drivers/STM32F4xx_HAL_Driver/Src/stm32f4xx_hal_tim.o
 .debug_aranges
                0x0000000000000ae8      0x168 ./Drivers/STM32F4xx_HAL_Driver/Src/stm32f4xx_hal_tim_ex.o
 .debug_aranges
                0x0000000000000c50       0xa8 ./Drivers/STM32F4xx_HAL_Driver/Src/stm32f4xx_ll_fsmc.o

.debug_rnglists
                0x0000000000000000      0x9e3
 .debug_rnglists
                0x0000000000000000       0x2d ./Core/Src/fsmc.o
 .debug_rnglists
                0x000000000000002d       0x14 ./Core/Src/gpio.o
 .debug_rnglists
                0x0000000000000041       0x92 ./Core/Src/gui.o
 .debug_rnglists
                0x00000000000000d3       0x82 ./Core/Src/lcd.o
 .debug_rnglists
                0x0000000000000155       0x20 ./Core/Src/main.o
 .debug_rnglists
                0x0000000000000175       0x13 ./Core/Src/stm32f4xx_hal_msp.o
 .debug_rnglists
                0x0000000000000188       0x43 ./Core/Src/stm32f4xx_it.o
 .debug_rnglists
                0x00000000000001cb       0x13 ./Core/Src/sysmem.o
 .debug_rnglists
                0x00000000000001de       0x1a ./Core/Src/system_stm32f4xx.o
 .debug_rnglists
                0x00000000000001f8       0x59 ./Core/Src/test.o
 .debug_rnglists
                0x0000000000000251       0x25 ./Core/Src/tim.o
 .debug_rnglists
                0x0000000000000276       0x19 ./Core/Startup/startup_stm32f407vetx.o
 .debug_rnglists
                0x000000000000028f       0xaf ./Drivers/STM32F4xx_HAL_Driver/Src/stm32f4xx_hal.o
 .debug_rnglists
                0x000000000000033e       0xce ./Drivers/STM32F4xx_HAL_Driver/Src/stm32f4xx_hal_cortex.o
 .debug_rnglists
                0x000000000000040c       0x3f ./Drivers/STM32F4xx_HAL_Driver/Src/stm32f4xx_hal_gpio.o
 .debug_rnglists
                0x000000000000044b       0x66 ./Drivers/STM32F4xx_HAL_Driver/Src/stm32f4xx_hal_rcc.o
 .debug_rnglists
                0x00000000000004b1       0x76 ./Drivers/STM32F4xx_HAL_Driver/Src/stm32f4xx_hal_sram.o
 .debug_rnglists
                0x0000000000000527      0x31a ./Drivers/STM32F4xx_HAL_Driver/Src/stm32f4xx_hal_tim.o
 .debug_rnglists
                0x0000000000000841      0x125 ./Drivers/STM32F4xx_HAL_Driver/Src/stm32f4xx_hal_tim_ex.o
 .debug_rnglists
                0x0000000000000966       0x7d ./Drivers/STM32F4xx_HAL_Driver/Src/stm32f4xx_ll_fsmc.o

.debug_macro    0x0000000000000000    0x22808
 .debug_macro   0x0000000000000000      0x1f8 ./Core/Src/fsmc.o
 .debug_macro   0x00000000000001f8      0xaa8 ./Core/Src/fsmc.o
 .debug_macro   0x0000000000000ca0      0x29b ./Core/Src/fsmc.o
 .debug_macro   0x0000000000000f3b       0x2e ./Core/Src/fsmc.o
 .debug_macro   0x0000000000000f69       0x2f ./Core/Src/fsmc.o
 .debug_macro   0x0000000000000f98       0x22 ./Core/Src/fsmc.o
 .debug_macro   0x0000000000000fba       0x8e ./Core/Src/fsmc.o
 .debug_macro   0x0000000000001048       0x51 ./Core/Src/fsmc.o
 .debug_macro   0x0000000000001099      0x103 ./Core/Src/fsmc.o
 .debug_macro   0x000000000000119c       0x6a ./Core/Src/fsmc.o
 .debug_macro   0x0000000000001206      0x1df ./Core/Src/fsmc.o
 .debug_macro   0x00000000000013e5       0x1c ./Core/Src/fsmc.o
 .debug_macro   0x0000000000001401       0x22 ./Core/Src/fsmc.o
 .debug_macro   0x0000000000001423       0xd9 ./Core/Src/fsmc.o
 .debug_macro   0x00000000000014fc     0x102d ./Core/Src/fsmc.o
 .debug_macro   0x0000000000002529      0x11f ./Core/Src/fsmc.o
 .debug_macro   0x0000000000002648    0x15e58 ./Core/Src/fsmc.o
 .debug_macro   0x00000000000184a0       0x6d ./Core/Src/fsmc.o
 .debug_macro   0x000000000001850d     0x3666 ./Core/Src/fsmc.o
 .debug_macro   0x000000000001bb73      0x174 ./Core/Src/fsmc.o
 .debug_macro   0x000000000001bce7       0x5c ./Core/Src/fsmc.o
 .debug_macro   0x000000000001bd43      0x96b ./Core/Src/fsmc.o
 .debug_macro   0x000000000001c6ae      0x9fe ./Core/Src/fsmc.o
 .debug_macro   0x000000000001d0ac      0x116 ./Core/Src/fsmc.o
 .debug_macro   0x000000000001d1c2      0x13e ./Core/Src/fsmc.o
 .debug_macro   0x000000000001d300       0xa5 ./Core/Src/fsmc.o
 .debug_macro   0x000000000001d3a5      0x174 ./Core/Src/fsmc.o
 .debug_macro   0x000000000001d519      0x287 ./Core/Src/fsmc.o
 .debug_macro   0x000000000001d7a0       0x5f ./Core/Src/fsmc.o
 .debug_macro   0x000000000001d7ff      0x236 ./Core/Src/fsmc.o
 .debug_macro   0x000000000001da35      0x12c ./Core/Src/fsmc.o
 .debug_macro   0x000000000001db61      0x21e ./Core/Src/fsmc.o
 .debug_macro   0x000000000001dd7f       0x2e ./Core/Src/fsmc.o
 .debug_macro   0x000000000001ddad      0x543 ./Core/Src/fsmc.o
 .debug_macro   0x000000000001e2f0      0x11a ./Core/Src/fsmc.o
 .debug_macro   0x000000000001e40a       0x7e ./Core/Src/fsmc.o
 .debug_macro   0x000000000001e488       0x89 ./Core/Src/fsmc.o
 .debug_macro   0x000000000001e511      0x8d1 ./Core/Src/fsmc.o
 .debug_macro   0x000000000001ede2       0x47 ./Core/Src/fsmc.o
 .debug_macro   0x000000000001ee29      0x12d ./Core/Src/fsmc.o
 .debug_macro   0x000000000001ef56       0x4c ./Core/Src/fsmc.o
 .debug_macro   0x000000000001efa2      0x1f8 ./Core/Src/gpio.o
 .debug_macro   0x000000000001f19a      0x311 ./Core/Src/gui.o
 .debug_macro   0x000000000001f4ab       0x2a ./Core/Src/gui.o
 .debug_macro   0x000000000001f4d5       0x5b ./Core/Src/gui.o
 .debug_macro   0x000000000001f530       0x94 ./Core/Src/gui.o
 .debug_macro   0x000000000001f5c4       0x43 ./Core/Src/gui.o
 .debug_macro   0x000000000001f607       0x34 ./Core/Src/gui.o
 .debug_macro   0x000000000001f63b       0x16 ./Core/Src/gui.o
 .debug_macro   0x000000000001f651      0x10e ./Core/Src/gui.o
 .debug_macro   0x000000000001f75f       0x8d ./Core/Src/gui.o
 .debug_macro   0x000000000001f7ec       0x16 ./Core/Src/gui.o
 .debug_macro   0x000000000001f802       0x43 ./Core/Src/gui.o
 .debug_macro   0x000000000001f845       0x57 ./Core/Src/gui.o
 .debug_macro   0x000000000001f89c       0x34 ./Core/Src/gui.o
 .debug_macro   0x000000000001f8d0       0x10 ./Core/Src/gui.o
 .debug_macro   0x000000000001f8e0       0x58 ./Core/Src/gui.o
 .debug_macro   0x000000000001f938       0x8e ./Core/Src/gui.o
 .debug_macro   0x000000000001f9c6       0x1c ./Core/Src/gui.o
 .debug_macro   0x000000000001f9e2      0x177 ./Core/Src/gui.o
 .debug_macro   0x000000000001fb59      0x369 ./Core/Src/gui.o
 .debug_macro   0x000000000001fec2       0x16 ./Core/Src/gui.o
 .debug_macro   0x000000000001fed8       0x29 ./Core/Src/gui.o
 .debug_macro   0x000000000001ff01       0xa6 ./Core/Src/gui.o
 .debug_macro   0x000000000001ffa7       0x16 ./Core/Src/gui.o
 .debug_macro   0x000000000001ffbd       0x35 ./Core/Src/gui.o
 .debug_macro   0x000000000001fff2       0x20 ./Core/Src/gui.o
 .debug_macro   0x0000000000020012       0x56 ./Core/Src/gui.o
 .debug_macro   0x0000000000020068      0x301 ./Core/Src/lcd.o
 .debug_macro   0x0000000000020369       0x1c ./Core/Src/lcd.o
 .debug_macro   0x0000000000020385       0x10 ./Core/Src/lcd.o
 .debug_macro   0x0000000000020395       0x1c ./Core/Src/lcd.o
 .debug_macro   0x00000000000203b1       0x16 ./Core/Src/lcd.o
 .debug_macro   0x00000000000203c7      0x147 ./Core/Src/lcd.o
 .debug_macro   0x000000000002050e      0x333 ./Core/Src/main.o
 .debug_macro   0x0000000000020841       0x61 ./Core/Src/main.o
 .debug_macro   0x00000000000208a2      0x1ee ./Core/Src/stm32f4xx_hal_msp.o
 .debug_macro   0x0000000000020a90      0x1f8 ./Core/Src/stm32f4xx_it.o
 .debug_macro   0x0000000000020c88       0xff ./Core/Src/sysmem.o
 .debug_macro   0x0000000000020d87      0x23c ./Core/Src/sysmem.o
 .debug_macro   0x0000000000020fc3      0x1df ./Core/Src/system_stm32f4xx.o
 .debug_macro   0x00000000000211a2      0x32b ./Core/Src/test.o
 .debug_macro   0x00000000000214cd       0x16 ./Core/Src/test.o
 .debug_macro   0x00000000000214e3       0x97 ./Core/Src/test.o
 .debug_macro   0x000000000002157a       0xfd ./Core/Src/test.o
 .debug_macro   0x0000000000021677       0x16 ./Core/Src/test.o
 .debug_macro   0x000000000002168d      0x1f8 ./Core/Src/tim.o
 .debug_macro   0x0000000000021885      0x23f ./Drivers/STM32F4xx_HAL_Driver/Src/stm32f4xx_hal.o
 .debug_macro   0x0000000000021ac4      0x1df ./Drivers/STM32F4xx_HAL_Driver/Src/stm32f4xx_hal_cortex.o
 .debug_macro   0x0000000000021ca3      0x1e5 ./Drivers/STM32F4xx_HAL_Driver/Src/stm32f4xx_hal_gpio.o
 .debug_macro   0x0000000000021e88      0x203 ./Drivers/STM32F4xx_HAL_Driver/Src/stm32f4xx_hal_rcc.o
 .debug_macro   0x000000000002208b      0x1df ./Drivers/STM32F4xx_HAL_Driver/Src/stm32f4xx_hal_sram.o
 .debug_macro   0x000000000002226a      0x1e0 ./Drivers/STM32F4xx_HAL_Driver/Src/stm32f4xx_hal_tim.o
 .debug_macro   0x000000000002244a      0x1df ./Drivers/STM32F4xx_HAL_Driver/Src/stm32f4xx_hal_tim_ex.o
 .debug_macro   0x0000000000022629      0x1df ./Drivers/STM32F4xx_HAL_Driver/Src/stm32f4xx_ll_fsmc.o

.debug_line     0x0000000000000000    0x10877
 .debug_line    0x0000000000000000      0x866 ./Core/Src/fsmc.o
 .debug_line    0x0000000000000866      0x798 ./Core/Src/gpio.o
 .debug_line    0x0000000000000ffe     0x120c ./Core/Src/gui.o
 .debug_line    0x000000000000220a      0xea7 ./Core/Src/lcd.o
 .debug_line    0x00000000000030b1      0x9ca ./Core/Src/main.o
 .debug_line    0x0000000000003a7b      0x766 ./Core/Src/stm32f4xx_hal_msp.o
 .debug_line    0x00000000000041e1      0x828 ./Core/Src/stm32f4xx_it.o
 .debug_line    0x0000000000004a09      0x583 ./Core/Src/sysmem.o
 .debug_line    0x0000000000004f8c      0x7e7 ./Core/Src/system_stm32f4xx.o
 .debug_line    0x0000000000005773      0xe4d ./Core/Src/test.o
 .debug_line    0x00000000000065c0      0x7eb ./Core/Src/tim.o
 .debug_line    0x0000000000006dab       0x7a ./Core/Startup/startup_stm32f407vetx.o
 .debug_line    0x0000000000006e25      0xa4d ./Drivers/STM32F4xx_HAL_Driver/Src/stm32f4xx_hal.o
 .debug_line    0x0000000000007872      0xcfc ./Drivers/STM32F4xx_HAL_Driver/Src/stm32f4xx_hal_cortex.o
 .debug_line    0x000000000000856e      0xbc3 ./Drivers/STM32F4xx_HAL_Driver/Src/stm32f4xx_hal_gpio.o
 .debug_line    0x0000000000009131      0xdc6 ./Drivers/STM32F4xx_HAL_Driver/Src/stm32f4xx_hal_rcc.o
 .debug_line    0x0000000000009ef7      0xbef ./Drivers/STM32F4xx_HAL_Driver/Src/stm32f4xx_hal_sram.o
 .debug_line    0x000000000000aae6     0x3745 ./Drivers/STM32F4xx_HAL_Driver/Src/stm32f4xx_hal_tim.o
 .debug_line    0x000000000000e22b     0x1a4a ./Drivers/STM32F4xx_HAL_Driver/Src/stm32f4xx_hal_tim_ex.o
 .debug_line    0x000000000000fc75      0xc02 ./Drivers/STM32F4xx_HAL_Driver/Src/stm32f4xx_ll_fsmc.o

.debug_str      0x0000000000000000    0xcbcc5
 .debug_str     0x0000000000000000    0xc4a24 ./Core/Src/fsmc.o
                                      0xc4d7c (size before relaxing)
 .debug_str     0x00000000000c4a24       0x68 ./Core/Src/gpio.o
                                      0xc482a (size before relaxing)
 .debug_str     0x00000000000c4a8c     0x3684 ./Core/Src/gui.o
                                      0xc7d09 (size before relaxing)
 .debug_str     0x00000000000c8110      0x7b0 ./Core/Src/lcd.o
                                      0xc8226 (size before relaxing)
 .debug_str     0x00000000000c88c0      0x215 ./Core/Src/main.o
                                      0xc8442 (size before relaxing)
 .debug_str     0x00000000000c8ad5       0x2c ./Core/Src/stm32f4xx_hal_msp.o
                                      0xc475f (size before relaxing)
 .debug_str     0x00000000000c8b01       0xc9 ./Core/Src/stm32f4xx_it.o
                                      0xc46e5 (size before relaxing)
 .debug_str     0x00000000000c8bca      0x4dc ./Core/Src/sysmem.o
                                       0x606f (size before relaxing)
 .debug_str     0x00000000000c90a6       0xdb ./Core/Src/system_stm32f4xx.o
                                      0xc4704 (size before relaxing)
 .debug_str     0x00000000000c9181       0x61 ./Core/Src/test.o
                                      0xc822c (size before relaxing)
 .debug_str     0x00000000000c91e2      0x365 ./Core/Src/tim.o
                                      0xc4dd0 (size before relaxing)
 .debug_str     0x00000000000c9547       0x34 ./Core/Startup/startup_stm32f407vetx.o
                                         0x81 (size before relaxing)
 .debug_str     0x00000000000c957b      0xafd ./Drivers/STM32F4xx_HAL_Driver/Src/stm32f4xx_hal.o
                                      0xc5288 (size before relaxing)
 .debug_str     0x00000000000ca078      0x354 ./Drivers/STM32F4xx_HAL_Driver/Src/stm32f4xx_hal_cortex.o
                                      0xc4fbb (size before relaxing)
 .debug_str     0x00000000000ca3cc      0x11c ./Drivers/STM32F4xx_HAL_Driver/Src/stm32f4xx_hal_gpio.o
                                      0xc487f (size before relaxing)
 .debug_str     0x00000000000ca4e8      0x233 ./Drivers/STM32F4xx_HAL_Driver/Src/stm32f4xx_hal_rcc.o
                                      0xc4b38 (size before relaxing)
 .debug_str     0x00000000000ca71b      0x1b7 ./Drivers/STM32F4xx_HAL_Driver/Src/stm32f4xx_hal_sram.o
                                      0xc4cab (size before relaxing)
 .debug_str     0x00000000000ca8d2      0xe53 ./Drivers/STM32F4xx_HAL_Driver/Src/stm32f4xx_hal_tim.o
                                      0xc5a7e (size before relaxing)
 .debug_str     0x00000000000cb725      0x493 ./Drivers/STM32F4xx_HAL_Driver/Src/stm32f4xx_hal_tim_ex.o
                                      0xc529a (size before relaxing)
 .debug_str     0x00000000000cbbb8      0x10d ./Drivers/STM32F4xx_HAL_Driver/Src/stm32f4xx_ll_fsmc.o
                                      0xc4ab3 (size before relaxing)

.debug_frame    0x0000000000000000     0x3a18
 .debug_frame   0x0000000000000000       0xbc ./Core/Src/fsmc.o
 .debug_frame   0x00000000000000bc       0x34 ./Core/Src/gpio.o
 .debug_frame   0x00000000000000f0      0x330 ./Core/Src/gui.o
 .debug_frame   0x0000000000000420      0x2bc ./Core/Src/lcd.o
 .debug_frame   0x00000000000006dc       0x68 ./Core/Src/main.o
 .debug_frame   0x0000000000000744       0x38 ./Core/Src/stm32f4xx_hal_msp.o
 .debug_frame   0x000000000000077c      0x104 ./Core/Src/stm32f4xx_it.o
 .debug_frame   0x0000000000000880       0x34 ./Core/Src/sysmem.o
 .debug_frame   0x00000000000008b4       0x58 ./Core/Src/system_stm32f4xx.o
 .debug_frame   0x000000000000090c      0x1bc ./Core/Src/test.o
 .debug_frame   0x0000000000000ac8       0xa8 ./Core/Src/tim.o
 .debug_frame   0x0000000000000b70      0x374 ./Drivers/STM32F4xx_HAL_Driver/Src/stm32f4xx_hal.o
 .debug_frame   0x0000000000000ee4      0x498 ./Drivers/STM32F4xx_HAL_Driver/Src/stm32f4xx_hal_cortex.o
 .debug_frame   0x000000000000137c      0x14c ./Drivers/STM32F4xx_HAL_Driver/Src/stm32f4xx_hal_gpio.o
 .debug_frame   0x00000000000014c8      0x1f4 ./Drivers/STM32F4xx_HAL_Driver/Src/stm32f4xx_hal_rcc.o
 .debug_frame   0x00000000000016bc      0x2a0 ./Drivers/STM32F4xx_HAL_Driver/Src/stm32f4xx_hal_sram.o
 .debug_frame   0x000000000000195c     0x11c4 ./Drivers/STM32F4xx_HAL_Driver/Src/stm32f4xx_hal_tim.o
 .debug_frame   0x0000000000002b20      0x638 ./Drivers/STM32F4xx_HAL_Driver/Src/stm32f4xx_hal_tim_ex.o
 .debug_frame   0x0000000000003158      0x2dc ./Drivers/STM32F4xx_HAL_Driver/Src/stm32f4xx_ll_fsmc.o
 .debug_frame   0x0000000000003434      0x144 C:/ST/STM32CubeIDE_1.14.0/STM32CubeIDE/plugins/com.st.stm32cube.ide.mcu.externaltools.gnu-tools-for-stm32.11.3.rel1.win32_1.1.100.202309141235/tools/bin/../lib/gcc/arm-none-eabi/11.3.1/../../../../arm-none-eabi/lib/thumb/v7e-m+fp/hard\libc_nano.a(libc_a-findfp.o)
 .debug_frame   0x0000000000003578       0x6c C:/ST/STM32CubeIDE_1.14.0/STM32CubeIDE/plugins/com.st.stm32cube.ide.mcu.externaltools.gnu-tools-for-stm32.11.3.rel1.win32_1.1.100.202309141235/tools/bin/../lib/gcc/arm-none-eabi/11.3.1/../../../../arm-none-eabi/lib/thumb/v7e-m+fp/hard\libc_nano.a(libc_a-sprintf.o)
 .debug_frame   0x00000000000035e4       0x20 C:/ST/STM32CubeIDE_1.14.0/STM32CubeIDE/plugins/com.st.stm32cube.ide.mcu.externaltools.gnu-tools-for-stm32.11.3.rel1.win32_1.1.100.202309141235/tools/bin/../lib/gcc/arm-none-eabi/11.3.1/../../../../arm-none-eabi/lib/thumb/v7e-m+fp/hard\libc_nano.a(libc_a-memset.o)
 .debug_frame   0x0000000000003604       0x38 C:/ST/STM32CubeIDE_1.14.0/STM32CubeIDE/plugins/com.st.stm32cube.ide.mcu.externaltools.gnu-tools-for-stm32.11.3.rel1.win32_1.1.100.202309141235/tools/bin/../lib/gcc/arm-none-eabi/11.3.1/../../../../arm-none-eabi/lib/thumb/v7e-m+fp/hard\libc_nano.a(libc_a-reent.o)
 .debug_frame   0x000000000000363c       0x20 C:/ST/STM32CubeIDE_1.14.0/STM32CubeIDE/plugins/com.st.stm32cube.ide.mcu.externaltools.gnu-tools-for-stm32.11.3.rel1.win32_1.1.100.202309141235/tools/bin/../lib/gcc/arm-none-eabi/11.3.1/../../../../arm-none-eabi/lib/thumb/v7e-m+fp/hard\libc_nano.a(libc_a-errno.o)
 .debug_frame   0x000000000000365c       0x2c C:/ST/STM32CubeIDE_1.14.0/STM32CubeIDE/plugins/com.st.stm32cube.ide.mcu.externaltools.gnu-tools-for-stm32.11.3.rel1.win32_1.1.100.202309141235/tools/bin/../lib/gcc/arm-none-eabi/11.3.1/../../../../arm-none-eabi/lib/thumb/v7e-m+fp/hard\libc_nano.a(libc_a-init.o)
 .debug_frame   0x0000000000003688       0xb0 C:/ST/STM32CubeIDE_1.14.0/STM32CubeIDE/plugins/com.st.stm32cube.ide.mcu.externaltools.gnu-tools-for-stm32.11.3.rel1.win32_1.1.100.202309141235/tools/bin/../lib/gcc/arm-none-eabi/11.3.1/../../../../arm-none-eabi/lib/thumb/v7e-m+fp/hard\libc_nano.a(libc_a-lock.o)
 .debug_frame   0x0000000000003738       0x38 C:/ST/STM32CubeIDE_1.14.0/STM32CubeIDE/plugins/com.st.stm32cube.ide.mcu.externaltools.gnu-tools-for-stm32.11.3.rel1.win32_1.1.100.202309141235/tools/bin/../lib/gcc/arm-none-eabi/11.3.1/../../../../arm-none-eabi/lib/thumb/v7e-m+fp/hard\libc_nano.a(libc_a-freer.o)
 .debug_frame   0x0000000000003770       0x50 C:/ST/STM32CubeIDE_1.14.0/STM32CubeIDE/plugins/com.st.stm32cube.ide.mcu.externaltools.gnu-tools-for-stm32.11.3.rel1.win32_1.1.100.202309141235/tools/bin/../lib/gcc/arm-none-eabi/11.3.1/../../../../arm-none-eabi/lib/thumb/v7e-m+fp/hard\libc_nano.a(libc_a-mallocr.o)
 .debug_frame   0x00000000000037c0       0x30 C:/ST/STM32CubeIDE_1.14.0/STM32CubeIDE/plugins/com.st.stm32cube.ide.mcu.externaltools.gnu-tools-for-stm32.11.3.rel1.win32_1.1.100.202309141235/tools/bin/../lib/gcc/arm-none-eabi/11.3.1/../../../../arm-none-eabi/lib/thumb/v7e-m+fp/hard\libc_nano.a(libc_a-mlock.o)
 .debug_frame   0x00000000000037f0       0x90 C:/ST/STM32CubeIDE_1.14.0/STM32CubeIDE/plugins/com.st.stm32cube.ide.mcu.externaltools.gnu-tools-for-stm32.11.3.rel1.win32_1.1.100.202309141235/tools/bin/../lib/gcc/arm-none-eabi/11.3.1/../../../../arm-none-eabi/lib/thumb/v7e-m+fp/hard\libc_nano.a(libc_a-nano-svfprintf.o)
 .debug_frame   0x0000000000003880       0x60 C:/ST/STM32CubeIDE_1.14.0/STM32CubeIDE/plugins/com.st.stm32cube.ide.mcu.externaltools.gnu-tools-for-stm32.11.3.rel1.win32_1.1.100.202309141235/tools/bin/../lib/gcc/arm-none-eabi/11.3.1/../../../../arm-none-eabi/lib/thumb/v7e-m+fp/hard\libc_nano.a(libc_a-nano-vfprintf_i.o)
 .debug_frame   0x00000000000038e0       0x28 C:/ST/STM32CubeIDE_1.14.0/STM32CubeIDE/plugins/com.st.stm32cube.ide.mcu.externaltools.gnu-tools-for-stm32.11.3.rel1.win32_1.1.100.202309141235/tools/bin/../lib/gcc/arm-none-eabi/11.3.1/../../../../arm-none-eabi/lib/thumb/v7e-m+fp/hard\libc_nano.a(libc_a-memmove.o)
 .debug_frame   0x0000000000003908       0x2c C:/ST/STM32CubeIDE_1.14.0/STM32CubeIDE/plugins/com.st.stm32cube.ide.mcu.externaltools.gnu-tools-for-stm32.11.3.rel1.win32_1.1.100.202309141235/tools/bin/../lib/gcc/arm-none-eabi/11.3.1/../../../../arm-none-eabi/lib/thumb/v7e-m+fp/hard\libc_nano.a(libc_a-sbrkr.o)
 .debug_frame   0x0000000000003934       0x28 C:/ST/STM32CubeIDE_1.14.0/STM32CubeIDE/plugins/com.st.stm32cube.ide.mcu.externaltools.gnu-tools-for-stm32.11.3.rel1.win32_1.1.100.202309141235/tools/bin/../lib/gcc/arm-none-eabi/11.3.1/../../../../arm-none-eabi/lib/thumb/v7e-m+fp/hard\libc_nano.a(libc_a-memcpy-stub.o)
 .debug_frame   0x000000000000395c       0x3c C:/ST/STM32CubeIDE_1.14.0/STM32CubeIDE/plugins/com.st.stm32cube.ide.mcu.externaltools.gnu-tools-for-stm32.11.3.rel1.win32_1.1.100.202309141235/tools/bin/../lib/gcc/arm-none-eabi/11.3.1/../../../../arm-none-eabi/lib/thumb/v7e-m+fp/hard\libc_nano.a(libc_a-reallocr.o)
 .debug_frame   0x0000000000003998       0x20 C:/ST/STM32CubeIDE_1.14.0/STM32CubeIDE/plugins/com.st.stm32cube.ide.mcu.externaltools.gnu-tools-for-stm32.11.3.rel1.win32_1.1.100.202309141235/tools/bin/../lib/gcc/arm-none-eabi/11.3.1/../../../../arm-none-eabi/lib/thumb/v7e-m+fp/hard\libc_nano.a(libc_a-msizer.o)
 .debug_frame   0x00000000000039b8       0x2c C:/ST/STM32CubeIDE_1.14.0/STM32CubeIDE/plugins/com.st.stm32cube.ide.mcu.externaltools.gnu-tools-for-stm32.11.3.rel1.win32_1.1.100.202309141235/tools/bin/../lib/gcc/arm-none-eabi/11.3.1/thumb/v7e-m+fp/hard\libgcc.a(_aeabi_uldivmod.o)
 .debug_frame   0x00000000000039e4       0x34 C:/ST/STM32CubeIDE_1.14.0/STM32CubeIDE/plugins/com.st.stm32cube.ide.mcu.externaltools.gnu-tools-for-stm32.11.3.rel1.win32_1.1.100.202309141235/tools/bin/../lib/gcc/arm-none-eabi/11.3.1/thumb/v7e-m+fp/hard\libgcc.a(_udivmoddi4.o)

.debug_line_str
                0x0000000000000000       0x75
 .debug_line_str
                0x0000000000000000       0x75 ./Core/Startup/startup_stm32f407vetx.o
                                         0x8d (size before relaxing)
