../Core/Src/main.c:72:5:main	16	static
../Core/Src/main.c:159:6:SystemClock_Config	88	static
../Core/Src/main.c:205:13:MX_CAN1_Init	8	static
../Core/Src/main.c:242:13:MX_GPIO_Init	48	static
../Core/Src/main.c:277:6:HAL_CAN_WakeUpFromRxMsgCallback	16	static
../Core/Src/main.c:284:6:HAL_CAN_RxFifo0MsgPendingCallback	16	static
../Core/Src/main.c:291:6:HAL_CAN_RxFifo1MsgPendingCallback	16	static
../Core/Src/main.c:297:6:HAL_CAN_RxFifo0FullCallback	16	static
../Core/Src/main.c:302:6:HAL_CAN_RxFifo1FullCallback	16	static
../Core/Src/main.c:313:6:Error_Handler	4	static
